11:05:28 **** Auto Build of configuration Debug for project yolo_conv_fp_ps ****
make pre-build main-build 
a9-linaro-pre-build-step
 
Building file: ../src/helloworld.cpp
Invoking: ARM v7 g++ compiler
arm-none-eabi-g++ -Wall -O0 -g3 -I/home/xavier/MSc_Project/hls/yolo_conv_hls_2019/yolo_conv_fp_prj_2019/yolo_conv_fp_prj_2019.sdk/include -c -fmessage-length=0 -MT"src/helloworld.o" -mcpu=cortex-a9 -mfpu=vfpv3 -mfloat-abi=hard -I../../yolo_conv_fp_ps_bsp/ps7_cortexa9_0/include -MMD -MP -MF"src/helloworld.d" -MT"src/helloworld.o" -o "src/helloworld.o" "../src/helloworld.cpp"
In file included from ../src/helloworld.cpp:52:
../../yolo_conv_fp_ps_bsp/ps7_cortexa9_0/include/xtime_l.h:87:70: note: #pragma message: For the sleep routines, Global timer is being used
 #pragma message ("For the sleep routines, Global timer is being used")
                                                                      ^
../src/helloworld.cpp: In function 'int main()':
../src/helloworld.cpp:116: note: -Wmisleading-indentation is disabled from this point onwards, since column-tracking was disabled due to the size of the code/headers
     Xil_DCacheFlushRange((u32)kernel_bias_fp_bits_pad,OUTPUT_CHANNEL*sizeof(short));
 
Finished building: ../src/helloworld.cpp
 
Building target: yolo_conv_fp_ps.elf
Invoking: ARM v7 g++ linker
arm-none-eabi-g++ -mcpu=cortex-a9 -mfpu=vfpv3 -mfloat-abi=hard -Wl,-build-id=none -specs=Xilinx.spec -Wl,-T -Wl,../src/lscript.ld -L../../yolo_conv_fp_ps_bsp/ps7_cortexa9_0/lib -o "yolo_conv_fp_ps.elf"  ./src/helloworld.o   -lm -Wl,--start-group,-lxil,-lgcc,-lc,-lstdc++,--end-group
Finished building target: yolo_conv_fp_ps.elf
 
Invoking: ARM v7 Print Size
arm-none-eabi-size yolo_conv_fp_ps.elf  |tee "yolo_conv_fp_ps.elf.size"
   text	   data	    bss	    dec	    hex	filename
  75580	6925896	5563016	12564492	 bfb80c	yolo_conv_fp_ps.elf
Finished building: yolo_conv_fp_ps.elf.size
 

11:05:40 Build Finished (took 11s.989ms)

