11:19:28 **** Auto Build of configuration Debug for project yolo_yolo_ps ****
make pre-build main-build 
a9-linaro-pre-build-step
 
Building file: ../src/helloworld.cpp
Invoking: ARM v7 g++ compiler
arm-none-eabi-g++ -Wall -O0 -g3 -I/home/xavier/MSc_Project/hls/yolo_conv_hls_2019/yolo_yolo_fp_prj_2019_64/yolo_yolo_fp_prj_2019_64.sdk/include -c -fmessage-length=0 -MT"src/helloworld.o" -mcpu=cortex-a9 -mfpu=vfpv3 -mfloat-abi=hard -I../../yolo_yolo_ps_bsp/ps7_cortexa9_0/include -MMD -MP -MF"src/helloworld.d" -MT"src/helloworld.o" -o "src/helloworld.o" "../src/helloworld.cpp"
In file included from ../src/helloworld.cpp:52:
../../yolo_yolo_ps_bsp/ps7_cortexa9_0/include/xtime_l.h:87:70: note: #pragma message: For the sleep routines, Global timer is being used
 #pragma message ("For the sleep routines, Global timer is being used")
                                                                      ^
Finished building: ../src/helloworld.cpp
 
Building target: yolo_yolo_ps.elf
Invoking: ARM v7 g++ linker
arm-none-eabi-g++ -mcpu=cortex-a9 -mfpu=vfpv3 -mfloat-abi=hard -Wl,-build-id=none -specs=Xilinx.spec -Wl,-T -Wl,../src/lscript.ld -L../../yolo_yolo_ps_bsp/ps7_cortexa9_0/lib -o "yolo_yolo_ps.elf"  ./src/helloworld.o   -lm -Wl,--start-group,-lxil,-lgcc,-lc,-lstdc++,--end-group
Finished building target: yolo_yolo_ps.elf
 
Invoking: ARM v7 Print Size
arm-none-eabi-size yolo_yolo_ps.elf  |tee "yolo_yolo_ps.elf.size"
   text	   data	    bss	    dec	    hex	filename
  76156	  24296	  36040	 136492	  2152c	yolo_yolo_ps.elf
Finished building: yolo_yolo_ps.elf.size
 

11:19:28 Build Finished (took 768ms)

