16:10:09 **** Build of project yolo_acc_ps_bsp ****
make -k all 
Running Make include in ps7_cortexa9_0/libsrc/ddrps_v1_0/src
make -C ps7_cortexa9_0/libsrc/ddrps_v1_0/src -s include  "SHELL=/bin/sh" "COMPILER=arm-none-eabi-gcc" "ARCHIVER=arm-none-eabi-ar" "COMPILER_FLAGS=  -O2 -c" "EXTRA_COMPILER_FLAGS=-mcpu=cortex-a9 -mfpu=vfpv3 -mfloat-abi=hard -nostartfiles -g -Wall -Wextra"
Running Make include in ps7_cortexa9_0/libsrc/yolo_acc_top_v1_0/src
make -C ps7_cortexa9_0/libsrc/yolo_acc_top_v1_0/src -s include  "SHELL=/bin/sh" "COMPILER=arm-none-eabi-gcc" "ARCHIVER=arm-none-eabi-ar" "COMPILER_FLAGS=  -O2 -c" "EXTRA_COMPILER_FLAGS=-mcpu=cortex-a9 -mfpu=vfpv3 -mfloat-abi=hard -nostartfiles -g -Wall -Wextra"
Running Make include in ps7_cortexa9_0/libsrc/dmaps_v2_4/src
make -C ps7_cortexa9_0/libsrc/dmaps_v2_4/src -s include  "SHELL=/bin/sh" "COMPILER=arm-none-eabi-gcc" "ARCHIVER=arm-none-eabi-ar" "COMPILER_FLAGS=  -O2 -c" "EXTRA_COMPILER_FLAGS=-mcpu=cortex-a9 -mfpu=vfpv3 -mfloat-abi=hard -nostartfiles -g -Wall -Wextra"
Running Make include in ps7_cortexa9_0/libsrc/cpu_cortexa9_v2_7/src
make -C ps7_cortexa9_0/libsrc/cpu_cortexa9_v2_7/src -s include  "SHELL=/bin/sh" "COMPILER=arm-none-eabi-gcc" "ARCHIVER=arm-none-eabi-ar" "COMPILER_FLAGS=  -O2 -c" "EXTRA_COMPILER_FLAGS=-mcpu=cortex-a9 -mfpu=vfpv3 -mfloat-abi=hard -nostartfiles -g -Wall -Wextra"
Running Make include in ps7_cortexa9_0/libsrc/scugic_v4_0/src
make -C ps7_cortexa9_0/libsrc/scugic_v4_0/src -s include  "SHELL=/bin/sh" "COMPILER=arm-none-eabi-gcc" "ARCHIVER=arm-none-eabi-ar" "COMPILER_FLAGS=  -O2 -c" "EXTRA_COMPILER_FLAGS=-mcpu=cortex-a9 -mfpu=vfpv3 -mfloat-abi=hard -nostartfiles -g -Wall -Wextra"
Running Make include in ps7_cortexa9_0/libsrc/emacps_v3_9/src
make -C ps7_cortexa9_0/libsrc/emacps_v3_9/src -s include  "SHELL=/bin/sh" "COMPILER=arm-none-eabi-gcc" "ARCHIVER=arm-none-eabi-ar" "COMPILER_FLAGS=  -O2 -c" "EXTRA_COMPILER_FLAGS=-mcpu=cortex-a9 -mfpu=vfpv3 -mfloat-abi=hard -nostartfiles -g -Wall -Wextra"
Running Make include in ps7_cortexa9_0/libsrc/ttcps_v3_9/src
make -C ps7_cortexa9_0/libsrc/ttcps_v3_9/src -s include  "SHELL=/bin/sh" "COMPILER=arm-none-eabi-gcc" "ARCHIVER=arm-none-eabi-ar" "COMPILER_FLAGS=  -O2 -c" "EXTRA_COMPILER_FLAGS=-mcpu=cortex-a9 -mfpu=vfpv3 -mfloat-abi=hard -nostartfiles -g -Wall -Wextra"
Running Make include in ps7_cortexa9_0/libsrc/axidma_v9_9/src
make -C ps7_cortexa9_0/libsrc/axidma_v9_9/src -s include  "SHELL=/bin/sh" "COMPILER=arm-none-eabi-gcc" "ARCHIVER=arm-none-eabi-ar" "COMPILER_FLAGS=  -O2 -c" "EXTRA_COMPILER_FLAGS=-mcpu=cortex-a9 -mfpu=vfpv3 -mfloat-abi=hard -nostartfiles -g -Wall -Wextra"
Running Make include in ps7_cortexa9_0/libsrc/gpiops_v3_5/src
make -C ps7_cortexa9_0/libsrc/gpiops_v3_5/src -s include  "SHELL=/bin/sh" "COMPILER=arm-none-eabi-gcc" "ARCHIVER=arm-none-eabi-ar" "COMPILER_FLAGS=  -O2 -c" "EXTRA_COMPILER_FLAGS=-mcpu=cortex-a9 -mfpu=vfpv3 -mfloat-abi=hard -nostartfiles -g -Wall -Wextra"
Running Make include in ps7_cortexa9_0/libsrc/standalone_v7_0/src
make -C ps7_cortexa9_0/libsrc/standalone_v7_0/src -s include  "SHELL=/bin/sh" "COMPILER=arm-none-eabi-gcc" "ARCHIVER=arm-none-eabi-ar" "COMPILER_FLAGS=  -O2 -c" "EXTRA_COMPILER_FLAGS=-mcpu=cortex-a9 -mfpu=vfpv3 -mfloat-abi=hard -nostartfiles -g -Wall -Wextra"
Running Make include in ps7_cortexa9_0/libsrc/qspips_v3_6/src
make -C ps7_cortexa9_0/libsrc/qspips_v3_6/src -s include  "SHELL=/bin/sh" "COMPILER=arm-none-eabi-gcc" "ARCHIVER=arm-none-eabi-ar" "COMPILER_FLAGS=  -O2 -c" "EXTRA_COMPILER_FLAGS=-mcpu=cortex-a9 -mfpu=vfpv3 -mfloat-abi=hard -nostartfiles -g -Wall -Wextra"
Running Make include in ps7_cortexa9_0/libsrc/xadcps_v2_3/src
make -C ps7_cortexa9_0/libsrc/xadcps_v2_3/src -s include  "SHELL=/bin/sh" "COMPILER=arm-none-eabi-gcc" "ARCHIVER=arm-none-eabi-ar" "COMPILER_FLAGS=  -O2 -c" "EXTRA_COMPILER_FLAGS=-mcpu=cortex-a9 -mfpu=vfpv3 -mfloat-abi=hard -nostartfiles -g -Wall -Wextra"
Running Make include in ps7_cortexa9_0/libsrc/sdps_v3_7/src
make -C ps7_cortexa9_0/libsrc/sdps_v3_7/src -s include  "SHELL=/bin/sh" "COMPILER=arm-none-eabi-gcc" "ARCHIVER=arm-none-eabi-ar" "COMPILER_FLAGS=  -O2 -c" "EXTRA_COMPILER_FLAGS=-mcpu=cortex-a9 -mfpu=vfpv3 -mfloat-abi=hard -nostartfiles -g -Wall -Wextra"
Running Make include in ps7_cortexa9_0/libsrc/devcfg_v3_5/src
make -C ps7_cortexa9_0/libsrc/devcfg_v3_5/src -s include  "SHELL=/bin/sh" "COMPILER=arm-none-eabi-gcc" "ARCHIVER=arm-none-eabi-ar" "COMPILER_FLAGS=  -O2 -c" "EXTRA_COMPILER_FLAGS=-mcpu=cortex-a9 -mfpu=vfpv3 -mfloat-abi=hard -nostartfiles -g -Wall -Wextra"
Running Make include in ps7_cortexa9_0/libsrc/scuwdt_v2_1/src
make -C ps7_cortexa9_0/libsrc/scuwdt_v2_1/src -s include  "SHELL=/bin/sh" "COMPILER=arm-none-eabi-gcc" "ARCHIVER=arm-none-eabi-ar" "COMPILER_FLAGS=  -O2 -c" "EXTRA_COMPILER_FLAGS=-mcpu=cortex-a9 -mfpu=vfpv3 -mfloat-abi=hard -nostartfiles -g -Wall -Wextra"
Running Make include in ps7_cortexa9_0/libsrc/uartps_v3_7/src
make -C ps7_cortexa9_0/libsrc/uartps_v3_7/src -s include  "SHELL=/bin/sh" "COMPILER=arm-none-eabi-gcc" "ARCHIVER=arm-none-eabi-ar" "COMPILER_FLAGS=  -O2 -c" "EXTRA_COMPILER_FLAGS=-mcpu=cortex-a9 -mfpu=vfpv3 -mfloat-abi=hard -nostartfiles -g -Wall -Wextra"
Running Make include in ps7_cortexa9_0/libsrc/usbps_v2_4/src
make -C ps7_cortexa9_0/libsrc/usbps_v2_4/src -s include  "SHELL=/bin/sh" "COMPILER=arm-none-eabi-gcc" "ARCHIVER=arm-none-eabi-ar" "COMPILER_FLAGS=  -O2 -c" "EXTRA_COMPILER_FLAGS=-mcpu=cortex-a9 -mfpu=vfpv3 -mfloat-abi=hard -nostartfiles -g -Wall -Wextra"
Running Make include in ps7_cortexa9_0/libsrc/scutimer_v2_1/src
make -C ps7_cortexa9_0/libsrc/scutimer_v2_1/src -s include  "SHELL=/bin/sh" "COMPILER=arm-none-eabi-gcc" "ARCHIVER=arm-none-eabi-ar" "COMPILER_FLAGS=  -O2 -c" "EXTRA_COMPILER_FLAGS=-mcpu=cortex-a9 -mfpu=vfpv3 -mfloat-abi=hard -nostartfiles -g -Wall -Wextra"
Running Make include in ps7_cortexa9_0/libsrc/coresightps_dcc_v1_5/src
make -C ps7_cortexa9_0/libsrc/coresightps_dcc_v1_5/src -s include  "SHELL=/bin/sh" "COMPILER=arm-none-eabi-gcc" "ARCHIVER=arm-none-eabi-ar" "COMPILER_FLAGS=  -O2 -c" "EXTRA_COMPILER_FLAGS=-mcpu=cortex-a9 -mfpu=vfpv3 -mfloat-abi=hard -nostartfiles -g -Wall -Wextra"
Running Make libs in ps7_cortexa9_0/libsrc/ddrps_v1_0/src
make -C ps7_cortexa9_0/libsrc/ddrps_v1_0/src -s libs  "SHELL=/bin/sh" "COMPILER=arm-none-eabi-gcc" "ARCHIVER=arm-none-eabi-ar" "COMPILER_FLAGS=  -O2 -c" "EXTRA_COMPILER_FLAGS=-mcpu=cortex-a9 -mfpu=vfpv3 -mfloat-abi=hard -nostartfiles -g -Wall -Wextra"
Compiling ddrps
arm-none-eabi-ar: creating ../../../lib/libxil.a
Running Make libs in ps7_cortexa9_0/libsrc/yolo_acc_top_v1_0/src
make -C ps7_cortexa9_0/libsrc/yolo_acc_top_v1_0/src -s libs  "SHELL=/bin/sh" "COMPILER=arm-none-eabi-gcc" "ARCHIVER=arm-none-eabi-ar" "COMPILER_FLAGS=  -O2 -c" "EXTRA_COMPILER_FLAGS=-mcpu=cortex-a9 -mfpu=vfpv3 -mfloat-abi=hard -nostartfiles -g -Wall -Wextra"
Compiling yolo_acc_top
Running Make libs in ps7_cortexa9_0/libsrc/dmaps_v2_4/src
make -C ps7_cortexa9_0/libsrc/dmaps_v2_4/src -s libs  "SHELL=/bin/sh" "COMPILER=arm-none-eabi-gcc" "ARCHIVER=arm-none-eabi-ar" "COMPILER_FLAGS=  -O2 -c" "EXTRA_COMPILER_FLAGS=-mcpu=cortex-a9 -mfpu=vfpv3 -mfloat-abi=hard -nostartfiles -g -Wall -Wextra"
Compiling dmaps
Running Make libs in ps7_cortexa9_0/libsrc/cpu_cortexa9_v2_7/src
make -C ps7_cortexa9_0/libsrc/cpu_cortexa9_v2_7/src -s libs  "SHELL=/bin/sh" "COMPILER=arm-none-eabi-gcc" "ARCHIVER=arm-none-eabi-ar" "COMPILER_FLAGS=  -O2 -c" "EXTRA_COMPILER_FLAGS=-mcpu=cortex-a9 -mfpu=vfpv3 -mfloat-abi=hard -nostartfiles -g -Wall -Wextra"
Compiling cpu_cortexa9
Running Make libs in ps7_cortexa9_0/libsrc/scugic_v4_0/src
make -C ps7_cortexa9_0/libsrc/scugic_v4_0/src -s libs  "SHELL=/bin/sh" "COMPILER=arm-none-eabi-gcc" "ARCHIVER=arm-none-eabi-ar" "COMPILER_FLAGS=  -O2 -c" "EXTRA_COMPILER_FLAGS=-mcpu=cortex-a9 -mfpu=vfpv3 -mfloat-abi=hard -nostartfiles -g -Wall -Wextra"
Compiling scugic
Running Make libs in ps7_cortexa9_0/libsrc/emacps_v3_9/src
make -C ps7_cortexa9_0/libsrc/emacps_v3_9/src -s libs  "SHELL=/bin/sh" "COMPILER=arm-none-eabi-gcc" "ARCHIVER=arm-none-eabi-ar" "COMPILER_FLAGS=  -O2 -c" "EXTRA_COMPILER_FLAGS=-mcpu=cortex-a9 -mfpu=vfpv3 -mfloat-abi=hard -nostartfiles -g -Wall -Wextra"
Compiling emacps
Running Make libs in ps7_cortexa9_0/libsrc/ttcps_v3_9/src
make -C ps7_cortexa9_0/libsrc/ttcps_v3_9/src -s libs  "SHELL=/bin/sh" "COMPILER=arm-none-eabi-gcc" "ARCHIVER=arm-none-eabi-ar" "COMPILER_FLAGS=  -O2 -c" "EXTRA_COMPILER_FLAGS=-mcpu=cortex-a9 -mfpu=vfpv3 -mfloat-abi=hard -nostartfiles -g -Wall -Wextra"
Compiling ttcps
Running Make libs in ps7_cortexa9_0/libsrc/axidma_v9_9/src
make -C ps7_cortexa9_0/libsrc/axidma_v9_9/src -s libs  "SHELL=/bin/sh" "COMPILER=arm-none-eabi-gcc" "ARCHIVER=arm-none-eabi-ar" "COMPILER_FLAGS=  -O2 -c" "EXTRA_COMPILER_FLAGS=-mcpu=cortex-a9 -mfpu=vfpv3 -mfloat-abi=hard -nostartfiles -g -Wall -Wextra"
Compiling axidma
Running Make libs in ps7_cortexa9_0/libsrc/gpiops_v3_5/src
make -C ps7_cortexa9_0/libsrc/gpiops_v3_5/src -s libs  "SHELL=/bin/sh" "COMPILER=arm-none-eabi-gcc" "ARCHIVER=arm-none-eabi-ar" "COMPILER_FLAGS=  -O2 -c" "EXTRA_COMPILER_FLAGS=-mcpu=cortex-a9 -mfpu=vfpv3 -mfloat-abi=hard -nostartfiles -g -Wall -Wextra"
Compiling gpiops
Running Make libs in ps7_cortexa9_0/libsrc/standalone_v7_0/src
make -C ps7_cortexa9_0/libsrc/standalone_v7_0/src -s libs  "SHELL=/bin/sh" "COMPILER=arm-none-eabi-gcc" "ARCHIVER=arm-none-eabi-ar" "COMPILER_FLAGS=  -O2 -c" "EXTRA_COMPILER_FLAGS=-mcpu=cortex-a9 -mfpu=vfpv3 -mfloat-abi=hard -nostartfiles -g -Wall -Wextra"
Compiling standalone
In file included from xtime_l.c:49:
xtime_l.h:87:9: note: #pragma message: For the sleep routines, Global timer is being used
 #pragma message ("For the sleep routines, Global timer is being used")
         ^~~~~~~
In file included from sleep.c:53:
xtime_l.h:87:9: note: #pragma message: For the sleep routines, Global timer is being used
 #pragma message ("For the sleep routines, Global timer is being used")
         ^~~~~~~
In file included from xil_sleeptimer.c:51:
xtime_l.h:87:9: note: #pragma message: For the sleep routines, Global timer is being used
 #pragma message ("For the sleep routines, Global timer is being used")
         ^~~~~~~
In file included from usleep.c:56:
xtime_l.h:87:9: note: #pragma message: For the sleep routines, Global timer is being used
 #pragma message ("For the sleep routines, Global timer is being used")
         ^~~~~~~
Running Make libs in ps7_cortexa9_0/libsrc/qspips_v3_6/src
make -C ps7_cortexa9_0/libsrc/qspips_v3_6/src -s libs  "SHELL=/bin/sh" "COMPILER=arm-none-eabi-gcc" "ARCHIVER=arm-none-eabi-ar" "COMPILER_FLAGS=  -O2 -c" "EXTRA_COMPILER_FLAGS=-mcpu=cortex-a9 -mfpu=vfpv3 -mfloat-abi=hard -nostartfiles -g -Wall -Wextra"
Compiling qspips
Running Make libs in ps7_cortexa9_0/libsrc/xadcps_v2_3/src
make -C ps7_cortexa9_0/libsrc/xadcps_v2_3/src -s libs  "SHELL=/bin/sh" "COMPILER=arm-none-eabi-gcc" "ARCHIVER=arm-none-eabi-ar" "COMPILER_FLAGS=  -O2 -c" "EXTRA_COMPILER_FLAGS=-mcpu=cortex-a9 -mfpu=vfpv3 -mfloat-abi=hard -nostartfiles -g -Wall -Wextra"
Compiling xadcps
Running Make libs in ps7_cortexa9_0/libsrc/sdps_v3_7/src
make -C ps7_cortexa9_0/libsrc/sdps_v3_7/src -s libs  "SHELL=/bin/sh" "COMPILER=arm-none-eabi-gcc" "ARCHIVER=arm-none-eabi-ar" "COMPILER_FLAGS=  -O2 -c" "EXTRA_COMPILER_FLAGS=-mcpu=cortex-a9 -mfpu=vfpv3 -mfloat-abi=hard -nostartfiles -g -Wall -Wextra"
Compiling sdps
Running Make libs in ps7_cortexa9_0/libsrc/devcfg_v3_5/src
make -C ps7_cortexa9_0/libsrc/devcfg_v3_5/src -s libs  "SHELL=/bin/sh" "COMPILER=arm-none-eabi-gcc" "ARCHIVER=arm-none-eabi-ar" "COMPILER_FLAGS=  -O2 -c" "EXTRA_COMPILER_FLAGS=-mcpu=cortex-a9 -mfpu=vfpv3 -mfloat-abi=hard -nostartfiles -g -Wall -Wextra"
Compiling devcfg
Running Make libs in ps7_cortexa9_0/libsrc/scuwdt_v2_1/src
make -C ps7_cortexa9_0/libsrc/scuwdt_v2_1/src -s libs  "SHELL=/bin/sh" "COMPILER=arm-none-eabi-gcc" "ARCHIVER=arm-none-eabi-ar" "COMPILER_FLAGS=  -O2 -c" "EXTRA_COMPILER_FLAGS=-mcpu=cortex-a9 -mfpu=vfpv3 -mfloat-abi=hard -nostartfiles -g -Wall -Wextra"
Compiling scuwdt
Running Make libs in ps7_cortexa9_0/libsrc/uartps_v3_7/src
make -C ps7_cortexa9_0/libsrc/uartps_v3_7/src -s libs  "SHELL=/bin/sh" "COMPILER=arm-none-eabi-gcc" "ARCHIVER=arm-none-eabi-ar" "COMPILER_FLAGS=  -O2 -c" "EXTRA_COMPILER_FLAGS=-mcpu=cortex-a9 -mfpu=vfpv3 -mfloat-abi=hard -nostartfiles -g -Wall -Wextra"
Compiling uartps
Running Make libs in ps7_cortexa9_0/libsrc/usbps_v2_4/src
make -C ps7_cortexa9_0/libsrc/usbps_v2_4/src -s libs  "SHELL=/bin/sh" "COMPILER=arm-none-eabi-gcc" "ARCHIVER=arm-none-eabi-ar" "COMPILER_FLAGS=  -O2 -c" "EXTRA_COMPILER_FLAGS=-mcpu=cortex-a9 -mfpu=vfpv3 -mfloat-abi=hard -nostartfiles -g -Wall -Wextra"
Compiling usbps
Running Make libs in ps7_cortexa9_0/libsrc/scutimer_v2_1/src
make -C ps7_cortexa9_0/libsrc/scutimer_v2_1/src -s libs  "SHELL=/bin/sh" "COMPILER=arm-none-eabi-gcc" "ARCHIVER=arm-none-eabi-ar" "COMPILER_FLAGS=  -O2 -c" "EXTRA_COMPILER_FLAGS=-mcpu=cortex-a9 -mfpu=vfpv3 -mfloat-abi=hard -nostartfiles -g -Wall -Wextra"
Compiling scutimer
Running Make libs in ps7_cortexa9_0/libsrc/coresightps_dcc_v1_5/src
make -C ps7_cortexa9_0/libsrc/coresightps_dcc_v1_5/src -s libs  "SHELL=/bin/sh" "COMPILER=arm-none-eabi-gcc" "ARCHIVER=arm-none-eabi-ar" "COMPILER_FLAGS=  -O2 -c" "EXTRA_COMPILER_FLAGS=-mcpu=cortex-a9 -mfpu=vfpv3 -mfloat-abi=hard -nostartfiles -g -Wall -Wextra"
Compiling coresightps_dcc
Finished building libraries
16:10:24 **** Build of configuration Debug for project yolo_acc_ps ****
make pre-build main-build 
a9-linaro-pre-build-step
 
Building file: ../src/main.cc
Invoking: ARM v7 g++ compiler
arm-none-eabi-g++ -Wall -O0 -g3 -c -fmessage-length=0 -MT"src/main.o" -mcpu=cortex-a9 -mfpu=vfpv3 -mfloat-abi=hard -I../../yolo_acc_ps_bsp/ps7_cortexa9_0/include -MMD -MP -MF"src/main.d" -MT"src/main.o" -o "src/main.o" "../src/main.cc"
Finished building: ../src/main.cc
 
Building target: yolo_acc_ps.elf
Invoking: ARM v7 g++ linker
arm-none-eabi-g++ -mcpu=cortex-a9 -mfpu=vfpv3 -mfloat-abi=hard -Wl,-build-id=none -specs=Xilinx.spec -Wl,-T -Wl,../src/lscript.ld -L../../yolo_acc_ps_bsp/ps7_cortexa9_0/lib -o "yolo_acc_ps.elf"  ./src/main.o   -Wl,--start-group,-lxil,-lgcc,-lc,-lstdc++,--end-group
Finished building target: yolo_acc_ps.elf
 
Invoking: ARM v7 Print Size
arm-none-eabi-size yolo_acc_ps.elf  |tee "yolo_acc_ps.elf.size"
   text	   data	    bss	    dec	    hex	filename
  18736	   1144	  22576	  42456	   a5d8	yolo_acc_ps.elf
Finished building: yolo_acc_ps.elf.size
 
16:12:59 **** Clean-only build of configuration Debug for project yolo_acc_ps ****
make clean 
rm -rf  ./src/main.d  ./src/main.o  yolo_acc_ps.elf.size  yolo_acc_ps.elf
 
16:13:00 **** Auto Build of configuration Debug for project yolo_acc_ps ****
make pre-build main-build 
a9-linaro-pre-build-step
 
Building file: ../src/helloworld.cpp
Invoking: ARM v7 g++ compiler
arm-none-eabi-g++ -Wall -O0 -g3 -c -fmessage-length=0 -MT"src/helloworld.o" -mcpu=cortex-a9 -mfpu=vfpv3 -mfloat-abi=hard -I../../yolo_acc_ps_bsp/ps7_cortexa9_0/include -MMD -MP -MF"src/helloworld.d" -MT"src/helloworld.o" -o "src/helloworld.o" "../src/helloworld.cpp"
../src/helloworld.cpp:54:10: fatal error: xyolo_yolo_top.h: No such file or directory
 #include "xyolo_yolo_top.h"
          ^~~~~~~~~~~~~~~~~~
compilation terminated.
src/subdir.mk:21: recipe for target 'src/helloworld.o' failed
make: *** [src/helloworld.o] Error 1
16:13:21 **** Auto Build of configuration Debug for project yolo_acc_ps ****
make pre-build main-build 
a9-linaro-pre-build-step
 
Building file: ../src/helloworld.cpp
Invoking: ARM v7 g++ compiler
arm-none-eabi-g++ -Wall -O0 -g3 -c -fmessage-length=0 -MT"src/helloworld.o" -mcpu=cortex-a9 -mfpu=vfpv3 -mfloat-abi=hard -I../../yolo_acc_ps_bsp/ps7_cortexa9_0/include -MMD -MP -MF"src/helloworld.d" -MT"src/helloworld.o" -o "src/helloworld.o" "../src/helloworld.cpp"
../src/helloworld.cpp:57:10: fatal error: layer_parameter.h: No such file or directory
 #include "layer_parameter.h"
          ^~~~~~~~~~~~~~~~~~~
compilation terminated.
make: *** [src/helloworld.o] Error 1
src/subdir.mk:21: recipe for target 'src/helloworld.o' failed
16:14:03 **** Clean-only build of configuration Debug for project yolo_acc_ps ****
make clean 
rm -rf  ./src/helloworld.o  ./src/helloworld.d  yolo_acc_ps.elf.size  yolo_acc_ps.elf
 
16:14:04 **** Auto Build of configuration Debug for project yolo_acc_ps ****
make pre-build main-build 
a9-linaro-pre-build-step
 
Building file: ../src/helloworld.cpp
Invoking: ARM v7 g++ compiler
arm-none-eabi-g++ -Wall -O0 -g3 -I/home/xavier/MSc_Project/hls/yolo_conv_hls_2019/yolo_acc_fp_prj_2019_64/yolo_acc_fp_prj_2019_64.sdk/include -c -fmessage-length=0 -MT"src/helloworld.o" -mcpu=cortex-a9 -mfpu=vfpv3 -mfloat-abi=hard -I../../yolo_acc_ps_bsp/ps7_cortexa9_0/include -MMD -MP -MF"src/helloworld.d" -MT"src/helloworld.o" -o "src/helloworld.o" "../src/helloworld.cpp"
../src/helloworld.cpp:57:10: fatal error: layer_parameter.h: No such file or directory
 #include "layer_parameter.h"
          ^~~~~~~~~~~~~~~~~~~
compilation terminated.
make: *** [src/helloworld.o] Error 1
src/subdir.mk:21: recipe for target 'src/helloworld.o' failed
16:15:20 **** Auto Build of configuration Debug for project yolo_acc_ps ****
make pre-build main-build 
a9-linaro-pre-build-step
 
Building file: ../src/helloworld.cpp
Invoking: ARM v7 g++ compiler
arm-none-eabi-g++ -Wall -O0 -g3 -I/home/xavier/MSc_Project/hls/yolo_conv_hls_2019/yolo_acc_fp_prj_2019_64/yolo_acc_fp_prj_2019_64.sdk/include -c -fmessage-length=0 -MT"src/helloworld.o" -mcpu=cortex-a9 -mfpu=vfpv3 -mfloat-abi=hard -I../../yolo_acc_ps_bsp/ps7_cortexa9_0/include -MMD -MP -MF"src/helloworld.d" -MT"src/helloworld.o" -o "src/helloworld.o" "../src/helloworld.cpp"
In file included from ../src/helloworld.cpp:52:
../../yolo_acc_ps_bsp/ps7_cortexa9_0/include/xtime_l.h:87:70: note: #pragma message: For the sleep routines, Global timer is being used
 #pragma message ("For the sleep routines, Global timer is being used")
                                                                      ^
../src/helloworld.cpp:61:1: error: 'XYolo_yolo_top' does not name a type; did you mean 'XYolo_acc_top'?
 XYolo_yolo_top yolo_yolo_top;
 ^~~~~~~~~~~~~~
 XYolo_acc_top
../src/helloworld.cpp:62:1: error: 'XYolo_yolo_top_Config' does not name a type; did you mean 'XYolo_acc_top_Config'?
 XYolo_yolo_top_Config *yolo_yolo_top_cfg;
 ^~~~~~~~~~~~~~~~~~~~~
 XYolo_acc_top_Config
../src/helloworld.cpp: In function 'void initPeripherals()':
../src/helloworld.cpp:71:2: error: 'yolo_yolo_top_cfg' was not declared in this scope
  yolo_yolo_top_cfg = XYolo_yolo_top_LookupConfig(XPAR_YOLO_YOLO_TOP_0_DEVICE_ID);
  ^~~~~~~~~~~~~~~~~
../src/helloworld.cpp:71:50: error: 'XPAR_YOLO_YOLO_TOP_0_DEVICE_ID' was not declared in this scope
  yolo_yolo_top_cfg = XYolo_yolo_top_LookupConfig(XPAR_YOLO_YOLO_TOP_0_DEVICE_ID);
                                                  ^~~~~~~~~~~~~~~~~~~~~~~~~~~~~~
../src/helloworld.cpp:71:50: note: suggested alternative: 'XPAR_YOLO_ACC_TOP_0_DEVICE_ID'
  yolo_yolo_top_cfg = XYolo_yolo_top_LookupConfig(XPAR_YOLO_YOLO_TOP_0_DEVICE_ID);
                                                  ^~~~~~~~~~~~~~~~~~~~~~~~~~~~~~
                                                  XPAR_YOLO_ACC_TOP_0_DEVICE_ID
../src/helloworld.cpp:71:22: error: 'XYolo_yolo_top_LookupConfig' was not declared in this scope
  yolo_yolo_top_cfg = XYolo_yolo_top_LookupConfig(XPAR_YOLO_YOLO_TOP_0_DEVICE_ID);
                      ^~~~~~~~~~~~~~~~~~~~~~~~~~~
../src/helloworld.cpp:71:22: note: suggested alternative: 'XYolo_acc_top_LookupConfig'
  yolo_yolo_top_cfg = XYolo_yolo_top_LookupConfig(XPAR_YOLO_YOLO_TOP_0_DEVICE_ID);
                      ^~~~~~~~~~~~~~~~~~~~~~~~~~~
                      XYolo_acc_top_LookupConfig
../src/helloworld.cpp:74:46: error: 'yolo_yolo_top' was not declared in this scope
   int status = XYolo_yolo_top_CfgInitialize(&yolo_yolo_top,yolo_yolo_top_cfg);
                                              ^~~~~~~~~~~~~
../src/helloworld.cpp:74:46: note: suggested alternative: 'XYolo_acc_top'
   int status = XYolo_yolo_top_CfgInitialize(&yolo_yolo_top,yolo_yolo_top_cfg);
                                              ^~~~~~~~~~~~~
                                              XYolo_acc_top
../src/helloworld.cpp:74:16: error: 'XYolo_yolo_top_CfgInitialize' was not declared in this scope
   int status = XYolo_yolo_top_CfgInitialize(&yolo_yolo_top,yolo_yolo_top_cfg);
                ^~~~~~~~~~~~~~~~~~~~~~~~~~~~
../src/helloworld.cpp:74:16: note: suggested alternative: 'XYolo_acc_top_CfgInitialize'
   int status = XYolo_yolo_top_CfgInitialize(&yolo_yolo_top,yolo_yolo_top_cfg);
                ^~~~~~~~~~~~~~~~~~~~~~~~~~~~
                XYolo_acc_top_CfgInitialize
../src/helloworld.cpp: At global scope:
../src/helloworld.cpp:95:31: error: 'YOLO_INPUT_HEIGHT' was not declared in this scope
 short layer_output_hls_reduce[YOLO_INPUT_HEIGHT*YOLO_INPUT_WIDTH*MAX_KERNEL_NUM];
                               ^~~~~~~~~~~~~~~~~
../src/helloworld.cpp:95:49: error: 'YOLO_INPUT_WIDTH' was not declared in this scope
 short layer_output_hls_reduce[YOLO_INPUT_HEIGHT*YOLO_INPUT_WIDTH*MAX_KERNEL_NUM];
                                                 ^~~~~~~~~~~~~~~~
../src/helloworld.cpp:95:49: note: suggested alternative: 'ACC_INPUT_W'
 short layer_output_hls_reduce[YOLO_INPUT_HEIGHT*YOLO_INPUT_WIDTH*MAX_KERNEL_NUM];
                                                 ^~~~~~~~~~~~~~~~
                                                 ACC_INPUT_W
../src/helloworld.cpp: In function 'int main()':
../src/helloworld.cpp:108:39: error: 'yolo_yolo_top' was not declared in this scope
     XYolo_yolo_top_Set_activate_en_V(&yolo_yolo_top,0xfffffff3);
                                       ^~~~~~~~~~~~~
../src/helloworld.cpp:108:39: note: suggested alternative: 'XYolo_acc_top'
     XYolo_yolo_top_Set_activate_en_V(&yolo_yolo_top,0xfffffff3);
                                       ^~~~~~~~~~~~~
                                       XYolo_acc_top
../src/helloworld.cpp:108:5: error: 'XYolo_yolo_top_Set_activate_en_V' was not declared in this scope
     XYolo_yolo_top_Set_activate_en_V(&yolo_yolo_top,0xfffffff3);
     ^~~~~~~~~~~~~~~~~~~~~~~~~~~~~~~~
../src/helloworld.cpp:108:5: note: suggested alternative: 'XYolo_acc_top_Set_input_w_V'
     XYolo_yolo_top_Set_activate_en_V(&yolo_yolo_top,0xfffffff3);
     ^~~~~~~~~~~~~~~~~~~~~~~~~~~~~~~~
     XYolo_acc_top_Set_input_w_V
../src/helloworld.cpp:109:49: error: 'YOLO_INPUT_HEIGHT' was not declared in this scope
     XYolo_yolo_top_Set_input_h_V(&yolo_yolo_top,YOLO_INPUT_HEIGHT);
                                                 ^~~~~~~~~~~~~~~~~
../src/helloworld.cpp:109:5: error: 'XYolo_yolo_top_Set_input_h_V' was not declared in this scope
     XYolo_yolo_top_Set_input_h_V(&yolo_yolo_top,YOLO_INPUT_HEIGHT);
     ^~~~~~~~~~~~~~~~~~~~~~~~~~~~
../src/helloworld.cpp:109:5: note: suggested alternative: 'XYolo_acc_top_Set_input_h_V'
     XYolo_yolo_top_Set_input_h_V(&yolo_yolo_top,YOLO_INPUT_HEIGHT);
     ^~~~~~~~~~~~~~~~~~~~~~~~~~~~
     XYolo_acc_top_Set_input_h_V
../src/helloworld.cpp:110:49: error: 'YOLO_INPUT_WIDTH' was not declared in this scope
     XYolo_yolo_top_Set_input_w_V(&yolo_yolo_top,YOLO_INPUT_WIDTH);
                                                 ^~~~~~~~~~~~~~~~
../src/helloworld.cpp:110:49: note: suggested alternative: 'ACC_INPUT_W'
     XYolo_yolo_top_Set_input_w_V(&yolo_yolo_top,YOLO_INPUT_WIDTH);
                                                 ^~~~~~~~~~~~~~~~
                                                 ACC_INPUT_W
../src/helloworld.cpp:110:5: error: 'XYolo_yolo_top_Set_input_w_V' was not declared in this scope
     XYolo_yolo_top_Set_input_w_V(&yolo_yolo_top,YOLO_INPUT_WIDTH);
     ^~~~~~~~~~~~~~~~~~~~~~~~~~~~
../src/helloworld.cpp:110:5: note: suggested alternative: 'XYolo_acc_top_Set_input_w_V'
     XYolo_yolo_top_Set_input_w_V(&yolo_yolo_top,YOLO_INPUT_WIDTH);
     ^~~~~~~~~~~~~~~~~~~~~~~~~~~~
     XYolo_acc_top_Set_input_w_V
../src/helloworld.cpp:112:5: error: 'XYolo_yolo_top_Start' was not declared in this scope
     XYolo_yolo_top_Start(&yolo_yolo_top);
     ^~~~~~~~~~~~~~~~~~~~
../src/helloworld.cpp:112:5: note: suggested alternative: 'XYolo_acc_top_Start'
     XYolo_yolo_top_Start(&yolo_yolo_top);
     ^~~~~~~~~~~~~~~~~~~~
     XYolo_acc_top_Start
../src/helloworld.cpp:115:31: error: 'layer_input_reduce' was not declared in this scope
     Xil_DCacheFlushRange((u32)layer_input_reduce,YOLO_INPUT_HEIGHT*YOLO_INPUT_WIDTH*MAX_KERNEL_NUM*sizeof(short));
                               ^~~~~~~~~~~~~~~~~~
../src/helloworld.cpp:116:31: error: 'layer_output_hls_reduce' was not declared in this scope
     Xil_DCacheFlushRange((u32)layer_output_hls_reduce,YOLO_INPUT_HEIGHT*YOLO_INPUT_WIDTH*MAX_KERNEL_NUM*sizeof(short));
                               ^~~~~~~~~~~~~~~~~~~~~~~
../src/helloworld.cpp:127:9: error: 'XYolo_yolo_top_IsDone' was not declared in this scope
  while(!XYolo_yolo_top_IsDone(&yolo_yolo_top));
         ^~~~~~~~~~~~~~~~~~~~~
../src/helloworld.cpp:127:9: note: suggested alternative: 'XYolo_acc_top_IsDone'
  while(!XYolo_yolo_top_IsDone(&yolo_yolo_top));
         ^~~~~~~~~~~~~~~~~~~~~
         XYolo_acc_top_IsDone
../src/helloworld.cpp:136:15: error: 'layer_output_sdk_reduce' was not declared in this scope
   short ref = layer_output_sdk_reduce[idx];
               ^~~~~~~~~~~~~~~~~~~~~~~
src/subdir.mk:21: recipe for target 'src/helloworld.o' failed
make: *** [src/helloworld.o] Error 1
16:16:12 **** Auto Build of configuration Debug for project yolo_acc_ps ****
make pre-build main-build 
a9-linaro-pre-build-step
 
Building file: ../src/helloworld.cpp
Invoking: ARM v7 g++ compiler
arm-none-eabi-g++ -Wall -O0 -g3 -I/home/xavier/MSc_Project/hls/yolo_conv_hls_2019/yolo_acc_fp_prj_2019_64/yolo_acc_fp_prj_2019_64.sdk/include -c -fmessage-length=0 -MT"src/helloworld.o" -mcpu=cortex-a9 -mfpu=vfpv3 -mfloat-abi=hard -I../../yolo_acc_ps_bsp/ps7_cortexa9_0/include -MMD -MP -MF"src/helloworld.d" -MT"src/helloworld.o" -o "src/helloworld.o" "../src/helloworld.cpp"
In file included from ../src/helloworld.cpp:52:
../../yolo_acc_ps_bsp/ps7_cortexa9_0/include/xtime_l.h:87:70: note: #pragma message: For the sleep routines, Global timer is being used
 #pragma message ("For the sleep routines, Global timer is being used")
                                                                      ^
../src/helloworld.cpp: In function 'void initPeripherals()':
../src/helloworld.cpp:71:2: error: 'yolo_yolo_top_cfg' was not declared in this scope
  yolo_yolo_top_cfg = XYolo_yolo_top_LookupConfig(XPAR_YOLO_YOLO_TOP_0_DEVICE_ID);
  ^~~~~~~~~~~~~~~~~
../src/helloworld.cpp:71:2: note: suggested alternative: 'yolo_acc_top_cfg'
  yolo_yolo_top_cfg = XYolo_yolo_top_LookupConfig(XPAR_YOLO_YOLO_TOP_0_DEVICE_ID);
  ^~~~~~~~~~~~~~~~~
  yolo_acc_top_cfg
../src/helloworld.cpp:71:50: error: 'XPAR_YOLO_YOLO_TOP_0_DEVICE_ID' was not declared in this scope
  yolo_yolo_top_cfg = XYolo_yolo_top_LookupConfig(XPAR_YOLO_YOLO_TOP_0_DEVICE_ID);
                                                  ^~~~~~~~~~~~~~~~~~~~~~~~~~~~~~
../src/helloworld.cpp:71:50: note: suggested alternative: 'XPAR_YOLO_ACC_TOP_0_DEVICE_ID'
  yolo_yolo_top_cfg = XYolo_yolo_top_LookupConfig(XPAR_YOLO_YOLO_TOP_0_DEVICE_ID);
                                                  ^~~~~~~~~~~~~~~~~~~~~~~~~~~~~~
                                                  XPAR_YOLO_ACC_TOP_0_DEVICE_ID
../src/helloworld.cpp:71:22: error: 'XYolo_yolo_top_LookupConfig' was not declared in this scope
  yolo_yolo_top_cfg = XYolo_yolo_top_LookupConfig(XPAR_YOLO_YOLO_TOP_0_DEVICE_ID);
                      ^~~~~~~~~~~~~~~~~~~~~~~~~~~
../src/helloworld.cpp:71:22: note: suggested alternative: 'XYolo_acc_top_LookupConfig'
  yolo_yolo_top_cfg = XYolo_yolo_top_LookupConfig(XPAR_YOLO_YOLO_TOP_0_DEVICE_ID);
                      ^~~~~~~~~~~~~~~~~~~~~~~~~~~
                      XYolo_acc_top_LookupConfig
../src/helloworld.cpp:74:46: error: 'yolo_yolo_top' was not declared in this scope
   int status = XYolo_yolo_top_CfgInitialize(&yolo_yolo_top,yolo_yolo_top_cfg);
                                              ^~~~~~~~~~~~~
../src/helloworld.cpp:74:46: note: suggested alternative: 'yolo_acc_top'
   int status = XYolo_yolo_top_CfgInitialize(&yolo_yolo_top,yolo_yolo_top_cfg);
                                              ^~~~~~~~~~~~~
                                              yolo_acc_top
../src/helloworld.cpp:74:16: error: 'XYolo_yolo_top_CfgInitialize' was not declared in this scope
   int status = XYolo_yolo_top_CfgInitialize(&yolo_yolo_top,yolo_yolo_top_cfg);
                ^~~~~~~~~~~~~~~~~~~~~~~~~~~~
../src/helloworld.cpp:74:16: note: suggested alternative: 'XYolo_acc_top_CfgInitialize'
   int status = XYolo_yolo_top_CfgInitialize(&yolo_yolo_top,yolo_yolo_top_cfg);
                ^~~~~~~~~~~~~~~~~~~~~~~~~~~~
                XYolo_acc_top_CfgInitialize
../src/helloworld.cpp:82:2: error: 'axiDMA_cfg' was not declared in this scope
  axiDMA_cfg = XAxiDma_LookupConfig(XPAR_AXIDMA_0_DEVICE_ID);
  ^~~~~~~~~~
../src/helloworld.cpp:82:2: note: suggested alternative: 'axiDMA_cfg_1'
  axiDMA_cfg = XAxiDma_LookupConfig(XPAR_AXIDMA_0_DEVICE_ID);
  ^~~~~~~~~~
  axiDMA_cfg_1
../src/helloworld.cpp:85:39: error: 'axiDMA' was not declared in this scope
   int status = XAxiDma_CfgInitialize(&axiDMA,axiDMA_cfg);
                                       ^~~~~~
../src/helloworld.cpp:85:39: note: suggested alternative: 'axiDMA_1'
   int status = XAxiDma_CfgInitialize(&axiDMA,axiDMA_cfg);
                                       ^~~~~~
                                       axiDMA_1
In file included from ../../yolo_acc_ps_bsp/ps7_cortexa9_0/include/xaxidma_bd.h:114,
                 from ../../yolo_acc_ps_bsp/ps7_cortexa9_0/include/xaxidma_bdring.h:83,
                 from ../../yolo_acc_ps_bsp/ps7_cortexa9_0/include/xaxidma.h:488,
                 from ../src/helloworld.cpp:55:
../src/helloworld.cpp:92:23: error: 'axiDMA' was not declared in this scope
  XAxiDma_IntrDisable(&axiDMA,XAXIDMA_IRQ_ALL_MASK,XAXIDMA_DEVICE_TO_DMA);
                       ^~~~~~
../../yolo_acc_ps_bsp/ps7_cortexa9_0/include/xaxidma_hw.h:335:20: note: in definition of macro 'XAxiDma_WriteReg'
     XAxiDma_Out32((BaseAddress) + (RegOffset), (Data))
                    ^~~~~~~~~~~
../src/helloworld.cpp:92:2: note: in expansion of macro 'XAxiDma_IntrDisable'
  XAxiDma_IntrDisable(&axiDMA,XAXIDMA_IRQ_ALL_MASK,XAXIDMA_DEVICE_TO_DMA);
  ^~~~~~~~~~~~~~~~~~~
../src/helloworld.cpp:92:23: note: suggested alternative: 'axiDMA_1'
  XAxiDma_IntrDisable(&axiDMA,XAXIDMA_IRQ_ALL_MASK,XAXIDMA_DEVICE_TO_DMA);
                       ^~~~~~
../../yolo_acc_ps_bsp/ps7_cortexa9_0/include/xaxidma_hw.h:335:20: note: in definition of macro 'XAxiDma_WriteReg'
     XAxiDma_Out32((BaseAddress) + (RegOffset), (Data))
                    ^~~~~~~~~~~
../src/helloworld.cpp:92:2: note: in expansion of macro 'XAxiDma_IntrDisable'
  XAxiDma_IntrDisable(&axiDMA,XAXIDMA_IRQ_ALL_MASK,XAXIDMA_DEVICE_TO_DMA);
  ^~~~~~~~~~~~~~~~~~~
../src/helloworld.cpp: At global scope:
../src/helloworld.cpp:95:31: error: 'YOLO_INPUT_HEIGHT' was not declared in this scope
 short layer_output_hls_reduce[YOLO_INPUT_HEIGHT*YOLO_INPUT_WIDTH*MAX_KERNEL_NUM];
                               ^~~~~~~~~~~~~~~~~
../src/helloworld.cpp:95:49: error: 'YOLO_INPUT_WIDTH' was not declared in this scope
 short layer_output_hls_reduce[YOLO_INPUT_HEIGHT*YOLO_INPUT_WIDTH*MAX_KERNEL_NUM];
                                                 ^~~~~~~~~~~~~~~~
../src/helloworld.cpp:95:49: note: suggested alternative: 'ACC_INPUT_W'
 short layer_output_hls_reduce[YOLO_INPUT_HEIGHT*YOLO_INPUT_WIDTH*MAX_KERNEL_NUM];
                                                 ^~~~~~~~~~~~~~~~
                                                 ACC_INPUT_W
../src/helloworld.cpp: In function 'int main()':
../src/helloworld.cpp:108:39: error: 'yolo_yolo_top' was not declared in this scope
     XYolo_yolo_top_Set_activate_en_V(&yolo_yolo_top,0xfffffff3);
                                       ^~~~~~~~~~~~~
../src/helloworld.cpp:108:39: note: suggested alternative: 'yolo_acc_top'
     XYolo_yolo_top_Set_activate_en_V(&yolo_yolo_top,0xfffffff3);
                                       ^~~~~~~~~~~~~
                                       yolo_acc_top
../src/helloworld.cpp:108:5: error: 'XYolo_yolo_top_Set_activate_en_V' was not declared in this scope
     XYolo_yolo_top_Set_activate_en_V(&yolo_yolo_top,0xfffffff3);
     ^~~~~~~~~~~~~~~~~~~~~~~~~~~~~~~~
../src/helloworld.cpp:108:5: note: suggested alternative: 'XYolo_acc_top_Set_input_w_V'
     XYolo_yolo_top_Set_activate_en_V(&yolo_yolo_top,0xfffffff3);
     ^~~~~~~~~~~~~~~~~~~~~~~~~~~~~~~~
     XYolo_acc_top_Set_input_w_V
../src/helloworld.cpp:109:49: error: 'YOLO_INPUT_HEIGHT' was not declared in this scope
     XYolo_yolo_top_Set_input_h_V(&yolo_yolo_top,YOLO_INPUT_HEIGHT);
                                                 ^~~~~~~~~~~~~~~~~
../src/helloworld.cpp:109:5: error: 'XYolo_yolo_top_Set_input_h_V' was not declared in this scope
     XYolo_yolo_top_Set_input_h_V(&yolo_yolo_top,YOLO_INPUT_HEIGHT);
     ^~~~~~~~~~~~~~~~~~~~~~~~~~~~
../src/helloworld.cpp:109:5: note: suggested alternative: 'XYolo_acc_top_Set_input_h_V'
     XYolo_yolo_top_Set_input_h_V(&yolo_yolo_top,YOLO_INPUT_HEIGHT);
     ^~~~~~~~~~~~~~~~~~~~~~~~~~~~
     XYolo_acc_top_Set_input_h_V
../src/helloworld.cpp:110:49: error: 'YOLO_INPUT_WIDTH' was not declared in this scope
     XYolo_yolo_top_Set_input_w_V(&yolo_yolo_top,YOLO_INPUT_WIDTH);
                                                 ^~~~~~~~~~~~~~~~
../src/helloworld.cpp:110:49: note: suggested alternative: 'ACC_INPUT_W'
src/subdir.mk:21: recipe for target 'src/helloworld.o' failed
     XYolo_yolo_top_Set_input_w_V(&yolo_yolo_top,YOLO_INPUT_WIDTH);
                                                 ^~~~~~~~~~~~~~~~
                                                 ACC_INPUT_W
../src/helloworld.cpp:110:5: error: 'XYolo_yolo_top_Set_input_w_V' was not declared in this scope
     XYolo_yolo_top_Set_input_w_V(&yolo_yolo_top,YOLO_INPUT_WIDTH);
     ^~~~~~~~~~~~~~~~~~~~~~~~~~~~
../src/helloworld.cpp:110:5: note: suggested alternative: 'XYolo_acc_top_Set_input_w_V'
     XYolo_yolo_top_Set_input_w_V(&yolo_yolo_top,YOLO_INPUT_WIDTH);
     ^~~~~~~~~~~~~~~~~~~~~~~~~~~~
     XYolo_acc_top_Set_input_w_V
../src/helloworld.cpp:112:5: error: 'XYolo_yolo_top_Start' was not declared in this scope
     XYolo_yolo_top_Start(&yolo_yolo_top);
     ^~~~~~~~~~~~~~~~~~~~
../src/helloworld.cpp:112:5: note: suggested alternative: 'XYolo_acc_top_Start'
     XYolo_yolo_top_Start(&yolo_yolo_top);
     ^~~~~~~~~~~~~~~~~~~~
     XYolo_acc_top_Start
../src/helloworld.cpp:115:31: error: 'layer_input_reduce' was not declared in this scope
     Xil_DCacheFlushRange((u32)layer_input_reduce,YOLO_INPUT_HEIGHT*YOLO_INPUT_WIDTH*MAX_KERNEL_NUM*sizeof(short));
                               ^~~~~~~~~~~~~~~~~~
../src/helloworld.cpp:116:31: error: 'layer_output_hls_reduce' was not declared in this scope
     Xil_DCacheFlushRange((u32)layer_output_hls_reduce,YOLO_INPUT_HEIGHT*YOLO_INPUT_WIDTH*MAX_KERNEL_NUM*sizeof(short));
                               ^~~~~~~~~~~~~~~~~~~~~~~
../src/helloworld.cpp:119:29: error: 'axiDMA' was not declared in this scope
     XAxiDma_SimpleTransfer(&axiDMA,(u32)layer_input_reduce,YOLO_INPUT_HEIGHT*YOLO_INPUT_WIDTH*MAX_KERNEL_NUM*sizeof(short),XAXIDMA_DMA_TO_DEVICE);
                             ^~~~~~
../src/helloworld.cpp:119:29: note: suggested alternative: 'axiDMA_1'
     XAxiDma_SimpleTransfer(&axiDMA,(u32)layer_input_reduce,YOLO_INPUT_HEIGHT*YOLO_INPUT_WIDTH*MAX_KERNEL_NUM*sizeof(short),XAXIDMA_DMA_TO_DEVICE);
                             ^~~~~~
                             axiDMA_1
../src/helloworld.cpp:127:9: error: 'XYolo_yolo_top_IsDone' was not declared in this scope
  while(!XYolo_yolo_top_IsDone(&yolo_yolo_top));
         ^~~~~~~~~~~~~~~~~~~~~
../src/helloworld.cpp:127:9: note: suggested alternative: 'XYolo_acc_top_IsDone'
  while(!XYolo_yolo_top_IsDone(&yolo_yolo_top));
         ^~~~~~~~~~~~~~~~~~~~~
         XYolo_acc_top_IsDone
../src/helloworld.cpp:136:15: error: 'layer_output_sdk_reduce' was not declared in this scope
   short ref = layer_output_sdk_reduce[idx];
               ^~~~~~~~~~~~~~~~~~~~~~~
make: *** [src/helloworld.o] Error 1
16:17:03 **** Auto Build of configuration Debug for project yolo_acc_ps ****
make pre-build main-build 
a9-linaro-pre-build-step
 
Building file: ../src/helloworld.cpp
Invoking: ARM v7 g++ compiler
arm-none-eabi-g++ -Wall -O0 -g3 -I/home/xavier/MSc_Project/hls/yolo_conv_hls_2019/yolo_acc_fp_prj_2019_64/yolo_acc_fp_prj_2019_64.sdk/include -c -fmessage-length=0 -MT"src/helloworld.o" -mcpu=cortex-a9 -mfpu=vfpv3 -mfloat-abi=hard -I../../yolo_acc_ps_bsp/ps7_cortexa9_0/include -MMD -MP -MF"src/helloworld.d" -MT"src/helloworld.o" -o "src/helloworld.o" "../src/helloworld.cpp"
In file included from ../src/helloworld.cpp:52:
../../yolo_acc_ps_bsp/ps7_cortexa9_0/include/xtime_l.h:87:70: note: #pragma message: For the sleep routines, Global timer is being used
 #pragma message ("For the sleep routines, Global timer is being used")
                                                                      ^
../src/helloworld.cpp: In function 'void initPeripherals()':
../src/helloworld.cpp:72:5: error: 'yolo_yolo_top_cfg' was not declared in this scope
  if(yolo_yolo_top_cfg)
     ^~~~~~~~~~~~~~~~~
../src/helloworld.cpp:72:5: note: suggested alternative: 'yolo_acc_top_cfg'
  if(yolo_yolo_top_cfg)
     ^~~~~~~~~~~~~~~~~
     yolo_acc_top_cfg
../src/helloworld.cpp:74:46: error: 'yolo_yolo_top' was not declared in this scope
   int status = XYolo_yolo_top_CfgInitialize(&yolo_yolo_top,yolo_yolo_top_cfg);
                                              ^~~~~~~~~~~~~
../src/helloworld.cpp:74:46: note: suggested alternative: 'yolo_acc_top'
   int status = XYolo_yolo_top_CfgInitialize(&yolo_yolo_top,yolo_yolo_top_cfg);
                                              ^~~~~~~~~~~~~
                                              yolo_acc_top
../src/helloworld.cpp:74:16: error: 'XYolo_yolo_top_CfgInitialize' was not declared in this scope
   int status = XYolo_yolo_top_CfgInitialize(&yolo_yolo_top,yolo_yolo_top_cfg);
                ^~~~~~~~~~~~~~~~~~~~~~~~~~~~
../src/helloworld.cpp:74:16: note: suggested alternative: 'XYolo_acc_top_CfgInitialize'
   int status = XYolo_yolo_top_CfgInitialize(&yolo_yolo_top,yolo_yolo_top_cfg);
                ^~~~~~~~~~~~~~~~~~~~~~~~~~~~
                XYolo_acc_top_CfgInitialize
../src/helloworld.cpp:82:2: error: 'axiDMA_cfg' was not declared in this scope
  axiDMA_cfg = XAxiDma_LookupConfig(XPAR_AXIDMA_0_DEVICE_ID);
  ^~~~~~~~~~
../src/helloworld.cpp:82:2: note: suggested alternative: 'axiDMA_cfg_1'
  axiDMA_cfg = XAxiDma_LookupConfig(XPAR_AXIDMA_0_DEVICE_ID);
  ^~~~~~~~~~
  axiDMA_cfg_1
../src/helloworld.cpp:85:39: error: 'axiDMA' was not declared in this scope
   int status = XAxiDma_CfgInitialize(&axiDMA,axiDMA_cfg);
                                       ^~~~~~
../src/helloworld.cpp:85:39: note: suggested alternative: 'axiDMA_1'
   int status = XAxiDma_CfgInitialize(&axiDMA,axiDMA_cfg);
                                       ^~~~~~
                                       axiDMA_1
In file included from ../../yolo_acc_ps_bsp/ps7_cortexa9_0/include/xaxidma_bd.h:114,
                 from ../../yolo_acc_ps_bsp/ps7_cortexa9_0/include/xaxidma_bdring.h:83,
                 from ../../yolo_acc_ps_bsp/ps7_cortexa9_0/include/xaxidma.h:488,
                 from ../src/helloworld.cpp:55:
../src/helloworld.cpp:92:23: error: 'axiDMA' was not declared in this scope
  XAxiDma_IntrDisable(&axiDMA,XAXIDMA_IRQ_ALL_MASK,XAXIDMA_DEVICE_TO_DMA);
                       ^~~~~~
../../yolo_acc_ps_bsp/ps7_cortexa9_0/include/xaxidma_hw.h:335:20: note: in definition of macro 'XAxiDma_WriteReg'
     XAxiDma_Out32((BaseAddress) + (RegOffset), (Data))
                    ^~~~~~~~~~~
../src/helloworld.cpp:92:2: note: in expansion of macro 'XAxiDma_IntrDisable'
  XAxiDma_IntrDisable(&axiDMA,XAXIDMA_IRQ_ALL_MASK,XAXIDMA_DEVICE_TO_DMA);
  ^~~~~~~~~~~~~~~~~~~
../src/helloworld.cpp:92:23: note: suggested alternative: 'axiDMA_1'
  XAxiDma_IntrDisable(&axiDMA,XAXIDMA_IRQ_ALL_MASK,XAXIDMA_DEVICE_TO_DMA);
                       ^~~~~~
../../yolo_acc_ps_bsp/ps7_cortexa9_0/include/xaxidma_hw.h:335:20: note: in definition of macro 'XAxiDma_WriteReg'
     XAxiDma_Out32((BaseAddress) + (RegOffset), (Data))
                    ^~~~~~~~~~~
../src/helloworld.cpp:92:2: note: in expansion of macro 'XAxiDma_IntrDisable'
  XAxiDma_IntrDisable(&axiDMA,XAXIDMA_IRQ_ALL_MASK,XAXIDMA_DEVICE_TO_DMA);
  ^~~~~~~~~~~~~~~~~~~
../src/helloworld.cpp: At global scope:
../src/helloworld.cpp:95:31: error: 'YOLO_INPUT_HEIGHT' was not declared in this scope
 short layer_output_hls_reduce[YOLO_INPUT_HEIGHT*YOLO_INPUT_WIDTH*MAX_KERNEL_NUM];
                               ^~~~~~~~~~~~~~~~~
../src/helloworld.cpp:95:49: error: 'YOLO_INPUT_WIDTH' was not declared in this scope
 short layer_output_hls_reduce[YOLO_INPUT_HEIGHT*YOLO_INPUT_WIDTH*MAX_KERNEL_NUM];
                                                 ^~~~~~~~~~~~~~~~
../src/helloworld.cpp:95:49: note: suggested alternative: 'ACC_INPUT_W'
 short layer_output_hls_reduce[YOLO_INPUT_HEIGHT*YOLO_INPUT_WIDTH*MAX_KERNEL_NUM];
                                                 ^~~~~~~~~~~~~~~~
                                                 ACC_INPUT_W
../src/helloworld.cpp: In function 'int main()':
../src/helloworld.cpp:108:39: error: 'yolo_yolo_top' was not declared in this scope
     XYolo_yolo_top_Set_activate_en_V(&yolo_yolo_top,0xfffffff3);
                                       ^~~~~~~~~~~~~
../src/helloworld.cpp:108:39: note: suggested alternative: 'yolo_acc_top'
     XYolo_yolo_top_Set_activate_en_V(&yolo_yolo_top,0xfffffff3);
                                       ^~~~~~~~~~~~~
                                       yolo_acc_top
../src/helloworld.cpp:108:5: error: 'XYolo_yolo_top_Set_activate_en_V' was not declared in this scope
     XYolo_yolo_top_Set_activate_en_V(&yolo_yolo_top,0xfffffff3);
     ^~~~~~~~~~~~~~~~~~~~~~~~~~~~~~~~
../src/helloworld.cpp:108:5: note: suggested alternative: 'XYolo_acc_top_Set_input_w_V'
     XYolo_yolo_top_Set_activate_en_V(&yolo_yolo_top,0xfffffff3);
     ^~~~~~~~~~~~~~~~~~~~~~~~~~~~~~~~
     XYolo_acc_top_Set_input_w_V
../src/helloworld.cpp:109:49: error: 'YOLO_INPUT_HEIGHT' was not declared in this scope
     XYolo_yolo_top_Set_input_h_V(&yolo_yolo_top,YOLO_INPUT_HEIGHT);
                                                 ^~~~~~~~~~~~~~~~~
../src/helloworld.cpp:109:5: error: 'XYolo_yolo_top_Set_input_h_V' was not declared in this scope
     XYolo_yolo_top_Set_input_h_V(&yolo_yolo_top,YOLO_INPUT_HEIGHT);
     ^~~~~~~~~~~~~~~~~~~~~~~~~~~~
../src/helloworld.cpp:109:5: note: suggested alternative: 'XYolo_acc_top_Set_input_h_V'
     XYolo_yolo_top_Set_input_h_V(&yolo_yolo_top,YOLO_INPUT_HEIGHT);
     ^~~~~~~~~~~~~~~~~~~~~~~~~~~~
     XYolo_acc_top_Set_input_h_V
../src/helloworld.cpp:110:49: error: 'YOLO_INPUT_WIDTH' was not declared in this scope
     XYolo_yolo_top_Set_input_w_V(&yolo_yolo_top,YOLO_INPUT_WIDTH);
                                                 ^~~~~~~~~~~~~~~~
../src/helloworld.cpp:110:49: note: suggested alternative: 'ACC_INPUT_W'
     XYolo_yolo_top_Set_input_w_V(&yolo_yolo_top,YOLO_INPUT_WIDTH);
                                                 ^~~~~~~~~~~~~~~~
                                                 ACC_INPUT_W
../src/helloworld.cpp:110:5: error: 'XYolo_yolo_top_Set_input_w_V' was not declared in this scope
     XYolo_yolo_top_Set_input_w_V(&yolo_yolo_top,YOLO_INPUT_WIDTH);
     ^~~~~~~~~~~~~~~~~~~~~~~~~~~~
../src/helloworld.cpp:110:5: note: suggested alternative: 'XYolo_acc_top_Set_input_w_V'
     XYolo_yolo_top_Set_input_w_V(&yolo_yolo_top,YOLO_INPUT_WIDTH);
     ^~~~~~~~~~~~~~~~~~~~~~~~~~~~
     XYolo_acc_top_Set_input_w_V
../src/helloworld.cpp:112:5: error: 'XYolo_yolo_top_Start' was not declared in this scope
     XYolo_yolo_top_Start(&yolo_yolo_top);
     ^~~~~~~~~~~~~~~~~~~~
../src/helloworld.cpp:112:5: note: suggested alternative: 'XYolo_acc_top_Start'
     XYolo_yolo_top_Start(&yolo_yolo_top);
     ^~~~~~~~~~~~~~~~~~~~
     XYolo_acc_top_Start
../src/helloworld.cpp:115:31: error: 'layer_input_reduce' was not declared in this scope
     Xil_DCacheFlushRange((u32)layer_input_reduce,YOLO_INPUT_HEIGHT*YOLO_INPUT_WIDTH*MAX_KERNEL_NUM*sizeof(short));
                               ^~~~~~~~~~~~~~~~~~
../src/helloworld.cpp:116:31: error: 'layer_output_hls_reduce' was not declared in this scope
     Xil_DCacheFlushRange((u32)layer_output_hls_reduce,YOLO_INPUT_HEIGHT*YOLO_INPUT_WIDTH*MAX_KERNEL_NUM*sizeof(short));
                               ^~~~~~~~~~~~~~~~~~~~~~~
../src/helloworld.cpp:119:29: error: 'axiDMA' was not declared in this scope
     XAxiDma_SimpleTransfer(&axiDMA,(u32)layer_input_reduce,YOLO_INPUT_HEIGHT*YOLO_INPUT_WIDTH*MAX_KERNEL_NUM*sizeof(short),XAXIDMA_DMA_TO_DEVICE);
                             ^~~~~~
../src/helloworld.cpp:119:29: note: suggested alternative: 'axiDMA_1'
     XAxiDma_SimpleTransfer(&axiDMA,(u32)layer_input_reduce,YOLO_INPUT_HEIGHT*YOLO_INPUT_WIDTH*MAX_KERNEL_NUM*sizeof(short),XAXIDMA_DMA_TO_DEVICE);
                             ^~~~~~
                             axiDMA_1
../src/helloworld.cpp:127:9: error: 'XYolo_yolo_top_IsDone' was not declared in this scope
  while(!XYolo_yolo_top_IsDone(&yolo_yolo_top));
         ^~~~~~~~~~~~~~~~~~~~~
../src/helloworld.cpp:127:9: note: suggested alternative: 'XYolo_acc_top_IsDone'
  while(!XYolo_yolo_top_IsDone(&yolo_yolo_top));
         ^~~~~~~~~~~~~~~~~~~~~
         XYolo_acc_top_IsDone
../src/helloworld.cpp:136:15: error: 'layer_output_sdk_reduce' was not declared in this scope
   short ref = layer_output_sdk_reduce[idx];
               ^~~~~~~~~~~~~~~~~~~~~~~
src/subdir.mk:21: recipe for target 'src/helloworld.o' failed
make: *** [src/helloworld.o] Error 1
16:17:22 **** Auto Build of configuration Debug for project yolo_acc_ps ****
make pre-build main-build 
a9-linaro-pre-build-step
 
Building file: ../src/helloworld.cpp
Invoking: ARM v7 g++ compiler
arm-none-eabi-g++ -Wall -O0 -g3 -I/home/xavier/MSc_Project/hls/yolo_conv_hls_2019/yolo_acc_fp_prj_2019_64/yolo_acc_fp_prj_2019_64.sdk/include -c -fmessage-length=0 -MT"src/helloworld.o" -mcpu=cortex-a9 -mfpu=vfpv3 -mfloat-abi=hard -I../../yolo_acc_ps_bsp/ps7_cortexa9_0/include -MMD -MP -MF"src/helloworld.d" -MT"src/helloworld.o" -o "src/helloworld.o" "../src/helloworld.cpp"
In file included from ../src/helloworld.cpp:52:
../../yolo_acc_ps_bsp/ps7_cortexa9_0/include/xtime_l.h:87:70: note: #pragma message: For the sleep routines, Global timer is being used
 #pragma message ("For the sleep routines, Global timer is being used")
                                                                      ^
../src/helloworld.cpp: In function 'void initPeripherals()':
../src/helloworld.cpp:82:2: error: 'axiDMA_cfg' was not declared in this scope
  axiDMA_cfg = XAxiDma_LookupConfig(XPAR_AXIDMA_0_DEVICE_ID);
  ^~~~~~~~~~
../src/helloworld.cpp:82:2: note: suggested alternative: 'axiDMA_cfg_1'
  axiDMA_cfg = XAxiDma_LookupConfig(XPAR_AXIDMA_0_DEVICE_ID);
  ^~~~~~~~~~
  axiDMA_cfg_1
../src/helloworld.cpp:85:39: error: 'axiDMA' was not declared in this scope
   int status = XAxiDma_CfgInitialize(&axiDMA,axiDMA_cfg);
                                       ^~~~~~
../src/helloworld.cpp:85:39: note: suggested alternative: 'axiDMA_1'
   int status = XAxiDma_CfgInitialize(&axiDMA,axiDMA_cfg);
                                       ^~~~~~
                                       axiDMA_1
In file included from ../../yolo_acc_ps_bsp/ps7_cortexa9_0/include/xaxidma_bd.h:114,
                 from ../../yolo_acc_ps_bsp/ps7_cortexa9_0/include/xaxidma_bdring.h:83,
                 from ../../yolo_acc_ps_bsp/ps7_cortexa9_0/include/xaxidma.h:488,
                 from ../src/helloworld.cpp:55:
../src/helloworld.cpp:92:23: error: 'axiDMA' was not declared in this scope
  XAxiDma_IntrDisable(&axiDMA,XAXIDMA_IRQ_ALL_MASK,XAXIDMA_DEVICE_TO_DMA);
                       ^~~~~~
../../yolo_acc_ps_bsp/ps7_cortexa9_0/include/xaxidma_hw.h:335:20: note: in definition of macro 'XAxiDma_WriteReg'
     XAxiDma_Out32((BaseAddress) + (RegOffset), (Data))
                    ^~~~~~~~~~~
../src/helloworld.cpp:92:2: note: in expansion of macro 'XAxiDma_IntrDisable'
  XAxiDma_IntrDisable(&axiDMA,XAXIDMA_IRQ_ALL_MASK,XAXIDMA_DEVICE_TO_DMA);
  ^~~~~~~~~~~~~~~~~~~
../src/helloworld.cpp:92:23: note: suggested alternative: 'axiDMA_1'
  XAxiDma_IntrDisable(&axiDMA,XAXIDMA_IRQ_ALL_MASK,XAXIDMA_DEVICE_TO_DMA);
                       ^~~~~~
../../yolo_acc_ps_bsp/ps7_cortexa9_0/include/xaxidma_hw.h:335:20: note: in definition of macro 'XAxiDma_WriteReg'
     XAxiDma_Out32((BaseAddress) + (RegOffset), (Data))
                    ^~~~~~~~~~~
../src/helloworld.cpp:92:2: note: in expansion of macro 'XAxiDma_IntrDisable'
  XAxiDma_IntrDisable(&axiDMA,XAXIDMA_IRQ_ALL_MASK,XAXIDMA_DEVICE_TO_DMA);
  ^~~~~~~~~~~~~~~~~~~
../src/helloworld.cpp: At global scope:
../src/helloworld.cpp:95:31: error: 'YOLO_INPUT_HEIGHT' was not declared in this scope
 short layer_output_hls_reduce[YOLO_INPUT_HEIGHT*YOLO_INPUT_WIDTH*MAX_KERNEL_NUM];
                               ^~~~~~~~~~~~~~~~~
../src/helloworld.cpp:95:49: error: 'YOLO_INPUT_WIDTH' was not declared in this scope
 short layer_output_hls_reduce[YOLO_INPUT_HEIGHT*YOLO_INPUT_WIDTH*MAX_KERNEL_NUM];
                                                 ^~~~~~~~~~~~~~~~
../src/helloworld.cpp:95:49: note: suggested alternative: 'ACC_INPUT_W'
 short layer_output_hls_reduce[YOLO_INPUT_HEIGHT*YOLO_INPUT_WIDTH*MAX_KERNEL_NUM];
                                                 ^~~~~~~~~~~~~~~~
                                                 ACC_INPUT_W
../src/helloworld.cpp: In function 'int main()':
../src/helloworld.cpp:108:39: error: 'yolo_yolo_top' was not declared in this scope
     XYolo_yolo_top_Set_activate_en_V(&yolo_yolo_top,0xfffffff3);
                                       ^~~~~~~~~~~~~
../src/helloworld.cpp:108:39: note: suggested alternative: 'yolo_acc_top'
     XYolo_yolo_top_Set_activate_en_V(&yolo_yolo_top,0xfffffff3);
                                       ^~~~~~~~~~~~~
                                       yolo_acc_top
../src/helloworld.cpp:108:5: error: 'XYolo_yolo_top_Set_activate_en_V' was not declared in this scope
     XYolo_yolo_top_Set_activate_en_V(&yolo_yolo_top,0xfffffff3);
     ^~~~~~~~~~~~~~~~~~~~~~~~~~~~~~~~
../src/helloworld.cpp:108:5: note: suggested alternative: 'XYolo_acc_top_Set_input_w_V'
     XYolo_yolo_top_Set_activate_en_V(&yolo_yolo_top,0xfffffff3);
     ^~~~~~~~~~~~~~~~~~~~~~~~~~~~~~~~
     XYolo_acc_top_Set_input_w_V
../src/helloworld.cpp:109:49: error: 'YOLO_INPUT_HEIGHT' was not declared in this scope
     XYolo_yolo_top_Set_input_h_V(&yolo_yolo_top,YOLO_INPUT_HEIGHT);
                                                 ^~~~~~~~~~~~~~~~~
../src/helloworld.cpp:109:5: error: 'XYolo_yolo_top_Set_input_h_V' was not declared in this scope
     XYolo_yolo_top_Set_input_h_V(&yolo_yolo_top,YOLO_INPUT_HEIGHT);
     ^~~~~~~~~~~~~~~~~~~~~~~~~~~~
../src/helloworld.cpp:109:5: note: suggested alternative: 'XYolo_acc_top_Set_input_h_V'
     XYolo_yolo_top_Set_input_h_V(&yolo_yolo_top,YOLO_INPUT_HEIGHT);
     ^~~~~~~~~~~~~~~~~~~~~~~~~~~~
     XYolo_acc_top_Set_input_h_V
../src/helloworld.cpp:110:49: error: 'YOLO_INPUT_WIDTH' was not declared in this scope
     XYolo_yolo_top_Set_input_w_V(&yolo_yolo_top,YOLO_INPUT_WIDTH);
                                                 ^~~~~~~~~~~~~~~~
../src/helloworld.cpp:110:49: note: suggested alternative: 'ACC_INPUT_W'
     XYolo_yolo_top_Set_input_w_V(&yolo_yolo_top,YOLO_INPUT_WIDTH);
                                                 ^~~~~~~~~~~~~~~~
                                                 ACC_INPUT_W
../src/helloworld.cpp:110:5: error: 'XYolo_yolo_top_Set_input_w_V' was not declared in this scope
     XYolo_yolo_top_Set_input_w_V(&yolo_yolo_top,YOLO_INPUT_WIDTH);
     ^~~~~~~~~~~~~~~~~~~~~~~~~~~~
../src/helloworld.cpp:110:5: note: suggested alternative: 'XYolo_acc_top_Set_input_w_V'
     XYolo_yolo_top_Set_input_w_V(&yolo_yolo_top,YOLO_INPUT_WIDTH);
     ^~~~~~~~~~~~~~~~~~~~~~~~~~~~
     XYolo_acc_top_Set_input_w_V
../src/helloworld.cpp:112:5: error: 'XYolo_yolo_top_Start' was not declared in this scope
     XYolo_yolo_top_Start(&yolo_yolo_top);
     ^~~~~~~~~~~~~~~~~~~~
../src/helloworld.cpp:112:5: note: suggested alternative: 'XYolo_acc_top_Start'
     XYolo_yolo_top_Start(&yolo_yolo_top);
     ^~~~~~~~~~~~~~~~~~~~
     XYolo_acc_top_Start
../src/helloworld.cpp:115:31: error: 'layer_input_reduce' was not declared in this scope
     Xil_DCacheFlushRange((u32)layer_input_reduce,YOLO_INPUT_HEIGHT*YOLO_INPUT_WIDTH*MAX_KERNEL_NUM*sizeof(short));
                               ^~~~~~~~~~~~~~~~~~
../src/helloworld.cpp:116:31: error: 'layer_output_hls_reduce' was not declared in this scope
     Xil_DCacheFlushRange((u32)layer_output_hls_reduce,YOLO_INPUT_HEIGHT*YOLO_INPUT_WIDTH*MAX_KERNEL_NUM*sizeof(short));
src/subdir.mk:21: recipe for target 'src/helloworld.o' failed
                               ^~~~~~~~~~~~~~~~~~~~~~~
../src/helloworld.cpp:119:29: error: 'axiDMA' was not declared in this scope
     XAxiDma_SimpleTransfer(&axiDMA,(u32)layer_input_reduce,YOLO_INPUT_HEIGHT*YOLO_INPUT_WIDTH*MAX_KERNEL_NUM*sizeof(short),XAXIDMA_DMA_TO_DEVICE);
                             ^~~~~~
../src/helloworld.cpp:119:29: note: suggested alternative: 'axiDMA_1'
     XAxiDma_SimpleTransfer(&axiDMA,(u32)layer_input_reduce,YOLO_INPUT_HEIGHT*YOLO_INPUT_WIDTH*MAX_KERNEL_NUM*sizeof(short),XAXIDMA_DMA_TO_DEVICE);
                             ^~~~~~
                             axiDMA_1
../src/helloworld.cpp:127:9: error: 'XYolo_yolo_top_IsDone' was not declared in this scope
  while(!XYolo_yolo_top_IsDone(&yolo_yolo_top));
         ^~~~~~~~~~~~~~~~~~~~~
../src/helloworld.cpp:127:9: note: suggested alternative: 'XYolo_acc_top_IsDone'
  while(!XYolo_yolo_top_IsDone(&yolo_yolo_top));
         ^~~~~~~~~~~~~~~~~~~~~
         XYolo_acc_top_IsDone
../src/helloworld.cpp:136:15: error: 'layer_output_sdk_reduce' was not declared in this scope
   short ref = layer_output_sdk_reduce[idx];
               ^~~~~~~~~~~~~~~~~~~~~~~
make: *** [src/helloworld.o] Error 1
17:10:36 **** Auto Build of configuration Debug for project yolo_acc_ps ****
make pre-build main-build 
a9-linaro-pre-build-step
 
Building file: ../src/helloworld.cpp
Invoking: ARM v7 g++ compiler
arm-none-eabi-g++ -Wall -O0 -g3 -I/home/xavier/MSc_Project/hls/yolo_conv_hls_2019/yolo_acc_fp_prj_2019_64/yolo_acc_fp_prj_2019_64.sdk/include -c -fmessage-length=0 -MT"src/helloworld.o" -mcpu=cortex-a9 -mfpu=vfpv3 -mfloat-abi=hard -I../../yolo_acc_ps_bsp/ps7_cortexa9_0/include -MMD -MP -MF"src/helloworld.d" -MT"src/helloworld.o" -o "src/helloworld.o" "../src/helloworld.cpp"
In file included from ../src/helloworld.cpp:52:
../../yolo_acc_ps_bsp/ps7_cortexa9_0/include/xtime_l.h:87:70: note: #pragma message: For the sleep routines, Global timer is being used
 #pragma message ("For the sleep routines, Global timer is being used")
                                                                      ^
../src/helloworld.cpp: In function 'void initPeripherals()':
../src/helloworld.cpp:83:5: error: 'axiDMA_cfg' was not declared in this scope
  if(axiDMA_cfg)
     ^~~~~~~~~~
../src/helloworld.cpp:83:5: note: suggested alternative: 'axiDMA_cfg_1'
  if(axiDMA_cfg)
     ^~~~~~~~~~
     axiDMA_cfg_1
../src/helloworld.cpp:85:39: error: 'axiDMA' was not declared in this scope
   int status = XAxiDma_CfgInitialize(&axiDMA,axiDMA_cfg);
                                       ^~~~~~
../src/helloworld.cpp:85:39: note: suggested alternative: 'axiDMA_1'
   int status = XAxiDma_CfgInitialize(&axiDMA,axiDMA_cfg);
                                       ^~~~~~
                                       axiDMA_1
In file included from ../../yolo_acc_ps_bsp/ps7_cortexa9_0/include/xaxidma_bd.h:114,
                 from ../../yolo_acc_ps_bsp/ps7_cortexa9_0/include/xaxidma_bdring.h:83,
                 from ../../yolo_acc_ps_bsp/ps7_cortexa9_0/include/xaxidma.h:488,
                 from ../src/helloworld.cpp:55:
../src/helloworld.cpp:92:23: error: 'axiDMA' was not declared in this scope
  XAxiDma_IntrDisable(&axiDMA,XAXIDMA_IRQ_ALL_MASK,XAXIDMA_DEVICE_TO_DMA);
                       ^~~~~~
../../yolo_acc_ps_bsp/ps7_cortexa9_0/include/xaxidma_hw.h:335:20: note: in definition of macro 'XAxiDma_WriteReg'
     XAxiDma_Out32((BaseAddress) + (RegOffset), (Data))
                    ^~~~~~~~~~~
../src/helloworld.cpp:92:2: note: in expansion of macro 'XAxiDma_IntrDisable'
  XAxiDma_IntrDisable(&axiDMA,XAXIDMA_IRQ_ALL_MASK,XAXIDMA_DEVICE_TO_DMA);
  ^~~~~~~~~~~~~~~~~~~
../src/helloworld.cpp:92:23: note: suggested alternative: 'axiDMA_1'
  XAxiDma_IntrDisable(&axiDMA,XAXIDMA_IRQ_ALL_MASK,XAXIDMA_DEVICE_TO_DMA);
                       ^~~~~~
../../yolo_acc_ps_bsp/ps7_cortexa9_0/include/xaxidma_hw.h:335:20: note: in definition of macro 'XAxiDma_WriteReg'
     XAxiDma_Out32((BaseAddress) + (RegOffset), (Data))
                    ^~~~~~~~~~~
../src/helloworld.cpp:92:2: note: in expansion of macro 'XAxiDma_IntrDisable'
  XAxiDma_IntrDisable(&axiDMA,XAXIDMA_IRQ_ALL_MASK,XAXIDMA_DEVICE_TO_DMA);
  ^~~~~~~~~~~~~~~~~~~
../src/helloworld.cpp: At global scope:
../src/helloworld.cpp:95:31: error: 'YOLO_INPUT_HEIGHT' was not declared in this scope
 short layer_output_hls_reduce[YOLO_INPUT_HEIGHT*YOLO_INPUT_WIDTH*MAX_KERNEL_NUM];
                               ^~~~~~~~~~~~~~~~~
../src/helloworld.cpp:95:49: error: 'YOLO_INPUT_WIDTH' was not declared in this scope
 short layer_output_hls_reduce[YOLO_INPUT_HEIGHT*YOLO_INPUT_WIDTH*MAX_KERNEL_NUM];
                                                 ^~~~~~~~~~~~~~~~
../src/helloworld.cpp:95:49: note: suggested alternative: 'ACC_INPUT_W'
 short layer_output_hls_reduce[YOLO_INPUT_HEIGHT*YOLO_INPUT_WIDTH*MAX_KERNEL_NUM];
                                                 ^~~~~~~~~~~~~~~~
                                                 ACC_INPUT_W
../src/helloworld.cpp: In function 'int main()':
../src/helloworld.cpp:108:39: error: 'yolo_yolo_top' was not declared in this scope
     XYolo_yolo_top_Set_activate_en_V(&yolo_yolo_top,0xfffffff3);
                                       ^~~~~~~~~~~~~
../src/helloworld.cpp:108:39: note: suggested alternative: 'yolo_acc_top'
     XYolo_yolo_top_Set_activate_en_V(&yolo_yolo_top,0xfffffff3);
                                       ^~~~~~~~~~~~~
                                       yolo_acc_top
../src/helloworld.cpp:108:5: error: 'XYolo_yolo_top_Set_activate_en_V' was not declared in this scope
     XYolo_yolo_top_Set_activate_en_V(&yolo_yolo_top,0xfffffff3);
     ^~~~~~~~~~~~~~~~~~~~~~~~~~~~~~~~
../src/helloworld.cpp:108:5: note: suggested alternative: 'XYolo_acc_top_Set_input_w_V'
     XYolo_yolo_top_Set_activate_en_V(&yolo_yolo_top,0xfffffff3);
     ^~~~~~~~~~~~~~~~~~~~~~~~~~~~~~~~
     XYolo_acc_top_Set_input_w_V
../src/helloworld.cpp:109:49: error: 'YOLO_INPUT_HEIGHT' was not declared in this scope
     XYolo_yolo_top_Set_input_h_V(&yolo_yolo_top,YOLO_INPUT_HEIGHT);
                                                 ^~~~~~~~~~~~~~~~~
../src/helloworld.cpp:109:5: error: 'XYolo_yolo_top_Set_input_h_V' was not declared in this scope
     XYolo_yolo_top_Set_input_h_V(&yolo_yolo_top,YOLO_INPUT_HEIGHT);
     ^~~~~~~~~~~~~~~~~~~~~~~~~~~~
../src/helloworld.cpp:109:5: note: suggested alternative: 'XYolo_acc_top_Set_input_h_V'
     XYolo_yolo_top_Set_input_h_V(&yolo_yolo_top,YOLO_INPUT_HEIGHT);
     ^~~~~~~~~~~~~~~~~~~~~~~~~~~~
     XYolo_acc_top_Set_input_h_V
../src/helloworld.cpp:110:49: error: 'YOLO_INPUT_WIDTH' was not declared in this scope
     XYolo_yolo_top_Set_input_w_V(&yolo_yolo_top,YOLO_INPUT_WIDTH);
                                                 ^~~~~~~~~~~~~~~~
../src/helloworld.cpp:110:49: note: suggested alternative: 'ACC_INPUT_W'
     XYolo_yolo_top_Set_input_w_V(&yolo_yolo_top,YOLO_INPUT_WIDTH);
                                                 ^~~~~~~~~~~~~~~~
                                                 ACC_INPUT_W
../src/helloworld.cpp:110:5: error: 'XYolo_yolo_top_Set_input_w_V' was not declared in this scope
     XYolo_yolo_top_Set_input_w_V(&yolo_yolo_top,YOLO_INPUT_WIDTH);
     ^~~~~~~~~~~~~~~~~~~~~~~~~~~~
../src/helloworld.cpp:110:5: note: suggested alternative: 'XYolo_acc_top_Set_input_w_V'
     XYolo_yolo_top_Set_input_w_V(&yolo_yolo_top,YOLO_INPUT_WIDTH);
     ^~~~~~~~~~~~~~~~~~~~~~~~~~~~
     XYolo_acc_top_Set_input_w_V
../src/helloworld.cpp:112:5: error: 'XYolo_yolo_top_Start' was not declared in this scope
     XYolo_yolo_top_Start(&yolo_yolo_top);
     ^~~~~~~~~~~~~~~~~~~~
../src/helloworld.cpp:112:5: note: suggested alternative: 'XYolo_acc_top_Start'
     XYolo_yolo_top_Start(&yolo_yolo_top);
     ^~~~~~~~~~~~~~~~~~~~
     XYolo_acc_top_Start
../src/helloworld.cpp:115:31: error: 'layer_input_reduce' was not declared in this scope
     Xil_DCacheFlushRange((u32)layer_input_reduce,YOLO_INPUT_HEIGHT*YOLO_INPUT_WIDTH*MAX_KERNEL_NUM*sizeof(short));
                               ^~~~~~~~~~~~~~~~~~
../src/helloworld.cpp:116:31: error: 'layer_output_hls_reduce' was not declared in this scope
     Xil_DCacheFlushRange((u32)layer_output_hls_reduce,YOLO_INPUT_HEIGHT*YOLO_INPUT_WIDTH*MAX_KERNEL_NUM*sizeof(short));
                               ^~~~~~~~~~~~~~~~~~~~~~~
../src/helloworld.cpp:119:29: error: 'axiDMA' was not declared in this scope
     XAxiDma_SimpleTransfer(&axiDMA,(u32)layer_input_reduce,YOLO_INPUT_HEIGHT*YOLO_INPUT_WIDTH*MAX_KERNEL_NUM*sizeof(short),XAXIDMA_DMA_TO_DEVICE);
                             ^~~~~~
../src/helloworld.cpp:119:29: note: suggested alternative: 'axiDMA_1'
     XAxiDma_SimpleTransfer(&axiDMA,(u32)layer_input_reduce,YOLO_INPUT_HEIGHT*YOLO_INPUT_WIDTH*MAX_KERNEL_NUM*sizeof(short),XAXIDMA_DMA_TO_DEVICE);
                             ^~~~~~
                             axiDMA_1
../src/helloworld.cpp:127:9: error: 'XYolo_yolo_top_IsDone' was not declared in this scope
  while(!XYolo_yolo_top_IsDone(&yolo_yolo_top));
         ^~~~~~~~~~~~~~~~~~~~~
../src/helloworld.cpp:127:9: note: suggested alternative: 'XYolo_acc_top_IsDone'
  while(!XYolo_yolo_top_IsDone(&yolo_yolo_top));
         ^~~~~~~~~~~~~~~~~~~~~
         XYolo_acc_top_IsDone
../src/helloworld.cpp:136:15: error: 'layer_output_sdk_reduce' was not declared in this scope
   short ref = layer_output_sdk_reduce[idx];
               ^~~~~~~~~~~~~~~~~~~~~~~
src/subdir.mk:21: recipe for target 'src/helloworld.o' failed
make: *** [src/helloworld.o] Error 1
17:10:58 **** Auto Build of configuration Debug for project yolo_acc_ps ****
make pre-build main-build 
a9-linaro-pre-build-step
 
Building file: ../src/helloworld.cpp
Invoking: ARM v7 g++ compiler
arm-none-eabi-g++ -Wall -O0 -g3 -I/home/xavier/MSc_Project/hls/yolo_conv_hls_2019/yolo_acc_fp_prj_2019_64/yolo_acc_fp_prj_2019_64.sdk/include -c -fmessage-length=0 -MT"src/helloworld.o" -mcpu=cortex-a9 -mfpu=vfpv3 -mfloat-abi=hard -I../../yolo_acc_ps_bsp/ps7_cortexa9_0/include -MMD -MP -MF"src/helloworld.d" -MT"src/helloworld.o" -o "src/helloworld.o" "../src/helloworld.cpp"
In file included from ../src/helloworld.cpp:52:
../../yolo_acc_ps_bsp/ps7_cortexa9_0/include/xtime_l.h:87:70: note: #pragma message: For the sleep routines, Global timer is being used
 #pragma message ("For the sleep routines, Global timer is being used")
                                                                      ^
../src/helloworld.cpp: In function 'void initPeripherals()':
../src/helloworld.cpp:83:18: error: expected primary-expression before ')' token
  if(axiDMA_cfg_0))
                  ^
In file included from ../../yolo_acc_ps_bsp/ps7_cortexa9_0/include/xaxidma_bd.h:114,
                 from ../../yolo_acc_ps_bsp/ps7_cortexa9_0/include/xaxidma_bdring.h:83,
                 from ../../yolo_acc_ps_bsp/ps7_cortexa9_0/include/xaxidma.h:488,
                 from ../src/helloworld.cpp:55:
../src/helloworld.cpp:92:23: error: 'axiDMA' was not declared in this scope
  XAxiDma_IntrDisable(&axiDMA,XAXIDMA_IRQ_ALL_MASK,XAXIDMA_DEVICE_TO_DMA);
                       ^~~~~~
../../yolo_acc_ps_bsp/ps7_cortexa9_0/include/xaxidma_hw.h:335:20: note: in definition of macro 'XAxiDma_WriteReg'
     XAxiDma_Out32((BaseAddress) + (RegOffset), (Data))
                    ^~~~~~~~~~~
../src/helloworld.cpp:92:2: note: in expansion of macro 'XAxiDma_IntrDisable'
  XAxiDma_IntrDisable(&axiDMA,XAXIDMA_IRQ_ALL_MASK,XAXIDMA_DEVICE_TO_DMA);
  ^~~~~~~~~~~~~~~~~~~
../src/helloworld.cpp:92:23: note: suggested alternative: 'axiDMA_1'
  XAxiDma_IntrDisable(&axiDMA,XAXIDMA_IRQ_ALL_MASK,XAXIDMA_DEVICE_TO_DMA);
                       ^~~~~~
../../yolo_acc_ps_bsp/ps7_cortexa9_0/include/xaxidma_hw.h:335:20: note: in definition of macro 'XAxiDma_WriteReg'
     XAxiDma_Out32((BaseAddress) + (RegOffset), (Data))
                    ^~~~~~~~~~~
../src/helloworld.cpp:92:2: note: in expansion of macro 'XAxiDma_IntrDisable'
  XAxiDma_IntrDisable(&axiDMA,XAXIDMA_IRQ_ALL_MASK,XAXIDMA_DEVICE_TO_DMA);
  ^~~~~~~~~~~~~~~~~~~
../src/helloworld.cpp: At global scope:
../src/helloworld.cpp:95:31: error: 'YOLO_INPUT_HEIGHT' was not declared in this scope
 short layer_output_hls_reduce[YOLO_INPUT_HEIGHT*YOLO_INPUT_WIDTH*MAX_KERNEL_NUM];
                               ^~~~~~~~~~~~~~~~~
../src/helloworld.cpp:95:49: error: 'YOLO_INPUT_WIDTH' was not declared in this scope
 short layer_output_hls_reduce[YOLO_INPUT_HEIGHT*YOLO_INPUT_WIDTH*MAX_KERNEL_NUM];
                                                 ^~~~~~~~~~~~~~~~
../src/helloworld.cpp:95:49: note: suggested alternative: 'ACC_INPUT_W'
 short layer_output_hls_reduce[YOLO_INPUT_HEIGHT*YOLO_INPUT_WIDTH*MAX_KERNEL_NUM];
                                                 ^~~~~~~~~~~~~~~~
                                                 ACC_INPUT_W
../src/helloworld.cpp: In function 'int main()':
../src/helloworld.cpp:108:39: error: 'yolo_yolo_top' was not declared in this scope
     XYolo_yolo_top_Set_activate_en_V(&yolo_yolo_top,0xfffffff3);
                                       ^~~~~~~~~~~~~
../src/helloworld.cpp:108:39: note: suggested alternative: 'yolo_acc_top'
     XYolo_yolo_top_Set_activate_en_V(&yolo_yolo_top,0xfffffff3);
                                       ^~~~~~~~~~~~~
                                       yolo_acc_top
../src/helloworld.cpp:108:5: error: 'XYolo_yolo_top_Set_activate_en_V' was not declared in this scope
     XYolo_yolo_top_Set_activate_en_V(&yolo_yolo_top,0xfffffff3);
     ^~~~~~~~~~~~~~~~~~~~~~~~~~~~~~~~
../src/helloworld.cpp:108:5: note: suggested alternative: 'XYolo_acc_top_Set_input_w_V'
     XYolo_yolo_top_Set_activate_en_V(&yolo_yolo_top,0xfffffff3);
     ^~~~~~~~~~~~~~~~~~~~~~~~~~~~~~~~
     XYolo_acc_top_Set_input_w_V
../src/helloworld.cpp:109:49: error: 'YOLO_INPUT_HEIGHT' was not declared in this scope
     XYolo_yolo_top_Set_input_h_V(&yolo_yolo_top,YOLO_INPUT_HEIGHT);
                                                 ^~~~~~~~~~~~~~~~~
../src/helloworld.cpp:109:5: error: 'XYolo_yolo_top_Set_input_h_V' was not declared in this scope
     XYolo_yolo_top_Set_input_h_V(&yolo_yolo_top,YOLO_INPUT_HEIGHT);
     ^~~~~~~~~~~~~~~~~~~~~~~~~~~~
../src/helloworld.cpp:109:5: note: suggested alternative: 'XYolo_acc_top_Set_input_h_V'
     XYolo_yolo_top_Set_input_h_V(&yolo_yolo_top,YOLO_INPUT_HEIGHT);
     ^~~~~~~~~~~~~~~~~~~~~~~~~~~~
     XYolo_acc_top_Set_input_h_V
../src/helloworld.cpp:110:49: error: 'YOLO_INPUT_WIDTH' was not declared in this scope
     XYolo_yolo_top_Set_input_w_V(&yolo_yolo_top,YOLO_INPUT_WIDTH);
                                                 ^~~~~~~~~~~~~~~~
../src/helloworld.cpp:110:49: note: suggested alternative: 'ACC_INPUT_W'
     XYolo_yolo_top_Set_input_w_V(&yolo_yolo_top,YOLO_INPUT_WIDTH);
                                                 ^~~~~~~~~~~~~~~~
                                                 ACC_INPUT_W
../src/helloworld.cpp:110:5: error: 'XYolo_yolo_top_Set_input_w_V' was not declared in this scope
     XYolo_yolo_top_Set_input_w_V(&yolo_yolo_top,YOLO_INPUT_WIDTH);
     ^~~~~~~~~~~~~~~~~~~~~~~~~~~~
../src/helloworld.cpp:110:5: note: suggested alternative: 'XYolo_acc_top_Set_input_w_V'
     XYolo_yolo_top_Set_input_w_V(&yolo_yolo_top,YOLO_INPUT_WIDTH);
     ^~~~~~~~~~~~~~~~~~~~~~~~~~~~
     XYolo_acc_top_Set_input_w_V
../src/helloworld.cpp:112:5: error: 'XYolo_yolo_top_Start' was not declared in this scope
     XYolo_yolo_top_Start(&yolo_yolo_top);
     ^~~~~~~~~~~~~~~~~~~~
../src/helloworld.cpp:112:5: note: suggested alternative: 'XYolo_acc_top_Start'
     XYolo_yolo_top_Start(&yolo_yolo_top);
     ^~~~~~~~~~~~~~~~~~~~
     XYolo_acc_top_Start
../src/helloworld.cpp:115:31: error: 'layer_input_reduce' was not declared in this scope
     Xil_DCacheFlushRange((u32)layer_input_reduce,YOLO_INPUT_HEIGHT*YOLO_INPUT_WIDTH*MAX_KERNEL_NUM*sizeof(short));
                               ^~~~~~~~~~~~~~~~~~
../src/helloworld.cpp:116:31: error: 'layer_output_hls_reduce' was not declared in this scope
     Xil_DCacheFlushRange((u32)layer_output_hls_reduce,YOLO_INPUT_HEIGHT*YOLO_INPUT_WIDTH*MAX_KERNEL_NUM*sizeof(short));
                               ^~~~~~~~~~~~~~~~~~~~~~~
../src/helloworld.cpp:119:29: error: 'axiDMA' was not declared in this scope
     XAxiDma_SimpleTransfer(&axiDMA,(u32)layer_input_reduce,YOLO_INPUT_HEIGHT*YOLO_INPUT_WIDTH*MAX_KERNEL_NUM*sizeof(short),XAXIDMA_DMA_TO_DEVICE);
                             ^~~~~~
../src/helloworld.cpp:119:29: note: suggested alternative: 'axiDMA_1'
     XAxiDma_SimpleTransfer(&axiDMA,(u32)layer_input_reduce,YOLO_INPUT_HEIGHT*YOLO_INPUT_WIDTH*MAX_KERNEL_NUM*sizeof(short),XAXIDMA_DMA_TO_DEVICE);
                             ^~~~~~
                             axiDMA_1
../src/helloworld.cpp:127:9: error: 'XYolo_yolo_top_IsDone' was not declared in this scope
  while(!XYolo_yolo_top_IsDone(&yolo_yolo_top));
         ^~~~~~~~~~~~~~~~~~~~~
../src/helloworld.cpp:127:9: note: suggested alternative: 'XYolo_acc_top_IsDone'
  while(!XYolo_yolo_top_IsDone(&yolo_yolo_top));
         ^~~~~~~~~~~~~~~~~~~~~
         XYolo_acc_top_IsDone
../src/helloworld.cpp:136:15: error: 'layer_output_sdk_reduce' was not declared in this scope
   short ref = layer_output_sdk_reduce[idx];
               ^~~~~~~~~~~~~~~~~~~~~~~
src/subdir.mk:21: recipe for target 'src/helloworld.o' failed
make: *** [src/helloworld.o] Error 1
17:11:02 **** Auto Build of configuration Debug for project yolo_acc_ps ****
make pre-build main-build 
a9-linaro-pre-build-step
 
Building file: ../src/helloworld.cpp
Invoking: ARM v7 g++ compiler
arm-none-eabi-g++ -Wall -O0 -g3 -I/home/xavier/MSc_Project/hls/yolo_conv_hls_2019/yolo_acc_fp_prj_2019_64/yolo_acc_fp_prj_2019_64.sdk/include -c -fmessage-length=0 -MT"src/helloworld.o" -mcpu=cortex-a9 -mfpu=vfpv3 -mfloat-abi=hard -I../../yolo_acc_ps_bsp/ps7_cortexa9_0/include -MMD -MP -MF"src/helloworld.d" -MT"src/helloworld.o" -o "src/helloworld.o" "../src/helloworld.cpp"
In file included from ../src/helloworld.cpp:52:
../../yolo_acc_ps_bsp/ps7_cortexa9_0/include/xtime_l.h:87:70: note: #pragma message: For the sleep routines, Global timer is being used
 #pragma message ("For the sleep routines, Global timer is being used")
                                                                      ^
In file included from ../../yolo_acc_ps_bsp/ps7_cortexa9_0/include/xaxidma_bd.h:114,
                 from ../../yolo_acc_ps_bsp/ps7_cortexa9_0/include/xaxidma_bdring.h:83,
                 from ../../yolo_acc_ps_bsp/ps7_cortexa9_0/include/xaxidma.h:488,
                 from ../src/helloworld.cpp:55:
../src/helloworld.cpp: In function 'void initPeripherals()':
../src/helloworld.cpp:92:23: error: 'axiDMA' was not declared in this scope
  XAxiDma_IntrDisable(&axiDMA,XAXIDMA_IRQ_ALL_MASK,XAXIDMA_DEVICE_TO_DMA);
                       ^~~~~~
../../yolo_acc_ps_bsp/ps7_cortexa9_0/include/xaxidma_hw.h:335:20: note: in definition of macro 'XAxiDma_WriteReg'
     XAxiDma_Out32((BaseAddress) + (RegOffset), (Data))
                    ^~~~~~~~~~~
../src/helloworld.cpp:92:2: note: in expansion of macro 'XAxiDma_IntrDisable'
  XAxiDma_IntrDisable(&axiDMA,XAXIDMA_IRQ_ALL_MASK,XAXIDMA_DEVICE_TO_DMA);
  ^~~~~~~~~~~~~~~~~~~
../src/helloworld.cpp:92:23: note: suggested alternative: 'axiDMA_1'
  XAxiDma_IntrDisable(&axiDMA,XAXIDMA_IRQ_ALL_MASK,XAXIDMA_DEVICE_TO_DMA);
                       ^~~~~~
../../yolo_acc_ps_bsp/ps7_cortexa9_0/include/xaxidma_hw.h:335:20: note: in definition of macro 'XAxiDma_WriteReg'
     XAxiDma_Out32((BaseAddress) + (RegOffset), (Data))
                    ^~~~~~~~~~~
../src/helloworld.cpp:92:2: note: in expansion of macro 'XAxiDma_IntrDisable'
  XAxiDma_IntrDisable(&axiDMA,XAXIDMA_IRQ_ALL_MASK,XAXIDMA_DEVICE_TO_DMA);
  ^~~~~~~~~~~~~~~~~~~
../src/helloworld.cpp: At global scope:
../src/helloworld.cpp:95:31: error: 'YOLO_INPUT_HEIGHT' was not declared in this scope
 short layer_output_hls_reduce[YOLO_INPUT_HEIGHT*YOLO_INPUT_WIDTH*MAX_KERNEL_NUM];
                               ^~~~~~~~~~~~~~~~~
../src/helloworld.cpp:95:49: error: 'YOLO_INPUT_WIDTH' was not declared in this scope
 short layer_output_hls_reduce[YOLO_INPUT_HEIGHT*YOLO_INPUT_WIDTH*MAX_KERNEL_NUM];
                                                 ^~~~~~~~~~~~~~~~
../src/helloworld.cpp:95:49: note: suggested alternative: 'ACC_INPUT_W'
 short layer_output_hls_reduce[YOLO_INPUT_HEIGHT*YOLO_INPUT_WIDTH*MAX_KERNEL_NUM];
                                                 ^~~~~~~~~~~~~~~~
                                                 ACC_INPUT_W
../src/helloworld.cpp: In function 'int main()':
../src/helloworld.cpp:108:39: error: 'yolo_yolo_top' was not declared in this scope
     XYolo_yolo_top_Set_activate_en_V(&yolo_yolo_top,0xfffffff3);
                                       ^~~~~~~~~~~~~
../src/helloworld.cpp:108:39: note: suggested alternative: 'yolo_acc_top'
     XYolo_yolo_top_Set_activate_en_V(&yolo_yolo_top,0xfffffff3);
                                       ^~~~~~~~~~~~~
                                       yolo_acc_top
../src/helloworld.cpp:108:5: error: 'XYolo_yolo_top_Set_activate_en_V' was not declared in this scope
     XYolo_yolo_top_Set_activate_en_V(&yolo_yolo_top,0xfffffff3);
     ^~~~~~~~~~~~~~~~~~~~~~~~~~~~~~~~
../src/helloworld.cpp:108:5: note: suggested alternative: 'XYolo_acc_top_Set_input_w_V'
     XYolo_yolo_top_Set_activate_en_V(&yolo_yolo_top,0xfffffff3);
     ^~~~~~~~~~~~~~~~~~~~~~~~~~~~~~~~
     XYolo_acc_top_Set_input_w_V
../src/helloworld.cpp:109:49: error: 'YOLO_INPUT_HEIGHT' was not declared in this scope
     XYolo_yolo_top_Set_input_h_V(&yolo_yolo_top,YOLO_INPUT_HEIGHT);
                                                 ^~~~~~~~~~~~~~~~~
../src/helloworld.cpp:109:5: error: 'XYolo_yolo_top_Set_input_h_V' was not declared in this scope
     XYolo_yolo_top_Set_input_h_V(&yolo_yolo_top,YOLO_INPUT_HEIGHT);
     ^~~~~~~~~~~~~~~~~~~~~~~~~~~~
../src/helloworld.cpp:109:5: note: suggested alternative: 'XYolo_acc_top_Set_input_h_V'
     XYolo_yolo_top_Set_input_h_V(&yolo_yolo_top,YOLO_INPUT_HEIGHT);
     ^~~~~~~~~~~~~~~~~~~~~~~~~~~~
     XYolo_acc_top_Set_input_h_V
../src/helloworld.cpp:110:49: error: 'YOLO_INPUT_WIDTH' was not declared in this scope
     XYolo_yolo_top_Set_input_w_V(&yolo_yolo_top,YOLO_INPUT_WIDTH);
                                                 ^~~~~~~~~~~~~~~~
../src/helloworld.cpp:110:49: note: suggested alternative: 'ACC_INPUT_W'
     XYolo_yolo_top_Set_input_w_V(&yolo_yolo_top,YOLO_INPUT_WIDTH);
                                                 ^~~~~~~~~~~~~~~~
                                                 ACC_INPUT_W
../src/helloworld.cpp:110:5: error: 'XYolo_yolo_top_Set_input_w_V' was not declared in this scope
     XYolo_yolo_top_Set_input_w_V(&yolo_yolo_top,YOLO_INPUT_WIDTH);
     ^~~~~~~~~~~~~~~~~~~~~~~~~~~~
../src/helloworld.cpp:110:5: note: suggested alternative: 'XYolo_acc_top_Set_input_w_V'
     XYolo_yolo_top_Set_input_w_V(&yolo_yolo_top,YOLO_INPUT_WIDTH);
     ^~~~~~~~~~~~~~~~~~~~~~~~~~~~
     XYolo_acc_top_Set_input_w_V
../src/helloworld.cpp:112:5: error: 'XYolo_yolo_top_Start' was not declared in this scope
     XYolo_yolo_top_Start(&yolo_yolo_top);
     ^~~~~~~~~~~~~~~~~~~~
../src/helloworld.cpp:112:5: note: suggested alternative: 'XYolo_acc_top_Start'
     XYolo_yolo_top_Start(&yolo_yolo_top);
     ^~~~~~~~~~~~~~~~~~~~
     XYolo_acc_top_Start
../src/helloworld.cpp:115:31: error: 'layer_input_reduce' was not declared in this scope
     Xil_DCacheFlushRange((u32)layer_input_reduce,YOLO_INPUT_HEIGHT*YOLO_INPUT_WIDTH*MAX_KERNEL_NUM*sizeof(short));
                               ^~~~~~~~~~~~~~~~~~
../src/helloworld.cpp:116:31: error: 'layer_output_hls_reduce' was not declared in this scope
     Xil_DCacheFlushRange((u32)layer_output_hls_reduce,YOLO_INPUT_HEIGHT*YOLO_INPUT_WIDTH*MAX_KERNEL_NUM*sizeof(short));
                               ^~~~~~~~~~~~~~~~~~~~~~~
../src/helloworld.cpp:119:29: error: 'axiDMA' was not declared in this scope
     XAxiDma_SimpleTransfer(&axiDMA,(u32)layer_input_reduce,YOLO_INPUT_HEIGHT*YOLO_INPUT_WIDTH*MAX_KERNEL_NUM*sizeof(short),XAXIDMA_DMA_TO_DEVICE);
                             ^~~~~~
../src/helloworld.cpp:119:29: note: suggested alternative: 'axiDMA_1'
     XAxiDma_SimpleTransfer(&axiDMA,(u32)layer_input_reduce,YOLO_INPUT_HEIGHT*YOLO_INPUT_WIDTH*MAX_KERNEL_NUM*sizeof(short),XAXIDMA_DMA_TO_DEVICE);
                             ^~~~~~
                             axiDMA_1
../src/helloworld.cpp:127:9: error: 'XYolo_yolo_top_IsDone' was not declared in this scope
  while(!XYolo_yolo_top_IsDone(&yolo_yolo_top));
         ^~~~~~~~~~~~~~~~~~~~~
../src/helloworld.cpp:127:9: note: suggested alternative: 'XYolo_acc_top_IsDone'
  while(!XYolo_yolo_top_IsDone(&yolo_yolo_top));
         ^~~~~~~~~~~~~~~~~~~~~
         XYolo_acc_top_IsDone
../src/helloworld.cpp:136:15: error: 'layer_output_sdk_reduce' was not declared in this scope
   short ref = layer_output_sdk_reduce[idx];
               ^~~~~~~~~~~~~~~~~~~~~~~
make: *** [src/helloworld.o] Error 1
src/subdir.mk:21: recipe for target 'src/helloworld.o' failed
17:11:19 **** Auto Build of configuration Debug for project yolo_acc_ps ****
make pre-build main-build 
a9-linaro-pre-build-step
 
Building file: ../src/helloworld.cpp
Invoking: ARM v7 g++ compiler
arm-none-eabi-g++ -Wall -O0 -g3 -I/home/xavier/MSc_Project/hls/yolo_conv_hls_2019/yolo_acc_fp_prj_2019_64/yolo_acc_fp_prj_2019_64.sdk/include -c -fmessage-length=0 -MT"src/helloworld.o" -mcpu=cortex-a9 -mfpu=vfpv3 -mfloat-abi=hard -I../../yolo_acc_ps_bsp/ps7_cortexa9_0/include -MMD -MP -MF"src/helloworld.d" -MT"src/helloworld.o" -o "src/helloworld.o" "../src/helloworld.cpp"
In file included from ../src/helloworld.cpp:52:
../../yolo_acc_ps_bsp/ps7_cortexa9_0/include/xtime_l.h:87:70: note: #pragma message: For the sleep routines, Global timer is being used
 #pragma message ("For the sleep routines, Global timer is being used")
                                                                      ^
In file included from ../../yolo_acc_ps_bsp/ps7_cortexa9_0/include/xaxidma_bd.h:114,
                 from ../../yolo_acc_ps_bsp/ps7_cortexa9_0/include/xaxidma_bdring.h:83,
                 from ../../yolo_acc_ps_bsp/ps7_cortexa9_0/include/xaxidma.h:488,
                 from ../src/helloworld.cpp:55:
../src/helloworld.cpp: In function 'void initPeripherals()':
../src/helloworld.cpp:101:23: error: 'axiDMA' was not declared in this scope
  XAxiDma_IntrDisable(&axiDMA,XAXIDMA_IRQ_ALL_MASK,XAXIDMA_DEVICE_TO_DMA);
                       ^~~~~~
../../yolo_acc_ps_bsp/ps7_cortexa9_0/include/xaxidma_hw.h:335:20: note: in definition of macro 'XAxiDma_WriteReg'
     XAxiDma_Out32((BaseAddress) + (RegOffset), (Data))
                    ^~~~~~~~~~~
[...]
In file included from ../src/helloworld.cpp:52:
../../yolo_acc_ps_bsp/ps7_cortexa9_0/include/xtime_l.h:87:70: note: #pragma message: For the sleep routines, Global timer is being used
 #pragma message ("For the sleep routines, Global timer is being used")
                                                                      ^
../src/helloworld.cpp: In function 'int main()':
../src/helloworld.cpp:175:50: error: 'YOLO_INPUT_HEIGHT' was not declared in this scope
  Xil_DCacheInvalidateRange((u32)layer_output_hls,YOLO_INPUT_HEIGHT*YOLO_INPUT_WIDTH*MAX_KERNEL_NUM*sizeof(short));
                                                  ^~~~~~~~~~~~~~~~~
../src/helloworld.cpp:175:68: error: 'YOLO_INPUT_WIDTH' was not declared in this scope
  Xil_DCacheInvalidateRange((u32)layer_output_hls,YOLO_INPUT_HEIGHT*YOLO_INPUT_WIDTH*MAX_KERNEL_NUM*sizeof(short));
                                                                    ^~~~~~~~~~~~~~~~
../src/helloworld.cpp:175:68: note: suggested alternative: 'ACC_INPUT_W'
  Xil_DCacheInvalidateRange((u32)layer_output_hls,YOLO_INPUT_HEIGHT*YOLO_INPUT_WIDTH*MAX_KERNEL_NUM*sizeof(short));
                                                                    ^~~~~~~~~~~~~~~~
                                                                    ACC_INPUT_W
../src/helloworld.cpp:177:32: error: 'yolo_yolo_top' was not declared in this scope
  while(!XYolo_yolo_top_IsDone(&yolo_yolo_top));
                                ^~~~~~~~~~~~~
../src/helloworld.cpp:177:32: note: suggested alternative: 'yolo_acc_top'
  while(!XYolo_yolo_top_IsDone(&yolo_yolo_top));
                                ^~~~~~~~~~~~~
                                yolo_acc_top
../src/helloworld.cpp:177:9: error: 'XYolo_yolo_top_IsDone' was not declared in this scope
  while(!XYolo_yolo_top_IsDone(&yolo_yolo_top));
         ^~~~~~~~~~~~~~~~~~~~~
../src/helloworld.cpp:177:9: note: suggested alternative: 'XYolo_acc_top_IsDone'
  while(!XYolo_yolo_top_IsDone(&yolo_yolo_top));
         ^~~~~~~~~~~~~~~~~~~~~
         XYolo_acc_top_IsDone
../src/helloworld.cpp:186:15: error: 'layer_output_sdk_reduce' was not declared in this scope
   short ref = layer_output_sdk_reduce[idx];
               ^~~~~~~~~~~~~~~~~~~~~~~
../src/helloworld.cpp:186:15: note: suggested alternative: 'layer_output_sdk'
   short ref = layer_output_sdk_reduce[idx];
               ^~~~~~~~~~~~~~~~~~~~~~~
               layer_output_sdk
../src/helloworld.cpp:187:15: error: 'layer_output_hls_reduce' was not declared in this scope
   short get = layer_output_hls_reduce[idx];
               ^~~~~~~~~~~~~~~~~~~~~~~
../src/helloworld.cpp:187:15: note: suggested alternative: 'layer_output_hls'
   short get = layer_output_hls_reduce[idx];
               ^~~~~~~~~~~~~~~~~~~~~~~
               layer_output_hls
src/subdir.mk:21: recipe for target 'src/helloworld.o' failed
make: *** [src/helloworld.o] Error 1
17:21:58 **** Auto Build of configuration Debug for project yolo_acc_ps ****
make pre-build main-build 
a9-linaro-pre-build-step
 
Building file: ../src/helloworld.cpp
Invoking: ARM v7 g++ compiler
arm-none-eabi-g++ -Wall -O0 -g3 -I/home/xavier/MSc_Project/hls/yolo_conv_hls_2019/yolo_acc_fp_prj_2019_64/yolo_acc_fp_prj_2019_64.sdk/include -c -fmessage-length=0 -MT"src/helloworld.o" -mcpu=cortex-a9 -mfpu=vfpv3 -mfloat-abi=hard -I../../yolo_acc_ps_bsp/ps7_cortexa9_0/include -MMD -MP -MF"src/helloworld.d" -MT"src/helloworld.o" -o "src/helloworld.o" "../src/helloworld.cpp"
In file included from ../src/helloworld.cpp:52:
../../yolo_acc_ps_bsp/ps7_cortexa9_0/include/xtime_l.h:87:70: note: #pragma message: For the sleep routines, Global timer is being used
 #pragma message ("For the sleep routines, Global timer is being used")
                                                                      ^
../src/helloworld.cpp: In function 'int main()':
../src/helloworld.cpp:177:32: error: 'yolo_yolo_top' was not declared in this scope
  while(!XYolo_yolo_top_IsDone(&yolo_yolo_top));
                                ^~~~~~~~~~~~~
../src/helloworld.cpp:177:32: note: suggested alternative: 'yolo_acc_top'
  while(!XYolo_yolo_top_IsDone(&yolo_yolo_top));
                                ^~~~~~~~~~~~~
                                yolo_acc_top
../src/helloworld.cpp:177:9: error: 'XYolo_yolo_top_IsDone' was not declared in this scope
  while(!XYolo_yolo_top_IsDone(&yolo_yolo_top));
         ^~~~~~~~~~~~~~~~~~~~~
../src/helloworld.cpp:177:9: note: suggested alternative: 'XYolo_acc_top_IsDone'
  while(!XYolo_yolo_top_IsDone(&yolo_yolo_top));
         ^~~~~~~~~~~~~~~~~~~~~
         XYolo_acc_top_IsDone
../src/helloworld.cpp:184:20: error: 'YOLO_INPUT_HEIGHT' was not declared in this scope
  for(int idx=0;idx<YOLO_INPUT_HEIGHT*YOLO_INPUT_WIDTH*MAX_KERNEL_NUM;idx++)
                    ^~~~~~~~~~~~~~~~~
../src/helloworld.cpp:184:38: error: 'YOLO_INPUT_WIDTH' was not declared in this scope
  for(int idx=0;idx<YOLO_INPUT_HEIGHT*YOLO_INPUT_WIDTH*MAX_KERNEL_NUM;idx++)
                                      ^~~~~~~~~~~~~~~~
../src/helloworld.cpp:184:38: note: suggested alternative: 'ACC_INPUT_W'
  for(int idx=0;idx<YOLO_INPUT_HEIGHT*YOLO_INPUT_WIDTH*MAX_KERNEL_NUM;idx++)
                                      ^~~~~~~~~~~~~~~~
                                      ACC_INPUT_W
../src/helloworld.cpp:186:15: error: 'layer_output_sdk_reduce' was not declared in this scope
   short ref = layer_output_sdk_reduce[idx];
               ^~~~~~~~~~~~~~~~~~~~~~~
../src/helloworld.cpp:186:15: note: suggested alternative: 'layer_output_sdk'
   short ref = layer_output_sdk_reduce[idx];
               ^~~~~~~~~~~~~~~~~~~~~~~
               layer_output_sdk
../src/helloworld.cpp:187:15: error: 'layer_output_hls_reduce' was not declared in this scope
   short get = layer_output_hls_reduce[idx];
               ^~~~~~~~~~~~~~~~~~~~~~~
../src/helloworld.cpp:187:15: note: suggested alternative: 'layer_output_hls'
   short get = layer_output_hls_reduce[idx];
               ^~~~~~~~~~~~~~~~~~~~~~~
               layer_output_hls
src/subdir.mk:21: recipe for target 'src/helloworld.o' failed
make: *** [src/helloworld.o] Error 1
17:22:06 **** Auto Build of configuration Debug for project yolo_acc_ps ****
make pre-build main-build 
a9-linaro-pre-build-step
 
Building file: ../src/helloworld.cpp
Invoking: ARM v7 g++ compiler
arm-none-eabi-g++ -Wall -O0 -g3 -I/home/xavier/MSc_Project/hls/yolo_conv_hls_2019/yolo_acc_fp_prj_2019_64/yolo_acc_fp_prj_2019_64.sdk/include -c -fmessage-length=0 -MT"src/helloworld.o" -mcpu=cortex-a9 -mfpu=vfpv3 -mfloat-abi=hard -I../../yolo_acc_ps_bsp/ps7_cortexa9_0/include -MMD -MP -MF"src/helloworld.d" -MT"src/helloworld.o" -o "src/helloworld.o" "../src/helloworld.cpp"
In file included from ../src/helloworld.cpp:52:
../../yolo_acc_ps_bsp/ps7_cortexa9_0/include/xtime_l.h:87:70: note: #pragma message: For the sleep routines, Global timer is being used
 #pragma message ("For the sleep routines, Global timer is being used")
                                                                      ^
../src/helloworld.cpp: In function 'int main()':
../src/helloworld.cpp:177:9: error: 'XYolo_yolo_top_IsDone' was not declared in this scope
  while(!XYolo_yolo_top_IsDone(&yolo_acc_top));
         ^~~~~~~~~~~~~~~~~~~~~
../src/helloworld.cpp:177:9: note: suggested alternative: 'XYolo_acc_top_IsDone'
  while(!XYolo_yolo_top_IsDone(&yolo_acc_top));
         ^~~~~~~~~~~~~~~~~~~~~
         XYolo_acc_top_IsDone
../src/helloworld.cpp:184:20: error: 'YOLO_INPUT_HEIGHT' was not declared in this scope
  for(int idx=0;idx<YOLO_INPUT_HEIGHT*YOLO_INPUT_WIDTH*MAX_KERNEL_NUM;idx++)
                    ^~~~~~~~~~~~~~~~~
../src/helloworld.cpp:184:38: error: 'YOLO_INPUT_WIDTH' was not declared in this scope
  for(int idx=0;idx<YOLO_INPUT_HEIGHT*YOLO_INPUT_WIDTH*MAX_KERNEL_NUM;idx++)
                                      ^~~~~~~~~~~~~~~~
../src/helloworld.cpp:184:38: note: suggested alternative: 'ACC_INPUT_W'
  for(int idx=0;idx<YOLO_INPUT_HEIGHT*YOLO_INPUT_WIDTH*MAX_KERNEL_NUM;idx++)
                                      ^~~~~~~~~~~~~~~~
                                      ACC_INPUT_W
../src/helloworld.cpp:186:15: error: 'layer_output_sdk_reduce' was not declared in this scope
   short ref = layer_output_sdk_reduce[idx];
               ^~~~~~~~~~~~~~~~~~~~~~~
../src/helloworld.cpp:186:15: note: suggested alternative: 'layer_output_sdk'
   short ref = layer_output_sdk_reduce[idx];
               ^~~~~~~~~~~~~~~~~~~~~~~
               layer_output_sdk
../src/helloworld.cpp:187:15: error: 'layer_output_hls_reduce' was not declared in this scope
   short get = layer_output_hls_reduce[idx];
               ^~~~~~~~~~~~~~~~~~~~~~~
../src/helloworld.cpp:187:15: note: suggested alternative: 'layer_output_hls'
   short get = layer_output_hls_reduce[idx];
               ^~~~~~~~~~~~~~~~~~~~~~~
               layer_output_hls
make: *** [src/helloworld.o] Error 1
src/subdir.mk:21: recipe for target 'src/helloworld.o' failed
17:22:14 **** Auto Build of configuration Debug for project yolo_acc_ps ****
make pre-build main-build 
a9-linaro-pre-build-step
 
Building file: ../src/helloworld.cpp
Invoking: ARM v7 g++ compiler
arm-none-eabi-g++ -Wall -O0 -g3 -I/home/xavier/MSc_Project/hls/yolo_conv_hls_2019/yolo_acc_fp_prj_2019_64/yolo_acc_fp_prj_2019_64.sdk/include -c -fmessage-length=0 -MT"src/helloworld.o" -mcpu=cortex-a9 -mfpu=vfpv3 -mfloat-abi=hard -I../../yolo_acc_ps_bsp/ps7_cortexa9_0/include -MMD -MP -MF"src/helloworld.d" -MT"src/helloworld.o" -o "src/helloworld.o" "../src/helloworld.cpp"
In file included from ../src/helloworld.cpp:52:
../../yolo_acc_ps_bsp/ps7_cortexa9_0/include/xtime_l.h:87:70: note: #pragma message: For the sleep routines, Global timer is being used
 #pragma message ("For the sleep routines, Global timer is being used")
                                                                      ^
../src/helloworld.cpp: In function 'int main()':
../src/helloworld.cpp:177:9: error: 'XYolo_yolo_top_IsDone' was not declared in this scope
  while(!XYolo_yolo_top_IsDone(&yolo_acc_top));
         ^~~~~~~~~~~~~~~~~~~~~
../src/helloworld.cpp:177:9: note: suggested alternative: 'XYolo_acc_top_IsDone'
  while(!XYolo_yolo_top_IsDone(&yolo_acc_top));
         ^~~~~~~~~~~~~~~~~~~~~
         XYolo_acc_top_IsDone
../src/helloworld.cpp:186:15: error: 'layer_output_sdk_reduce' was not declared in this scope
   short ref = layer_output_sdk_reduce[idx];
               ^~~~~~~~~~~~~~~~~~~~~~~
../src/helloworld.cpp:186:15: note: suggested alternative: 'layer_output_sdk'
   short ref = layer_output_sdk_reduce[idx];
               ^~~~~~~~~~~~~~~~~~~~~~~
               layer_output_sdk
../src/helloworld.cpp:187:15: error: 'layer_output_hls_reduce' was not declared in this scope
   short get = layer_output_hls_reduce[idx];
               ^~~~~~~~~~~~~~~~~~~~~~~
../src/helloworld.cpp:187:15: note: suggested alternative: 'layer_output_hls'
   short get = layer_output_hls_reduce[idx];
               ^~~~~~~~~~~~~~~~~~~~~~~
               layer_output_hls
src/subdir.mk:21: recipe for target 'src/helloworld.o' failed
make: *** [src/helloworld.o] Error 1
17:22:20 **** Auto Build of configuration Debug for project yolo_acc_ps ****
make pre-build main-build 
a9-linaro-pre-build-step
 
Building file: ../src/helloworld.cpp
Invoking: ARM v7 g++ compiler
arm-none-eabi-g++ -Wall -O0 -g3 -I/home/xavier/MSc_Project/hls/yolo_conv_hls_2019/yolo_acc_fp_prj_2019_64/yolo_acc_fp_prj_2019_64.sdk/include -c -fmessage-length=0 -MT"src/helloworld.o" -mcpu=cortex-a9 -mfpu=vfpv3 -mfloat-abi=hard -I../../yolo_acc_ps_bsp/ps7_cortexa9_0/include -MMD -MP -MF"src/helloworld.d" -MT"src/helloworld.o" -o "src/helloworld.o" "../src/helloworld.cpp"
In file included from ../src/helloworld.cpp:52:
../../yolo_acc_ps_bsp/ps7_cortexa9_0/include/xtime_l.h:87:70: note: #pragma message: For the sleep routines, Global timer is being used
 #pragma message ("For the sleep routines, Global timer is being used")
                                                                      ^
../src/helloworld.cpp: In function 'int main()':
../src/helloworld.cpp:186:15: error: 'layer_output_sdk_reduce' was not declared in this scope
   short ref = layer_output_sdk_reduce[idx];
               ^~~~~~~~~~~~~~~~~~~~~~~
../src/helloworld.cpp:186:15: note: suggested alternative: 'layer_output_sdk'
   short ref = layer_output_sdk_reduce[idx];
               ^~~~~~~~~~~~~~~~~~~~~~~
               layer_output_sdk
../src/helloworld.cpp:187:15: error: 'layer_output_hls_reduce' was not declared in this scope
   short get = layer_output_hls_reduce[idx];
               ^~~~~~~~~~~~~~~~~~~~~~~
../src/helloworld.cpp:187:15: note: suggested alternative: 'layer_output_hls'
   short get = layer_output_hls_reduce[idx];
               ^~~~~~~~~~~~~~~~~~~~~~~
               layer_output_hls
src/subdir.mk:21: recipe for target 'src/helloworld.o' failed
make: *** [src/helloworld.o] Error 1
17:22:36 **** Auto Build of configuration Debug for project yolo_acc_ps ****
make pre-build main-build 
a9-linaro-pre-build-step
 
Building file: ../src/helloworld.cpp
Invoking: ARM v7 g++ compiler
arm-none-eabi-g++ -Wall -O0 -g3 -I/home/xavier/MSc_Project/hls/yolo_conv_hls_2019/yolo_acc_fp_prj_2019_64/yolo_acc_fp_prj_2019_64.sdk/include -c -fmessage-length=0 -MT"src/helloworld.o" -mcpu=cortex-a9 -mfpu=vfpv3 -mfloat-abi=hard -I../../yolo_acc_ps_bsp/ps7_cortexa9_0/include -MMD -MP -MF"src/helloworld.d" -MT"src/helloworld.o" -o "src/helloworld.o" "../src/helloworld.cpp"
In file included from ../src/helloworld.cpp:52:
../../yolo_acc_ps_bsp/ps7_cortexa9_0/include/xtime_l.h:87:70: note: #pragma message: For the sleep routines, Global timer is being used
 #pragma message ("For the sleep routines, Global timer is being used")
                                                                      ^
../src/helloworld.cpp: In function 'int main()':
../src/helloworld.cpp:186:15: error: 'layer_output_sdk_reduce' was not declared in this scope
   short ref = layer_output_sdk_reduce[idx];
               ^~~~~~~~~~~~~~~~~~~~~~~
../src/helloworld.cpp:186:15: note: suggested alternative: 'layer_output_sdk'
   short ref = layer_output_sdk_reduce[idx];
               ^~~~~~~~~~~~~~~~~~~~~~~
               layer_output_sdk
../src/helloworld.cpp:187:15: error: 'layer_output_hls_reduce' was not declared in this scope
   short get = layer_output_hls_reduce[idx];
               ^~~~~~~~~~~~~~~~~~~~~~~
../src/helloworld.cpp:187:15: note: suggested alternative: 'layer_output_hls'
   short get = layer_output_hls_reduce[idx];
               ^~~~~~~~~~~~~~~~~~~~~~~
               layer_output_hls
make: *** [src/helloworld.o] Error 1
src/subdir.mk:21: recipe for target 'src/helloworld.o' failed
17:22:44 **** Auto Build of configuration Debug for project yolo_acc_ps ****
make pre-build main-build 
a9-linaro-pre-build-step
 
Building file: ../src/helloworld.cpp
Invoking: ARM v7 g++ compiler
arm-none-eabi-g++ -Wall -O0 -g3 -I/home/xavier/MSc_Project/hls/yolo_conv_hls_2019/yolo_acc_fp_prj_2019_64/yolo_acc_fp_prj_2019_64.sdk/include -c -fmessage-length=0 -MT"src/helloworld.o" -mcpu=cortex-a9 -mfpu=vfpv3 -mfloat-abi=hard -I../../yolo_acc_ps_bsp/ps7_cortexa9_0/include -MMD -MP -MF"src/helloworld.d" -MT"src/helloworld.o" -o "src/helloworld.o" "../src/helloworld.cpp"
In file included from ../src/helloworld.cpp:52:
../../yolo_acc_ps_bsp/ps7_cortexa9_0/include/xtime_l.h:87:70: note: #pragma message: For the sleep routines, Global timer is being used
 #pragma message ("For the sleep routines, Global timer is being used")
                                                                      ^
Finished building: ../src/helloworld.cpp
 
Building target: yolo_acc_ps.elf
Invoking: ARM v7 g++ linker
arm-none-eabi-g++ -mcpu=cortex-a9 -mfpu=vfpv3 -mfloat-abi=hard -Wl,-build-id=none -specs=Xilinx.spec -Wl,-T -Wl,../src/lscript.ld -L../../yolo_acc_ps_bsp/ps7_cortexa9_0/lib -o "yolo_acc_ps.elf"  ./src/helloworld.o   -lm -Wl,--start-group,-lxil,-lgcc,-lc,-lstdc++,--end-group
Finished building target: yolo_acc_ps.elf
 
Invoking: ARM v7 Print Size
arm-none-eabi-size yolo_acc_ps.elf  |tee "yolo_acc_ps.elf.size"
   text	   data	    bss	    dec	    hex	filename
  76668	   2728	 719320	 798716	  c2ffc	yolo_acc_ps.elf
Finished building: yolo_acc_ps.elf.size
 
17:25:08 **** Auto Build of configuration Debug for project yolo_acc_ps ****
make pre-build main-build 
a9-linaro-pre-build-step
 
Building file: ../src/helloworld.cpp
Invoking: ARM v7 g++ compiler
arm-none-eabi-g++ -Wall -O0 -g3 -I/home/xavier/MSc_Project/hls/yolo_conv_hls_2019/yolo_acc_fp_prj_2019_64/yolo_acc_fp_prj_2019_64.sdk/include -c -fmessage-length=0 -MT"src/helloworld.o" -mcpu=cortex-a9 -mfpu=vfpv3 -mfloat-abi=hard -I../../yolo_acc_ps_bsp/ps7_cortexa9_0/include -MMD -MP -MF"src/helloworld.d" -MT"src/helloworld.o" -o "src/helloworld.o" "../src/helloworld.cpp"
In file included from ../src/helloworld.cpp:52:
../../yolo_acc_ps_bsp/ps7_cortexa9_0/include/xtime_l.h:87:70: note: #pragma message: For the sleep routines, Global timer is being used
 #pragma message ("For the sleep routines, Global timer is being used")
                                                                      ^
Finished building: ../src/helloworld.cpp
 
Building target: yolo_acc_ps.elf
Invoking: ARM v7 g++ linker
arm-none-eabi-g++ -mcpu=cortex-a9 -mfpu=vfpv3 -mfloat-abi=hard -Wl,-build-id=none -specs=Xilinx.spec -Wl,-T -Wl,../src/lscript.ld -L../../yolo_acc_ps_bsp/ps7_cortexa9_0/lib -o "yolo_acc_ps.elf"  ./src/helloworld.o   -lm -Wl,--start-group,-lxil,-lgcc,-lc,-lstdc++,--end-group
Finished building target: yolo_acc_ps.elf
 
Invoking: ARM v7 Print Size
arm-none-eabi-size yolo_acc_ps.elf  |tee "yolo_acc_ps.elf.size"
   text	   data	    bss	    dec	    hex	filename
  76600	   2728	 719320	 798648	  c2fb8	yolo_acc_ps.elf
Finished building: yolo_acc_ps.elf.size
 
17:25:16 **** Incremental Build of configuration Debug for project yolo_acc_ps ****
make pre-build main-build 
a9-linaro-pre-build-step
 
make: Nothing to be done for 'main-build'.
17:26:17 **** Auto Build of configuration Debug for project yolo_acc_ps ****
make pre-build main-build 
a9-linaro-pre-build-step
 
Building file: ../src/helloworld.cpp
Invoking: ARM v7 g++ compiler
arm-none-eabi-g++ -Wall -O0 -g3 -I/home/xavier/MSc_Project/hls/yolo_conv_hls_2019/yolo_acc_fp_prj_2019_64/yolo_acc_fp_prj_2019_64.sdk/include -c -fmessage-length=0 -MT"src/helloworld.o" -mcpu=cortex-a9 -mfpu=vfpv3 -mfloat-abi=hard -I../../yolo_acc_ps_bsp/ps7_cortexa9_0/include -MMD -MP -MF"src/helloworld.d" -MT"src/helloworld.o" -o "src/helloworld.o" "../src/helloworld.cpp"
In file included from ../src/helloworld.cpp:52:
../../yolo_acc_ps_bsp/ps7_cortexa9_0/include/xtime_l.h:87:70: note: #pragma message: For the sleep routines, Global timer is being used
 #pragma message ("For the sleep routines, Global timer is being used")
                                                                      ^
Finished building: ../src/helloworld.cpp
 
Building target: yolo_acc_ps.elf
Invoking: ARM v7 g++ linker
arm-none-eabi-g++ -mcpu=cortex-a9 -mfpu=vfpv3 -mfloat-abi=hard -Wl,-build-id=none -specs=Xilinx.spec -Wl,-T -Wl,../src/lscript.ld -L../../yolo_acc_ps_bsp/ps7_cortexa9_0/lib -o "yolo_acc_ps.elf"  ./src/helloworld.o   -lm -Wl,--start-group,-lxil,-lgcc,-lc,-lstdc++,--end-group
Finished building target: yolo_acc_ps.elf
 
Invoking: ARM v7 Print Size
arm-none-eabi-size yolo_acc_ps.elf  |tee "yolo_acc_ps.elf.size"
   text	   data	    bss	    dec	    hex	filename
  76668	   2728	 719320	 798716	  c2ffc	yolo_acc_ps.elf
Finished building: yolo_acc_ps.elf.size
 
17:26:36 **** Incremental Build of configuration Debug for project yolo_acc_ps ****
make pre-build main-build 
a9-linaro-pre-build-step
 
make: Nothing to be done for 'main-build'.
