

================================================================
== Vivado HLS Report for 'window_macc'
================================================================
* Date:           Sun Jun 30 19:35:09 2019

* Version:        2019.1 (Build 2552052 on Fri May 24 15:28:33 MDT 2019)
* Project:        yolo_conv_fp_2019_64
* Solution:       solution1
* Product family: zynq
* Target device:  xc7z020-clg484-1


================================================================
== Performance Estimates
================================================================
+ Timing (ns): 
    * Summary: 
    +--------+-------+----------+------------+
    |  Clock | Target| Estimated| Uncertainty|
    +--------+-------+----------+------------+
    |ap_clk  |  10.00|     8.066|        1.25|
    +--------+-------+----------+------------+

+ Latency (clock cycles): 
    * Summary: 
    +-----+-----+-----+-----+----------+
    |  Latency  |  Interval | Pipeline |
    | min | max | min | max |   Type   |
    +-----+-----+-----+-----+----------+
    |    6|    6|    1|    1| function |
    +-----+-----+-----+-----+----------+

    + Detail: 
        * Instance: 
        N/A

        * Loop: 
        N/A



================================================================
== Utilization Estimates
================================================================
* Summary: 
+-----------------+---------+-------+--------+-------+-----+
|       Name      | BRAM_18K| DSP48E|   FF   |  LUT  | URAM|
+-----------------+---------+-------+--------+-------+-----+
|DSP              |        -|      9|       -|      -|    -|
|Expression       |        -|      -|       0|   2252|    -|
|FIFO             |        -|      -|       -|      -|    -|
|Instance         |        -|      -|       -|      -|    -|
|Memory           |        -|      -|       -|      -|    -|
|Multiplexer      |        -|      -|       -|      9|    -|
|Register         |        0|      -|    1317|     64|    -|
+-----------------+---------+-------+--------+-------+-----+
|Total            |        0|      9|    1317|   2325|    0|
+-----------------+---------+-------+--------+-------+-----+
|Available        |      280|    220|  106400|  53200|    0|
+-----------------+---------+-------+--------+-------+-----+
|Utilization (%)  |        0|      4|       1|      4|    0|
+-----------------+---------+-------+--------+-------+-----+

+ Detail: 
    * Instance: 
    N/A

    * DSP48E: 
    +------------------------------------------+--------------------------------------+-----------+
    |                 Instance                 |                Module                | Expression|
    +------------------------------------------+--------------------------------------+-----------+
    |yolo_conv_top_mul_mul_16s_16s_32_1_0_U10  |yolo_conv_top_mul_mul_16s_16s_32_1_0  |  i0 * i1  |
    |yolo_conv_top_mul_mul_16s_16s_32_1_0_U11  |yolo_conv_top_mul_mul_16s_16s_32_1_0  |  i0 * i1  |
    |yolo_conv_top_mul_mul_16s_16s_32_1_0_U12  |yolo_conv_top_mul_mul_16s_16s_32_1_0  |  i0 * i1  |
    |yolo_conv_top_mul_mul_16s_16s_32_1_0_U13  |yolo_conv_top_mul_mul_16s_16s_32_1_0  |  i0 * i1  |
    |yolo_conv_top_mul_mul_16s_16s_32_1_0_U14  |yolo_conv_top_mul_mul_16s_16s_32_1_0  |  i0 * i1  |
    |yolo_conv_top_mul_mul_16s_16s_32_1_0_U15  |yolo_conv_top_mul_mul_16s_16s_32_1_0  |  i0 * i1  |
    |yolo_conv_top_mul_mul_16s_16s_32_1_0_U16  |yolo_conv_top_mul_mul_16s_16s_32_1_0  |  i0 * i1  |
    |yolo_conv_top_mul_mul_16s_16s_32_1_0_U17  |yolo_conv_top_mul_mul_16s_16s_32_1_0  |  i0 * i1  |
    |yolo_conv_top_mul_mul_16s_16s_32_1_0_U18  |yolo_conv_top_mul_mul_16s_16s_32_1_0  |  i0 * i1  |
    +------------------------------------------+--------------------------------------+-----------+

    * Memory: 
    N/A

    * FIFO: 
    N/A

    * Expression: 
    +----------------------------+----------+-------+---+----+------------+------------+
    |        Variable Name       | Operation| DSP48E| FF| LUT| Bitwidth P0| Bitwidth P1|
    +----------------------------+----------+-------+---+----+------------+------------+
    |add_ln1192_48_fu_2434_p2    |     +    |      0|  0|  24|          17|          17|
    |add_ln1192_49_fu_2689_p2    |     +    |      0|  0|  24|          17|          17|
    |add_ln1192_50_fu_2777_p2    |     +    |      0|  0|  24|          17|          17|
    |add_ln1192_51_fu_2857_p2    |     +    |      0|  0|  24|          17|          17|
    |add_ln1192_52_fu_2945_p2    |     +    |      0|  0|  24|          17|          17|
    |add_ln1192_53_fu_3025_p2    |     +    |      0|  0|  24|          17|          17|
    |add_ln1192_54_fu_3113_p2    |     +    |      0|  0|  24|          17|          17|
    |add_ln1192_fu_2315_p2       |     +    |      0|  0|  24|          17|          17|
    |add_ln415_16_fu_756_p2      |     +    |      0|  0|  23|          16|          16|
    |add_ln415_17_fu_949_p2      |     +    |      0|  0|  23|          16|          16|
    |add_ln415_18_fu_1142_p2     |     +    |      0|  0|  23|          16|          16|
    |add_ln415_19_fu_1335_p2     |     +    |      0|  0|  23|          16|          16|
    |add_ln415_20_fu_1528_p2     |     +    |      0|  0|  23|          16|          16|
    |add_ln415_21_fu_1721_p2     |     +    |      0|  0|  23|          16|          16|
    |add_ln415_22_fu_1914_p2     |     +    |      0|  0|  23|          16|          16|
    |add_ln415_23_fu_2107_p2     |     +    |      0|  0|  23|          16|          16|
    |add_ln415_fu_563_p2         |     +    |      0|  0|  23|          16|          16|
    |add_ln703_16_fu_2448_p2     |     +    |      0|  0|  23|          16|          16|
    |add_ln703_17_fu_2703_p2     |     +    |      0|  0|  23|          16|          16|
    |add_ln703_18_fu_2791_p2     |     +    |      0|  0|  23|          16|          16|
    |add_ln703_19_fu_2871_p2     |     +    |      0|  0|  23|          16|          16|
    |add_ln703_20_fu_2959_p2     |     +    |      0|  0|  23|          16|          16|
    |add_ln703_21_fu_3039_p2     |     +    |      0|  0|  23|          16|          16|
    |add_ln703_22_fu_3127_p2     |     +    |      0|  0|  23|          16|          16|
    |add_ln703_fu_2329_p2        |     +    |      0|  0|  23|          16|          16|
    |and_ln415_16_fu_746_p2      |    and   |      0|  0|   2|           1|           1|
    |and_ln415_17_fu_939_p2      |    and   |      0|  0|   2|           1|           1|
    |and_ln415_18_fu_1132_p2     |    and   |      0|  0|   2|           1|           1|
    |and_ln415_19_fu_1325_p2     |    and   |      0|  0|   2|           1|           1|
    |and_ln415_20_fu_1518_p2     |    and   |      0|  0|   2|           1|           1|
    |and_ln415_21_fu_1711_p2     |    and   |      0|  0|   2|           1|           1|
    |and_ln415_22_fu_1904_p2     |    and   |      0|  0|   2|           1|           1|
    |and_ln415_23_fu_2097_p2     |    and   |      0|  0|   2|           1|           1|
    |and_ln415_fu_553_p2         |    and   |      0|  0|   2|           1|           1|
    |and_ln416_16_fu_776_p2      |    and   |      0|  0|   2|           1|           1|
    |and_ln416_17_fu_969_p2      |    and   |      0|  0|   2|           1|           1|
    |and_ln416_18_fu_1162_p2     |    and   |      0|  0|   2|           1|           1|
    |and_ln416_19_fu_1355_p2     |    and   |      0|  0|   2|           1|           1|
    |and_ln416_20_fu_1548_p2     |    and   |      0|  0|   2|           1|           1|
    |and_ln416_21_fu_1741_p2     |    and   |      0|  0|   2|           1|           1|
    |and_ln416_22_fu_1934_p2     |    and   |      0|  0|   2|           1|           1|
    |and_ln416_23_fu_2127_p2     |    and   |      0|  0|   2|           1|           1|
    |and_ln416_fu_583_p2         |    and   |      0|  0|   2|           1|           1|
    |and_ln779_1_fu_826_p2       |    and   |      0|  0|   2|           1|           1|
    |and_ln779_2_fu_1019_p2      |    and   |      0|  0|   2|           1|           1|
    |and_ln779_3_fu_1212_p2      |    and   |      0|  0|   2|           1|           1|
    |and_ln779_4_fu_1405_p2      |    and   |      0|  0|   2|           1|           1|
    |and_ln779_5_fu_1598_p2      |    and   |      0|  0|   2|           1|           1|
    |and_ln779_6_fu_1791_p2      |    and   |      0|  0|   2|           1|           1|
    |and_ln779_7_fu_1984_p2      |    and   |      0|  0|   2|           1|           1|
    |and_ln779_8_fu_2177_p2      |    and   |      0|  0|   2|           1|           1|
    |and_ln779_fu_633_p2         |    and   |      0|  0|   2|           1|           1|
    |and_ln781_16_fu_840_p2      |    and   |      0|  0|   2|           1|           1|
    |and_ln781_17_fu_1033_p2     |    and   |      0|  0|   2|           1|           1|
    |and_ln781_18_fu_1226_p2     |    and   |      0|  0|   2|           1|           1|
    |and_ln781_19_fu_1419_p2     |    and   |      0|  0|   2|           1|           1|
    |and_ln781_20_fu_1612_p2     |    and   |      0|  0|   2|           1|           1|
    |and_ln781_21_fu_1805_p2     |    and   |      0|  0|   2|           1|           1|
    |and_ln781_22_fu_1998_p2     |    and   |      0|  0|   2|           1|           1|
    |and_ln781_23_fu_2191_p2     |    and   |      0|  0|   2|           1|           1|
    |and_ln781_fu_647_p2         |    and   |      0|  0|   2|           1|           1|
    |and_ln785_1_fu_863_p2       |    and   |      0|  0|   2|           1|           1|
    |and_ln785_2_fu_1056_p2      |    and   |      0|  0|   2|           1|           1|
    |and_ln785_3_fu_1249_p2      |    and   |      0|  0|   2|           1|           1|
    |and_ln785_4_fu_1442_p2      |    and   |      0|  0|   2|           1|           1|
    |and_ln785_5_fu_1635_p2      |    and   |      0|  0|   2|           1|           1|
    |and_ln785_6_fu_1828_p2      |    and   |      0|  0|   2|           1|           1|
    |and_ln785_7_fu_2021_p2      |    and   |      0|  0|   2|           1|           1|
    |and_ln785_8_fu_2214_p2      |    and   |      0|  0|   2|           1|           1|
    |and_ln785_fu_670_p2         |    and   |      0|  0|   2|           1|           1|
    |and_ln786_32_fu_694_p2      |    and   |      0|  0|   2|           1|           1|
    |and_ln786_33_fu_869_p2      |    and   |      0|  0|   2|           1|           1|
    |and_ln786_34_fu_887_p2      |    and   |      0|  0|   2|           1|           1|
    |and_ln786_35_fu_2349_p2     |    and   |      0|  0|   2|           1|           1|
    |and_ln786_36_fu_1062_p2     |    and   |      0|  0|   2|           1|           1|
    |and_ln786_37_fu_1080_p2     |    and   |      0|  0|   2|           1|           1|
    |and_ln786_38_fu_2641_p2     |    and   |      0|  0|   2|           1|           1|
    |and_ln786_39_fu_1255_p2     |    and   |      0|  0|   2|           1|           1|
    |and_ln786_40_fu_1273_p2     |    and   |      0|  0|   2|           1|           1|
    |and_ln786_41_fu_2722_p2     |    and   |      0|  0|   2|           1|           1|
    |and_ln786_42_fu_1448_p2     |    and   |      0|  0|   2|           1|           1|
    |and_ln786_43_fu_1466_p2     |    and   |      0|  0|   2|           1|           1|
    |and_ln786_44_fu_2809_p2     |    and   |      0|  0|   2|           1|           1|
    |and_ln786_45_fu_1641_p2     |    and   |      0|  0|   2|           1|           1|
    |and_ln786_46_fu_1659_p2     |    and   |      0|  0|   2|           1|           1|
    |and_ln786_47_fu_2890_p2     |    and   |      0|  0|   2|           1|           1|
    |and_ln786_48_fu_1834_p2     |    and   |      0|  0|   2|           1|           1|
    |and_ln786_49_fu_1852_p2     |    and   |      0|  0|   2|           1|           1|
    |and_ln786_50_fu_2977_p2     |    and   |      0|  0|   2|           1|           1|
    |and_ln786_51_fu_2027_p2     |    and   |      0|  0|   2|           1|           1|
    |and_ln786_52_fu_2045_p2     |    and   |      0|  0|   2|           1|           1|
    |and_ln786_53_fu_3058_p2     |    and   |      0|  0|   2|           1|           1|
    |and_ln786_54_fu_2220_p2     |    and   |      0|  0|   2|           1|           1|
    |and_ln786_55_fu_2238_p2     |    and   |      0|  0|   2|           1|           1|
    |and_ln786_56_fu_3145_p2     |    and   |      0|  0|   2|           1|           1|
    |and_ln786_fu_676_p2         |    and   |      0|  0|   2|           1|           1|
    |icmp_ln718_16_fu_721_p2     |   icmp   |      0|  0|  11|           7|           1|
    |icmp_ln718_17_fu_914_p2     |   icmp   |      0|  0|  11|           7|           1|
    |icmp_ln718_18_fu_1107_p2    |   icmp   |      0|  0|  11|           7|           1|
    |icmp_ln718_19_fu_1300_p2    |   icmp   |      0|  0|  11|           7|           1|
    |icmp_ln718_20_fu_1493_p2    |   icmp   |      0|  0|  11|           7|           1|
    |icmp_ln718_21_fu_1686_p2    |   icmp   |      0|  0|  11|           7|           1|
    |icmp_ln718_22_fu_1879_p2    |   icmp   |      0|  0|  11|           7|           1|
    |icmp_ln718_23_fu_2072_p2    |   icmp   |      0|  0|  11|           7|           1|
    |icmp_ln718_fu_528_p2        |   icmp   |      0|  0|  11|           7|           1|
    |icmp_ln768_1_fu_800_p2      |   icmp   |      0|  0|  11|           8|           1|
    |icmp_ln768_2_fu_993_p2      |   icmp   |      0|  0|  11|           8|           1|
    |icmp_ln768_3_fu_1186_p2     |   icmp   |      0|  0|  11|           8|           1|
    |icmp_ln768_4_fu_1379_p2     |   icmp   |      0|  0|  11|           8|           1|
    |icmp_ln768_5_fu_1572_p2     |   icmp   |      0|  0|  11|           8|           1|
    |icmp_ln768_6_fu_1765_p2     |   icmp   |      0|  0|  11|           8|           1|
    |icmp_ln768_7_fu_1958_p2     |   icmp   |      0|  0|  11|           8|           1|
    |icmp_ln768_8_fu_2151_p2     |   icmp   |      0|  0|  11|           8|           1|
    |icmp_ln768_fu_607_p2        |   icmp   |      0|  0|  11|           8|           1|
    |icmp_ln879_10_fu_1562_p2    |   icmp   |      0|  0|  11|           7|           2|
    |icmp_ln879_11_fu_1567_p2    |   icmp   |      0|  0|  11|           8|           2|
    |icmp_ln879_12_fu_1755_p2    |   icmp   |      0|  0|  11|           7|           2|
    |icmp_ln879_13_fu_1760_p2    |   icmp   |      0|  0|  11|           8|           2|
    |icmp_ln879_14_fu_1948_p2    |   icmp   |      0|  0|  11|           7|           2|
    |icmp_ln879_15_fu_1953_p2    |   icmp   |      0|  0|  11|           8|           2|
    |icmp_ln879_16_fu_2141_p2    |   icmp   |      0|  0|  11|           7|           2|
    |icmp_ln879_17_fu_2146_p2    |   icmp   |      0|  0|  11|           8|           2|
    |icmp_ln879_1_fu_602_p2      |   icmp   |      0|  0|  11|           8|           2|
    |icmp_ln879_2_fu_790_p2      |   icmp   |      0|  0|  11|           7|           2|
    |icmp_ln879_3_fu_795_p2      |   icmp   |      0|  0|  11|           8|           2|
    |icmp_ln879_4_fu_983_p2      |   icmp   |      0|  0|  11|           7|           2|
    |icmp_ln879_5_fu_988_p2      |   icmp   |      0|  0|  11|           8|           2|
    |icmp_ln879_6_fu_1176_p2     |   icmp   |      0|  0|  11|           7|           2|
    |icmp_ln879_7_fu_1181_p2     |   icmp   |      0|  0|  11|           8|           2|
    |icmp_ln879_8_fu_1369_p2     |   icmp   |      0|  0|  11|           7|           2|
    |icmp_ln879_9_fu_1374_p2     |   icmp   |      0|  0|  11|           8|           2|
    |icmp_ln879_fu_597_p2        |   icmp   |      0|  0|  11|           7|           2|
    |or_ln340_32_fu_2253_p2      |    or    |      0|  0|   2|           1|           1|
    |or_ln340_33_fu_2249_p2      |    or    |      0|  0|   2|           1|           1|
    |or_ln340_34_fu_892_p2       |    or    |      0|  0|   2|           1|           1|
    |or_ln340_35_fu_2282_p2      |    or    |      0|  0|   2|           1|           1|
    |or_ln340_36_fu_2278_p2      |    or    |      0|  0|   2|           1|           1|
    |or_ln340_37_fu_2367_p2      |    or    |      0|  0|   2|           1|           1|
    |or_ln340_38_fu_1085_p2      |    or    |      0|  0|   2|           1|           1|
    |or_ln340_39_fu_2397_p2      |    or    |      0|  0|   2|           1|           1|
    |or_ln340_40_fu_2401_p2      |    or    |      0|  0|   2|           1|           1|
    |or_ln340_41_fu_2655_p2      |    or    |      0|  0|   2|           1|           1|
    |or_ln340_42_fu_1278_p2      |    or    |      0|  0|   2|           1|           1|
    |or_ln340_43_fu_2462_p2      |    or    |      0|  0|   2|           1|           1|
    |or_ln340_44_fu_2466_p2      |    or    |      0|  0|   2|           1|           1|
    |or_ln340_45_fu_2740_p2      |    or    |      0|  0|   2|           1|           1|
    |or_ln340_46_fu_1471_p2      |    or    |      0|  0|   2|           1|           1|
    |or_ln340_47_fu_2491_p2      |    or    |      0|  0|   2|           1|           1|
    |or_ln340_48_fu_2495_p2      |    or    |      0|  0|   2|           1|           1|
    |or_ln340_49_fu_2823_p2      |    or    |      0|  0|   2|           1|           1|
    |or_ln340_50_fu_1664_p2      |    or    |      0|  0|   2|           1|           1|
    |or_ln340_51_fu_2520_p2      |    or    |      0|  0|   2|           1|           1|
    |or_ln340_52_fu_2524_p2      |    or    |      0|  0|   2|           1|           1|
    |or_ln340_53_fu_2908_p2      |    or    |      0|  0|   2|           1|           1|
    |or_ln340_54_fu_1857_p2      |    or    |      0|  0|   2|           1|           1|
    |or_ln340_55_fu_2549_p2      |    or    |      0|  0|   2|           1|           1|
    |or_ln340_56_fu_2553_p2      |    or    |      0|  0|   2|           1|           1|
    |or_ln340_57_fu_2991_p2      |    or    |      0|  0|   2|           1|           1|
    |or_ln340_58_fu_2050_p2      |    or    |      0|  0|   2|           1|           1|
    |or_ln340_59_fu_2578_p2      |    or    |      0|  0|   2|           1|           1|
    |or_ln340_60_fu_2582_p2      |    or    |      0|  0|   2|           1|           1|
    |or_ln340_61_fu_3076_p2      |    or    |      0|  0|   2|           1|           1|
    |or_ln340_62_fu_2243_p2      |    or    |      0|  0|   2|           1|           1|
    |or_ln340_63_fu_2607_p2      |    or    |      0|  0|   2|           1|           1|
    |or_ln340_64_fu_2611_p2      |    or    |      0|  0|   2|           1|           1|
    |or_ln340_65_fu_3159_p2      |    or    |      0|  0|   2|           1|           1|
    |or_ln340_fu_699_p2          |    or    |      0|  0|   2|           1|           1|
    |or_ln412_16_fu_733_p2       |    or    |      0|  0|   2|           1|           1|
    |or_ln412_17_fu_926_p2       |    or    |      0|  0|   2|           1|           1|
    |or_ln412_18_fu_1119_p2      |    or    |      0|  0|   2|           1|           1|
    |or_ln412_19_fu_1312_p2      |    or    |      0|  0|   2|           1|           1|
    |or_ln412_20_fu_1505_p2      |    or    |      0|  0|   2|           1|           1|
    |or_ln412_21_fu_1698_p2      |    or    |      0|  0|   2|           1|           1|
    |or_ln412_22_fu_1891_p2      |    or    |      0|  0|   2|           1|           1|
    |or_ln412_23_fu_2084_p2      |    or    |      0|  0|   2|           1|           1|
    |or_ln412_fu_540_p2          |    or    |      0|  0|   2|           1|           1|
    |or_ln785_16_fu_852_p2       |    or    |      0|  0|   2|           1|           1|
    |or_ln785_17_fu_1045_p2      |    or    |      0|  0|   2|           1|           1|
    |or_ln785_18_fu_1238_p2      |    or    |      0|  0|   2|           1|           1|
    |or_ln785_19_fu_1431_p2      |    or    |      0|  0|   2|           1|           1|
    |or_ln785_20_fu_1624_p2      |    or    |      0|  0|   2|           1|           1|
    |or_ln785_21_fu_1817_p2      |    or    |      0|  0|   2|           1|           1|
    |or_ln785_22_fu_2010_p2      |    or    |      0|  0|   2|           1|           1|
    |or_ln785_23_fu_2203_p2      |    or    |      0|  0|   2|           1|           1|
    |or_ln785_fu_659_p2          |    or    |      0|  0|   2|           1|           1|
    |or_ln786_32_fu_875_p2       |    or    |      0|  0|   2|           1|           1|
    |or_ln786_33_fu_1068_p2      |    or    |      0|  0|   2|           1|           1|
    |or_ln786_34_fu_1261_p2      |    or    |      0|  0|   2|           1|           1|
    |or_ln786_35_fu_1454_p2      |    or    |      0|  0|   2|           1|           1|
    |or_ln786_36_fu_1647_p2      |    or    |      0|  0|   2|           1|           1|
    |or_ln786_37_fu_1840_p2      |    or    |      0|  0|   2|           1|           1|
    |or_ln786_38_fu_2033_p2      |    or    |      0|  0|   2|           1|           1|
    |or_ln786_39_fu_2226_p2      |    or    |      0|  0|   2|           1|           1|
    |or_ln786_fu_682_p2          |    or    |      0|  0|   2|           1|           1|
    |select_ln340_32_fu_2287_p3  |  select  |      0|  0|  16|           1|          15|
    |select_ln340_33_fu_2373_p3  |  select  |      0|  0|  16|           1|          15|
    |select_ln340_34_fu_2406_p3  |  select  |      0|  0|  16|           1|          15|
    |select_ln340_35_fu_2660_p3  |  select  |      0|  0|  16|           1|          15|
    |select_ln340_36_fu_2471_p3  |  select  |      0|  0|  16|           1|          15|
    |select_ln340_37_fu_2746_p3  |  select  |      0|  0|  16|           1|          15|
    |select_ln340_38_fu_2500_p3  |  select  |      0|  0|  16|           1|          15|
    |select_ln340_39_fu_2828_p3  |  select  |      0|  0|  16|           1|          15|
    |select_ln340_40_fu_2529_p3  |  select  |      0|  0|  16|           1|          15|
    |select_ln340_41_fu_2914_p3  |  select  |      0|  0|  16|           1|          15|
    |select_ln340_42_fu_2558_p3  |  select  |      0|  0|  16|           1|          15|
    |select_ln340_43_fu_2996_p3  |  select  |      0|  0|  16|           1|          15|
    |select_ln340_44_fu_2587_p3  |  select  |      0|  0|  16|           1|          15|
    |select_ln340_45_fu_3082_p3  |  select  |      0|  0|  16|           1|          15|
    |select_ln340_46_fu_2616_p3  |  select  |      0|  0|  16|           1|          15|
    |select_ln340_47_fu_3164_p3  |  select  |      0|  0|  16|           1|          15|
    |select_ln340_48_fu_2270_p3  |  select  |      0|  0|  16|           1|          16|
    |select_ln340_49_fu_2299_p3  |  select  |      0|  0|  16|           1|          16|
    |select_ln340_50_fu_2389_p3  |  select  |      0|  0|  16|           1|          16|
    |select_ln340_51_fu_2418_p3  |  select  |      0|  0|  16|           1|          16|
    |select_ln340_52_fu_2674_p3  |  select  |      0|  0|  16|           1|          16|
    |select_ln340_53_fu_2483_p3  |  select  |      0|  0|  16|           1|          16|
    |select_ln340_54_fu_2762_p3  |  select  |      0|  0|  16|           1|          16|
    |select_ln340_55_fu_2512_p3  |  select  |      0|  0|  16|           1|          16|
    |select_ln340_56_fu_2842_p3  |  select  |      0|  0|  16|           1|          16|
    |select_ln340_57_fu_2541_p3  |  select  |      0|  0|  16|           1|          16|
    |select_ln340_58_fu_2930_p3  |  select  |      0|  0|  16|           1|          16|
    |select_ln340_59_fu_2570_p3  |  select  |      0|  0|  16|           1|          16|
    |select_ln340_60_fu_3010_p3  |  select  |      0|  0|  16|           1|          16|
    |select_ln340_61_fu_2599_p3  |  select  |      0|  0|  16|           1|          16|
    |select_ln340_62_fu_3098_p3  |  select  |      0|  0|  16|           1|          16|
    |select_ln340_63_fu_2628_p3  |  select  |      0|  0|  16|           1|          16|
    |select_ln340_64_fu_3178_p3  |  select  |      0|  0|  16|           1|          16|
    |select_ln340_fu_2258_p3     |  select  |      0|  0|  16|           1|          15|
    |select_ln388_16_fu_2293_p3  |  select  |      0|  0|  17|           1|          17|
    |select_ln388_17_fu_2381_p3  |  select  |      0|  0|  17|           1|          17|
    |select_ln388_18_fu_2412_p3  |  select  |      0|  0|  17|           1|          17|
    |select_ln388_19_fu_2667_p3  |  select  |      0|  0|  17|           1|          17|
    |select_ln388_20_fu_2477_p3  |  select  |      0|  0|  17|           1|          17|
    |select_ln388_21_fu_2754_p3  |  select  |      0|  0|  17|           1|          17|
    |select_ln388_22_fu_2506_p3  |  select  |      0|  0|  17|           1|          17|
    |select_ln388_23_fu_2835_p3  |  select  |      0|  0|  17|           1|          17|
    |select_ln388_24_fu_2535_p3  |  select  |      0|  0|  17|           1|          17|
    |select_ln388_25_fu_2922_p3  |  select  |      0|  0|  17|           1|          17|
    |select_ln388_26_fu_2564_p3  |  select  |      0|  0|  17|           1|          17|
    |select_ln388_27_fu_3003_p3  |  select  |      0|  0|  17|           1|          17|
    |select_ln388_28_fu_2593_p3  |  select  |      0|  0|  17|           1|          17|
    |select_ln388_29_fu_3090_p3  |  select  |      0|  0|  17|           1|          17|
    |select_ln388_30_fu_2622_p3  |  select  |      0|  0|  17|           1|          17|
    |select_ln388_31_fu_3171_p3  |  select  |      0|  0|  17|           1|          17|
    |select_ln388_fu_2264_p3     |  select  |      0|  0|  17|           1|          17|
    |select_ln416_1_fu_832_p3    |  select  |      0|  0|   2|           1|           1|
    |select_ln416_2_fu_1025_p3   |  select  |      0|  0|   2|           1|           1|
    |select_ln416_3_fu_1218_p3   |  select  |      0|  0|   2|           1|           1|
    |select_ln416_4_fu_1411_p3   |  select  |      0|  0|   2|           1|           1|
    |select_ln416_5_fu_1604_p3   |  select  |      0|  0|   2|           1|           1|
    |select_ln416_6_fu_1797_p3   |  select  |      0|  0|   2|           1|           1|
    |select_ln416_7_fu_1990_p3   |  select  |      0|  0|   2|           1|           1|
    |select_ln416_8_fu_2183_p3   |  select  |      0|  0|   2|           1|           1|
    |select_ln416_fu_639_p3      |  select  |      0|  0|   2|           1|           1|
    |select_ln777_1_fu_805_p3    |  select  |      0|  0|   2|           1|           1|
    |select_ln777_2_fu_998_p3    |  select  |      0|  0|   2|           1|           1|
    |select_ln777_3_fu_1191_p3   |  select  |      0|  0|   2|           1|           1|
    |select_ln777_4_fu_1384_p3   |  select  |      0|  0|   2|           1|           1|
    |select_ln777_5_fu_1577_p3   |  select  |      0|  0|   2|           1|           1|
    |select_ln777_6_fu_1770_p3   |  select  |      0|  0|   2|           1|           1|
    |select_ln777_7_fu_1963_p3   |  select  |      0|  0|   2|           1|           1|
    |select_ln777_8_fu_2156_p3   |  select  |      0|  0|   2|           1|           1|
    |select_ln777_fu_612_p3      |  select  |      0|  0|   2|           1|           1|
    |xor_ln340_16_fu_2361_p2     |    xor   |      0|  0|   2|           1|           2|
    |xor_ln340_17_fu_2646_p2     |    xor   |      0|  0|   2|           1|           1|
    |xor_ln340_18_fu_2650_p2     |    xor   |      0|  0|   2|           1|           2|
    |xor_ln340_19_fu_2728_p2     |    xor   |      0|  0|   2|           1|           1|
    |xor_ln340_20_fu_2734_p2     |    xor   |      0|  0|   2|           1|           2|
    |xor_ln340_21_fu_2814_p2     |    xor   |      0|  0|   2|           1|           1|
    |xor_ln340_22_fu_2818_p2     |    xor   |      0|  0|   2|           1|           2|
    |xor_ln340_23_fu_2896_p2     |    xor   |      0|  0|   2|           1|           1|
    |xor_ln340_24_fu_2902_p2     |    xor   |      0|  0|   2|           1|           2|
    |xor_ln340_25_fu_2982_p2     |    xor   |      0|  0|   2|           1|           1|
    |xor_ln340_26_fu_2986_p2     |    xor   |      0|  0|   2|           1|           2|
    |xor_ln340_27_fu_3064_p2     |    xor   |      0|  0|   2|           1|           1|
    |xor_ln340_28_fu_3070_p2     |    xor   |      0|  0|   2|           1|           2|
    |xor_ln340_29_fu_3150_p2     |    xor   |      0|  0|   2|           1|           1|
    |xor_ln340_30_fu_3154_p2     |    xor   |      0|  0|   2|           1|           2|
    |xor_ln340_fu_2355_p2        |    xor   |      0|  0|   2|           1|           1|
    |xor_ln416_47_fu_770_p2      |    xor   |      0|  0|   2|           1|           2|
    |xor_ln416_48_fu_963_p2      |    xor   |      0|  0|   2|           1|           2|
    |xor_ln416_49_fu_1156_p2     |    xor   |      0|  0|   2|           1|           2|
    |xor_ln416_50_fu_1349_p2     |    xor   |      0|  0|   2|           1|           2|
    |xor_ln416_51_fu_1542_p2     |    xor   |      0|  0|   2|           1|           2|
    |xor_ln416_52_fu_1735_p2     |    xor   |      0|  0|   2|           1|           2|
    |xor_ln416_53_fu_1928_p2     |    xor   |      0|  0|   2|           1|           2|
    |xor_ln416_54_fu_2121_p2     |    xor   |      0|  0|   2|           1|           2|
    |xor_ln416_fu_577_p2         |    xor   |      0|  0|   2|           1|           2|
    |xor_ln779_16_fu_820_p2      |    xor   |      0|  0|   2|           1|           2|
    |xor_ln779_17_fu_1013_p2     |    xor   |      0|  0|   2|           1|           2|
    |xor_ln779_18_fu_1206_p2     |    xor   |      0|  0|   2|           1|           2|
    |xor_ln779_19_fu_1399_p2     |    xor   |      0|  0|   2|           1|           2|
    |xor_ln779_20_fu_1592_p2     |    xor   |      0|  0|   2|           1|           2|
    |xor_ln779_21_fu_1785_p2     |    xor   |      0|  0|   2|           1|           2|
    |xor_ln779_22_fu_1978_p2     |    xor   |      0|  0|   2|           1|           2|
    |xor_ln779_23_fu_2171_p2     |    xor   |      0|  0|   2|           1|           2|
    |xor_ln779_fu_627_p2         |    xor   |      0|  0|   2|           1|           2|
    |xor_ln785_16_fu_665_p2      |    xor   |      0|  0|   2|           1|           2|
    |xor_ln785_17_fu_846_p2      |    xor   |      0|  0|   2|           1|           2|
    |xor_ln785_18_fu_858_p2      |    xor   |      0|  0|   2|           1|           2|
    |xor_ln785_19_fu_1039_p2     |    xor   |      0|  0|   2|           1|           2|
    |xor_ln785_20_fu_1051_p2     |    xor   |      0|  0|   2|           1|           2|
    |xor_ln785_21_fu_1232_p2     |    xor   |      0|  0|   2|           1|           2|
    |xor_ln785_22_fu_1244_p2     |    xor   |      0|  0|   2|           1|           2|
    |xor_ln785_23_fu_1425_p2     |    xor   |      0|  0|   2|           1|           2|
    |xor_ln785_24_fu_1437_p2     |    xor   |      0|  0|   2|           1|           2|
    |xor_ln785_25_fu_1618_p2     |    xor   |      0|  0|   2|           1|           2|
    |xor_ln785_26_fu_1630_p2     |    xor   |      0|  0|   2|           1|           2|
    |xor_ln785_27_fu_1811_p2     |    xor   |      0|  0|   2|           1|           2|
    |xor_ln785_28_fu_1823_p2     |    xor   |      0|  0|   2|           1|           2|
    |xor_ln785_29_fu_2004_p2     |    xor   |      0|  0|   2|           1|           2|
    |xor_ln785_30_fu_2016_p2     |    xor   |      0|  0|   2|           1|           2|
    |xor_ln785_31_fu_2197_p2     |    xor   |      0|  0|   2|           1|           2|
    |xor_ln785_32_fu_2209_p2     |    xor   |      0|  0|   2|           1|           2|
    |xor_ln785_fu_653_p2         |    xor   |      0|  0|   2|           1|           2|
    |xor_ln786_16_fu_881_p2      |    xor   |      0|  0|   2|           1|           2|
    |xor_ln786_17_fu_2343_p2     |    xor   |      0|  0|   2|           1|           2|
    |xor_ln786_18_fu_1074_p2     |    xor   |      0|  0|   2|           1|           2|
    |xor_ln786_19_fu_2636_p2     |    xor   |      0|  0|   2|           1|           2|
    |xor_ln786_20_fu_1267_p2     |    xor   |      0|  0|   2|           1|           2|
    |xor_ln786_21_fu_2716_p2     |    xor   |      0|  0|   2|           1|           2|
    |xor_ln786_22_fu_1460_p2     |    xor   |      0|  0|   2|           1|           2|
    |xor_ln786_23_fu_2804_p2     |    xor   |      0|  0|   2|           1|           2|
    |xor_ln786_24_fu_1653_p2     |    xor   |      0|  0|   2|           1|           2|
    |xor_ln786_25_fu_2884_p2     |    xor   |      0|  0|   2|           1|           2|
    |xor_ln786_26_fu_1846_p2     |    xor   |      0|  0|   2|           1|           2|
    |xor_ln786_27_fu_2972_p2     |    xor   |      0|  0|   2|           1|           2|
    |xor_ln786_28_fu_2039_p2     |    xor   |      0|  0|   2|           1|           2|
    |xor_ln786_29_fu_3052_p2     |    xor   |      0|  0|   2|           1|           2|
    |xor_ln786_30_fu_2232_p2     |    xor   |      0|  0|   2|           1|           2|
    |xor_ln786_31_fu_3140_p2     |    xor   |      0|  0|   2|           1|           2|
    |xor_ln786_fu_688_p2         |    xor   |      0|  0|   2|           1|           2|
    +----------------------------+----------+-------+---+----+------------+------------+
    |Total                       |          |      0|  0|2252|         949|        1559|
    +----------------------------+----------+-------+---+----+------------+------------+

    * Multiplexer: 
    +-----------+----+-----------+-----+-----------+
    |    Name   | LUT| Input Size| Bits| Total Bits|
    +-----------+----+-----------+-----+-----------+
    |ap_return  |   9|          2|   16|         32|
    +-----------+----+-----------+-----+-----------+
    |Total      |   9|          2|   16|         32|
    +-----------+----+-----------+-----+-----------+

    * Register: 
    +----------------------------------------+----+----+-----+-----------+
    |                  Name                  | FF | LUT| Bits| Const Bits|
    +----------------------------------------+----+----+-----+-----------+
    |add_ln415_16_reg_3586                   |  16|   0|   16|          0|
    |add_ln415_17_reg_3617                   |  16|   0|   16|          0|
    |add_ln415_18_reg_3648                   |  16|   0|   16|          0|
    |add_ln415_19_reg_3679                   |  16|   0|   16|          0|
    |add_ln415_20_reg_3710                   |  16|   0|   16|          0|
    |add_ln415_21_reg_3741                   |  16|   0|   16|          0|
    |add_ln415_22_reg_3772                   |  16|   0|   16|          0|
    |add_ln415_23_reg_3803                   |  16|   0|   16|          0|
    |add_ln415_reg_3555                      |  16|   0|   16|          0|
    |add_ln703_16_reg_3841                   |  16|   0|   16|          0|
    |add_ln703_18_reg_3897                   |  16|   0|   16|          0|
    |add_ln703_20_reg_3917                   |  16|   0|   16|          0|
    |add_ln703_22_reg_3937                   |  16|   0|   16|          0|
    |and_ln781_16_reg_3592                   |   1|   0|    1|          0|
    |and_ln781_17_reg_3623                   |   1|   0|    1|          0|
    |and_ln781_18_reg_3654                   |   1|   0|    1|          0|
    |and_ln781_19_reg_3685                   |   1|   0|    1|          0|
    |and_ln781_20_reg_3716                   |   1|   0|    1|          0|
    |and_ln781_21_reg_3747                   |   1|   0|    1|          0|
    |and_ln781_22_reg_3778                   |   1|   0|    1|          0|
    |and_ln781_23_reg_3809                   |   1|   0|    1|          0|
    |and_ln781_reg_3561                      |   1|   0|    1|          0|
    |and_ln786_32_reg_3576                   |   1|   0|    1|          0|
    |and_ln786_33_reg_3602                   |   1|   0|    1|          0|
    |and_ln786_34_reg_3607                   |   1|   0|    1|          0|
    |and_ln786_36_reg_3633                   |   1|   0|    1|          0|
    |and_ln786_37_reg_3638                   |   1|   0|    1|          0|
    |and_ln786_39_reg_3664                   |   1|   0|    1|          0|
    |and_ln786_40_reg_3669                   |   1|   0|    1|          0|
    |and_ln786_42_reg_3695                   |   1|   0|    1|          0|
    |and_ln786_43_reg_3700                   |   1|   0|    1|          0|
    |and_ln786_45_reg_3726                   |   1|   0|    1|          0|
    |and_ln786_46_reg_3731                   |   1|   0|    1|          0|
    |and_ln786_48_reg_3757                   |   1|   0|    1|          0|
    |and_ln786_49_reg_3762                   |   1|   0|    1|          0|
    |and_ln786_51_reg_3788                   |   1|   0|    1|          0|
    |and_ln786_52_reg_3793                   |   1|   0|    1|          0|
    |and_ln786_54_reg_3819                   |   1|   0|    1|          0|
    |and_ln786_55_reg_3824                   |   1|   0|    1|          0|
    |and_ln786_reg_3571                      |   1|   0|    1|          0|
    |ap_ce_reg                               |   1|   0|    1|          0|
    |ap_return_int_reg                       |  16|   0|   16|          0|
    |mul_ln1118_16_reg_3307                  |  32|   0|   32|          0|
    |mul_ln1118_17_reg_3338                  |  32|   0|   32|          0|
    |mul_ln1118_18_reg_3369                  |  32|   0|   32|          0|
    |mul_ln1118_19_reg_3400                  |  32|   0|   32|          0|
    |mul_ln1118_20_reg_3431                  |  32|   0|   32|          0|
    |mul_ln1118_21_reg_3462                  |  32|   0|   32|          0|
    |mul_ln1118_22_reg_3493                  |  32|   0|   32|          0|
    |mul_ln1118_23_reg_3524                  |  32|   0|   32|          0|
    |mul_ln1118_reg_3276                     |  32|   0|   32|          0|
    |or_ln340_34_reg_3612                    |   1|   0|    1|          0|
    |or_ln340_38_reg_3643                    |   1|   0|    1|          0|
    |or_ln340_42_reg_3674                    |   1|   0|    1|          0|
    |or_ln340_46_reg_3705                    |   1|   0|    1|          0|
    |or_ln340_50_reg_3736                    |   1|   0|    1|          0|
    |or_ln340_54_reg_3767                    |   1|   0|    1|          0|
    |or_ln340_58_reg_3798                    |   1|   0|    1|          0|
    |or_ln340_62_reg_3829                    |   1|   0|    1|          0|
    |or_ln340_reg_3581                       |   1|   0|    1|          0|
    |p_Result_3_reg_3301                     |   8|   0|    8|          0|
    |p_Result_55_0_1_reg_3327                |   7|   0|    7|          0|
    |p_Result_55_0_2_reg_3358                |   7|   0|    7|          0|
    |p_Result_55_1_1_reg_3420                |   7|   0|    7|          0|
    |p_Result_55_1_2_reg_3451                |   7|   0|    7|          0|
    |p_Result_55_1_reg_3389                  |   7|   0|    7|          0|
    |p_Result_55_2_1_reg_3513                |   7|   0|    7|          0|
    |p_Result_55_2_2_reg_3544                |   7|   0|    7|          0|
    |p_Result_55_2_reg_3482                  |   7|   0|    7|          0|
    |p_Result_56_0_1_reg_3332                |   8|   0|    8|          0|
    |p_Result_56_0_2_reg_3363                |   8|   0|    8|          0|
    |p_Result_56_1_1_reg_3425                |   8|   0|    8|          0|
    |p_Result_56_1_2_reg_3456                |   8|   0|    8|          0|
    |p_Result_56_1_reg_3394                  |   8|   0|    8|          0|
    |p_Result_56_2_1_reg_3518                |   8|   0|    8|          0|
    |p_Result_56_2_2_reg_3549                |   8|   0|    8|          0|
    |p_Result_56_2_reg_3487                  |   8|   0|    8|          0|
    |p_Result_s_reg_3296                     |   7|   0|    7|          0|
    |p_read110_int_reg                       |  16|   0|   16|          0|
    |p_read211_int_reg                       |  16|   0|   16|          0|
    |p_read312_int_reg                       |  16|   0|   16|          0|
    |p_read413_int_reg                       |  16|   0|   16|          0|
    |p_read514_int_reg                       |  16|   0|   16|          0|
    |p_read615_int_reg                       |  16|   0|   16|          0|
    |p_read716_int_reg                       |  16|   0|   16|          0|
    |p_read817_int_reg                       |  16|   0|   16|          0|
    |p_read9_int_reg                         |  16|   0|   16|          0|
    |select_ln340_53_reg_3854                |  16|   0|   16|          0|
    |select_ln340_55_reg_3860                |  16|   0|   16|          0|
    |select_ln340_57_reg_3866                |  16|   0|   16|          0|
    |select_ln340_57_reg_3866_pp0_iter3_reg  |  16|   0|   16|          0|
    |select_ln340_59_reg_3872                |  16|   0|   16|          0|
    |select_ln340_59_reg_3872_pp0_iter3_reg  |  16|   0|   16|          0|
    |select_ln340_61_reg_3878                |  16|   0|   16|          0|
    |select_ln340_63_reg_3884                |  16|   0|   16|          0|
    |tmp_188_reg_3316                        |   1|   0|    1|          0|
    |tmp_197_reg_3347                        |   1|   0|    1|          0|
    |tmp_204_reg_3834                        |   1|   0|    1|          0|
    |tmp_205_reg_3847                        |   1|   0|    1|          0|
    |tmp_206_reg_3378                        |   1|   0|    1|          0|
    |tmp_215_reg_3409                        |   1|   0|    1|          0|
    |tmp_222_reg_3890                        |   1|   0|    1|          0|
    |tmp_223_reg_3903                        |   1|   0|    1|          0|
    |tmp_224_reg_3440                        |   1|   0|    1|          0|
    |tmp_233_reg_3471                        |   1|   0|    1|          0|
    |tmp_240_reg_3910                        |   1|   0|    1|          0|
    |tmp_241_reg_3923                        |   1|   0|    1|          0|
    |tmp_242_reg_3502                        |   1|   0|    1|          0|
    |tmp_251_reg_3533                        |   1|   0|    1|          0|
    |tmp_258_reg_3930                        |   1|   0|    1|          0|
    |tmp_259_reg_3943                        |   1|   0|    1|          0|
    |tmp_reg_3285                            |   1|   0|    1|          0|
    |trunc_ln718_16_reg_3322                 |   7|   0|    7|          0|
    |trunc_ln718_17_reg_3353                 |   7|   0|    7|          0|
    |trunc_ln718_18_reg_3384                 |   7|   0|    7|          0|
    |trunc_ln718_19_reg_3415                 |   7|   0|    7|          0|
    |trunc_ln718_20_reg_3446                 |   7|   0|    7|          0|
    |trunc_ln718_21_reg_3477                 |   7|   0|    7|          0|
    |trunc_ln718_22_reg_3508                 |   7|   0|    7|          0|
    |trunc_ln718_23_reg_3539                 |   7|   0|    7|          0|
    |trunc_ln718_reg_3291                    |   7|   0|    7|          0|
    |window_0_0_val_V_r_int_reg              |  16|   0|   16|          0|
    |window_0_1_val_V_r_int_reg              |  16|   0|   16|          0|
    |window_0_2_val_V_r_int_reg              |  16|   0|   16|          0|
    |window_1_0_val_V_r_int_reg              |  16|   0|   16|          0|
    |window_1_1_val_V_r_int_reg              |  16|   0|   16|          0|
    |window_1_2_val_V_r_int_reg              |  16|   0|   16|          0|
    |window_2_0_val_V_r_int_reg              |  16|   0|   16|          0|
    |window_2_1_val_V_r_int_reg              |  16|   0|   16|          0|
    |window_2_2_val_V_r_int_reg              |  16|   0|   16|          0|
    |xor_ln785_16_reg_3566                   |   1|   0|    1|          0|
    |xor_ln785_18_reg_3597                   |   1|   0|    1|          0|
    |xor_ln785_20_reg_3628                   |   1|   0|    1|          0|
    |xor_ln785_22_reg_3659                   |   1|   0|    1|          0|
    |xor_ln785_24_reg_3690                   |   1|   0|    1|          0|
    |xor_ln785_26_reg_3721                   |   1|   0|    1|          0|
    |xor_ln785_28_reg_3752                   |   1|   0|    1|          0|
    |xor_ln785_30_reg_3783                   |   1|   0|    1|          0|
    |xor_ln785_32_reg_3814                   |   1|   0|    1|          0|
    |select_ln340_61_reg_3878                |  64|  32|   16|          0|
    |select_ln340_63_reg_3884                |  64|  32|   16|          0|
    +----------------------------------------+----+----+-----+-----------+
    |Total                                   |1317|  64| 1221|          0|
    +----------------------------------------+----+----+-----+-----------+



================================================================
== Interface
================================================================
* Summary: 
+--------------------+-----+-----+------------+--------------------+--------------+
|      RTL Ports     | Dir | Bits|  Protocol  |    Source Object   |    C Type    |
+--------------------+-----+-----+------------+--------------------+--------------+
|ap_clk              |  in |    1| ap_ctrl_hs |     window_macc    | return value |
|ap_rst              |  in |    1| ap_ctrl_hs |     window_macc    | return value |
|ap_return           | out |   16| ap_ctrl_hs |     window_macc    | return value |
|ap_ce               |  in |    1| ap_ctrl_hs |     window_macc    | return value |
|window_0_0_val_V_r  |  in |   16|   ap_none  | window_0_0_val_V_r |    scalar    |
|window_0_1_val_V_r  |  in |   16|   ap_none  | window_0_1_val_V_r |    scalar    |
|window_0_2_val_V_r  |  in |   16|   ap_none  | window_0_2_val_V_r |    scalar    |
|window_1_0_val_V_r  |  in |   16|   ap_none  | window_1_0_val_V_r |    scalar    |
|window_1_1_val_V_r  |  in |   16|   ap_none  | window_1_1_val_V_r |    scalar    |
|window_1_2_val_V_r  |  in |   16|   ap_none  | window_1_2_val_V_r |    scalar    |
|window_2_0_val_V_r  |  in |   16|   ap_none  | window_2_0_val_V_r |    scalar    |
|window_2_1_val_V_r  |  in |   16|   ap_none  | window_2_1_val_V_r |    scalar    |
|window_2_2_val_V_r  |  in |   16|   ap_none  | window_2_2_val_V_r |    scalar    |
|p_read9             |  in |   16|   ap_none  |       p_read9      |    scalar    |
|p_read110           |  in |   16|   ap_none  |      p_read110     |    scalar    |
|p_read211           |  in |   16|   ap_none  |      p_read211     |    scalar    |
|p_read312           |  in |   16|   ap_none  |      p_read312     |    scalar    |
|p_read413           |  in |   16|   ap_none  |      p_read413     |    scalar    |
|p_read514           |  in |   16|   ap_none  |      p_read514     |    scalar    |
|p_read615           |  in |   16|   ap_none  |      p_read615     |    scalar    |
|p_read716           |  in |   16|   ap_none  |      p_read716     |    scalar    |
|p_read817           |  in |   16|   ap_none  |      p_read817     |    scalar    |
+--------------------+-----+-----+------------+--------------------+--------------+

