

================================================================
== Vivado HLS Report for 'window_macc'
================================================================
* Date:           Fri Jul 26 19:40:44 2019

* Version:        2019.1 (Build 2552052 on Fri May 24 15:28:33 MDT 2019)
* Project:        yolo_conv_fp_2019_64
* Solution:       solution1
* Product family: zynq
* Target device:  xc7z020-clg484-1


================================================================
== Performance Estimates
================================================================
+ Timing (ns): 
    * Summary: 
    +--------+-------+----------+------------+
    |  Clock | Target| Estimated| Uncertainty|
    +--------+-------+----------+------------+
    |ap_clk  |   8.00|     8.932|        1.60|
    +--------+-------+----------+------------+

+ Latency (clock cycles): 
    * Summary: 
    +-----+-----+-----+-----+----------+
    |  Latency  |  Interval | Pipeline |
    | min | max | min | max |   Type   |
    +-----+-----+-----+-----+----------+
    |    3|    3|    1|    1| function |
    +-----+-----+-----+-----+----------+

    + Detail: 
        * Instance: 
        N/A

        * Loop: 
        N/A



================================================================
== Utilization Estimates
================================================================
* Summary: 
+-----------------+---------+-------+--------+-------+-----+
|       Name      | BRAM_18K| DSP48E|   FF   |  LUT  | URAM|
+-----------------+---------+-------+--------+-------+-----+
|DSP              |        -|      9|       -|      -|    -|
|Expression       |        -|      -|       0|    103|    -|
|FIFO             |        -|      -|       -|      -|    -|
|Instance         |        -|      -|       -|      -|    -|
|Memory           |        -|      -|       -|      -|    -|
|Multiplexer      |        -|      -|       -|      9|    -|
|Register         |        -|      -|     865|      -|    -|
+-----------------+---------+-------+--------+-------+-----+
|Total            |        0|      9|     865|    112|    0|
+-----------------+---------+-------+--------+-------+-----+
|Available        |      280|    220|  106400|  53200|    0|
+-----------------+---------+-------+--------+-------+-----+
|Utilization (%)  |        0|      4|   ~0   |   ~0  |    0|
+-----------------+---------+-------+--------+-------+-----+

+ Detail: 
    * Instance: 
    N/A

    * DSP48E: 
    +-------------------------------------------------+---------------------------------------------+--------------+
    |                     Instance                    |                    Module                   |  Expression  |
    +-------------------------------------------------+---------------------------------------------+--------------+
    |yolo_conv_top_mac_muladd_16s_16s_32s_32_1_0_U10  |yolo_conv_top_mac_muladd_16s_16s_32s_32_1_0  | i0 + i1 * i2 |
    |yolo_conv_top_mac_muladd_16s_16s_32s_32_1_0_U11  |yolo_conv_top_mac_muladd_16s_16s_32s_32_1_0  | i0 + i1 * i2 |
    |yolo_conv_top_mac_muladd_16s_16s_32s_32_1_0_U12  |yolo_conv_top_mac_muladd_16s_16s_32s_32_1_0  | i0 + i1 * i2 |
    |yolo_conv_top_mac_muladd_16s_16s_32s_32_1_0_U13  |yolo_conv_top_mac_muladd_16s_16s_32s_32_1_0  | i0 + i1 * i2 |
    |yolo_conv_top_mac_muladd_16s_16s_32s_32_1_0_U14  |yolo_conv_top_mac_muladd_16s_16s_32s_32_1_0  | i0 + i1 * i2 |
    |yolo_conv_top_mul_mul_16s_16s_32_1_0_U6          |yolo_conv_top_mul_mul_16s_16s_32_1_0         |    i0 * i1   |
    |yolo_conv_top_mul_mul_16s_16s_32_1_0_U7          |yolo_conv_top_mul_mul_16s_16s_32_1_0         |    i0 * i1   |
    |yolo_conv_top_mul_mul_16s_16s_32_1_0_U8          |yolo_conv_top_mul_mul_16s_16s_32_1_0         |    i0 * i1   |
    |yolo_conv_top_mul_mul_16s_16s_32_1_0_U9          |yolo_conv_top_mul_mul_16s_16s_32_1_0         |    i0 * i1   |
    +-------------------------------------------------+---------------------------------------------+--------------+

    * Memory: 
    N/A

    * FIFO: 
    N/A

    * Expression: 
    +-----------------------+----------+-------+---+----+------------+------------+
    |     Variable Name     | Operation| DSP48E| FF| LUT| Bitwidth P0| Bitwidth P1|
    +-----------------------+----------+-------+---+----+------------+------------+
    |add_ln703_2_fu_212_p2  |     +    |      0|  0|  32|          32|          32|
    |add_ln703_6_fu_208_p2  |     +    |      0|  0|  39|          32|          32|
    |add_ln703_7_fu_216_p2  |     +    |      0|  0|  32|          32|          32|
    +-----------------------+----------+-------+---+----+------------+------------+
    |Total                  |          |      0|  0| 103|          96|          96|
    +-----------------------+----------+-------+---+----+------------+------------+

    * Multiplexer: 
    +-----------+----+-----------+-----+-----------+
    |    Name   | LUT| Input Size| Bits| Total Bits|
    +-----------+----+-----------+-----+-----------+
    |ap_return  |   9|          2|   32|         64|
    +-----------+----+-----------+-----+-----------+
    |Total      |   9|          2|   32|         64|
    +-----------+----+-----------+-----+-----------+

    * Register: 
    +-----------------------------------+----+----+-----+-----------+
    |                Name               | FF | LUT| Bits| Const Bits|
    +-----------------------------------+----+----+-----+-----------+
    |add_ln703_1_reg_356                |  32|   0|   32|          0|
    |add_ln703_1_reg_356_pp0_iter2_reg  |  32|   0|   32|          0|
    |add_ln703_3_reg_361                |  32|   0|   32|          0|
    |add_ln703_4_reg_366                |  32|   0|   32|          0|
    |add_ln703_6_reg_371                |  32|   0|   32|          0|
    |add_ln703_reg_351                  |  32|   0|   32|          0|
    |add_ln703_reg_351_pp0_iter2_reg    |  32|   0|   32|          0|
    |ap_ce_reg                          |   1|   0|    1|          0|
    |ap_return_int_reg                  |  32|   0|   32|          0|
    |mul_ln1118_1_reg_331               |  32|   0|   32|          0|
    |mul_ln1118_2_reg_336               |  32|   0|   32|          0|
    |mul_ln1118_4_reg_341               |  32|   0|   32|          0|
    |mul_ln1118_7_reg_346               |  32|   0|   32|          0|
    |p_read10_int_reg                   |  16|   0|   16|          0|
    |p_read11_int_reg                   |  16|   0|   16|          0|
    |p_read12_int_reg                   |  16|   0|   16|          0|
    |p_read13_int_reg                   |  16|   0|   16|          0|
    |p_read14_int_reg                   |  16|   0|   16|          0|
    |p_read15_int_reg                   |  16|   0|   16|          0|
    |p_read16_int_reg                   |  16|   0|   16|          0|
    |p_read17_int_reg                   |  16|   0|   16|          0|
    |p_read18_reg_326                   |  16|   0|   16|          0|
    |p_read1_int_reg                    |  16|   0|   16|          0|
    |p_read2_int_reg                    |  16|   0|   16|          0|
    |p_read3_int_reg                    |  16|   0|   16|          0|
    |p_read4_int_reg                    |  16|   0|   16|          0|
    |p_read5_int_reg                    |  16|   0|   16|          0|
    |p_read6_int_reg                    |  16|   0|   16|          0|
    |p_read7_int_reg                    |  16|   0|   16|          0|
    |p_read8_int_reg                    |  16|   0|   16|          0|
    |p_read9_int_reg                    |  16|   0|   16|          0|
    |p_read_10_reg_306                  |  16|   0|   16|          0|
    |p_read_12_reg_311                  |  16|   0|   16|          0|
    |p_read_12_reg_311_pp0_iter1_reg    |  16|   0|   16|          0|
    |p_read_13_reg_316                  |  16|   0|   16|          0|
    |p_read_15_reg_321                  |  16|   0|   16|          0|
    |p_read_1_reg_281                   |  16|   0|   16|          0|
    |p_read_3_reg_286                   |  16|   0|   16|          0|
    |p_read_3_reg_286_pp0_iter1_reg     |  16|   0|   16|          0|
    |p_read_4_reg_291                   |  16|   0|   16|          0|
    |p_read_6_reg_296                   |  16|   0|   16|          0|
    |p_read_9_reg_301                   |  16|   0|   16|          0|
    |p_read_int_reg                     |  16|   0|   16|          0|
    +-----------------------------------+----+----+-----+-----------+
    |Total                              | 865|   0|  865|          0|
    +-----------------------------------+----+----+-----+-----------+



================================================================
== Interface
================================================================
* Summary: 
+-----------+-----+-----+------------+--------------+--------------+
| RTL Ports | Dir | Bits|  Protocol  | Source Object|    C Type    |
+-----------+-----+-----+------------+--------------+--------------+
|ap_clk     |  in |    1| ap_ctrl_hs |  window_macc | return value |
|ap_rst     |  in |    1| ap_ctrl_hs |  window_macc | return value |
|ap_return  | out |   32| ap_ctrl_hs |  window_macc | return value |
|ap_ce      |  in |    1| ap_ctrl_hs |  window_macc | return value |
|p_read     |  in |   16|   ap_none  |    p_read    |    scalar    |
|p_read1    |  in |   16|   ap_none  |    p_read1   |    scalar    |
|p_read2    |  in |   16|   ap_none  |    p_read2   |    scalar    |
|p_read3    |  in |   16|   ap_none  |    p_read3   |    scalar    |
|p_read4    |  in |   16|   ap_none  |    p_read4   |    scalar    |
|p_read5    |  in |   16|   ap_none  |    p_read5   |    scalar    |
|p_read6    |  in |   16|   ap_none  |    p_read6   |    scalar    |
|p_read7    |  in |   16|   ap_none  |    p_read7   |    scalar    |
|p_read8    |  in |   16|   ap_none  |    p_read8   |    scalar    |
|p_read9    |  in |   16|   ap_none  |    p_read9   |    scalar    |
|p_read10   |  in |   16|   ap_none  |   p_read10   |    scalar    |
|p_read11   |  in |   16|   ap_none  |   p_read11   |    scalar    |
|p_read12   |  in |   16|   ap_none  |   p_read12   |    scalar    |
|p_read13   |  in |   16|   ap_none  |   p_read13   |    scalar    |
|p_read14   |  in |   16|   ap_none  |   p_read14   |    scalar    |
|p_read15   |  in |   16|   ap_none  |   p_read15   |    scalar    |
|p_read16   |  in |   16|   ap_none  |   p_read16   |    scalar    |
|p_read17   |  in |   16|   ap_none  |   p_read17   |    scalar    |
+-----------+-----+-----+------------+--------------+--------------+

