

================================================================
== Vivado HLS Report for 'window_macc'
================================================================
* Date:           Mon Jul 15 11:51:59 2019

* Version:        2019.1 (Build 2552052 on Fri May 24 15:28:33 MDT 2019)
* Project:        yolo_conv_fp_2019_64_rec
* Solution:       solution1
* Product family: zynq
* Target device:  xc7z020-clg484-1


================================================================
== Performance Estimates
================================================================
+ Timing (ns): 
    * Summary: 
    +--------+-------+----------+------------+
    |  Clock | Target| Estimated| Uncertainty|
    +--------+-------+----------+------------+
    |ap_clk  |  10.00|     7.493|        2.00|
    +--------+-------+----------+------------+

+ Latency (clock cycles): 
    * Summary: 
    +-----+-----+-----+-----+----------+
    |  Latency  |  Interval | Pipeline |
    | min | max | min | max |   Type   |
    +-----+-----+-----+-----+----------+
    |    7|    7|    1|    1| function |
    +-----+-----+-----+-----+----------+

    + Detail: 
        * Instance: 
        N/A

        * Loop: 
        N/A



================================================================
== Utilization Estimates
================================================================
* Summary: 
+-----------------+---------+-------+--------+-------+-----+
|       Name      | BRAM_18K| DSP48E|   FF   |  LUT  | URAM|
+-----------------+---------+-------+--------+-------+-----+
|DSP              |        -|      9|       -|      -|    -|
|Expression       |        -|      -|       0|   1644|    -|
|FIFO             |        -|      -|       -|      -|    -|
|Instance         |        -|      -|       -|      -|    -|
|Memory           |        -|      -|       -|      -|    -|
|Multiplexer      |        -|      -|       -|      9|    -|
|Register         |        0|      -|    1421|    192|    -|
+-----------------+---------+-------+--------+-------+-----+
|Total            |        0|      9|    1421|   1845|    0|
+-----------------+---------+-------+--------+-------+-----+
|Available        |      280|    220|  106400|  53200|    0|
+-----------------+---------+-------+--------+-------+-----+
|Utilization (%)  |        0|      4|       1|      3|    0|
+-----------------+---------+-------+--------+-------+-----+

+ Detail: 
    * Instance: 
    N/A

    * DSP48E: 
    +------------------------------------------+--------------------------------------+-----------+
    |                 Instance                 |                Module                | Expression|
    +------------------------------------------+--------------------------------------+-----------+
    |yolo_conv_top_mul_mul_16s_16s_32_1_0_U6   |yolo_conv_top_mul_mul_16s_16s_32_1_0  |  i0 * i1  |
    |yolo_conv_top_mul_mul_16s_16s_32_1_0_U7   |yolo_conv_top_mul_mul_16s_16s_32_1_0  |  i0 * i1  |
    |yolo_conv_top_mul_mul_16s_16s_32_1_0_U8   |yolo_conv_top_mul_mul_16s_16s_32_1_0  |  i0 * i1  |
    |yolo_conv_top_mul_mul_16s_16s_32_1_0_U9   |yolo_conv_top_mul_mul_16s_16s_32_1_0  |  i0 * i1  |
    |yolo_conv_top_mul_mul_16s_16s_32_1_0_U10  |yolo_conv_top_mul_mul_16s_16s_32_1_0  |  i0 * i1  |
    |yolo_conv_top_mul_mul_16s_16s_32_1_0_U11  |yolo_conv_top_mul_mul_16s_16s_32_1_0  |  i0 * i1  |
    |yolo_conv_top_mul_mul_16s_16s_32_1_0_U12  |yolo_conv_top_mul_mul_16s_16s_32_1_0  |  i0 * i1  |
    |yolo_conv_top_mul_mul_16s_16s_32_1_0_U13  |yolo_conv_top_mul_mul_16s_16s_32_1_0  |  i0 * i1  |
    |yolo_conv_top_mul_mul_16s_16s_32_1_0_U14  |yolo_conv_top_mul_mul_16s_16s_32_1_0  |  i0 * i1  |
    +------------------------------------------+--------------------------------------+-----------+

    * Memory: 
    N/A

    * FIFO: 
    N/A

    * Expression: 
    +-----------------------------+----------+-------+---+----+------------+------------+
    |        Variable Name        | Operation| DSP48E| FF| LUT| Bitwidth P0| Bitwidth P1|
    +-----------------------------+----------+-------+---+----+------------+------------+
    |add_ln1192_1_fu_309_p2       |     +    |      0|  0|  40|          33|          33|
    |add_ln1192_2_fu_395_p2       |     +    |      0|  0|  40|          33|          33|
    |add_ln1192_3_fu_494_p2       |     +    |      0|  0|  40|          33|          33|
    |add_ln1192_4_fu_581_p2       |     +    |      0|  0|  40|          33|          33|
    |add_ln1192_5_fu_667_p2       |     +    |      0|  0|  40|          33|          33|
    |add_ln1192_6_fu_766_p2       |     +    |      0|  0|  40|          33|          33|
    |add_ln1192_7_fu_853_p2       |     +    |      0|  0|  40|          33|          33|
    |add_ln1192_fu_222_p2         |     +    |      0|  0|  40|          33|          33|
    |add_ln703_1_fu_323_p2        |     +    |      0|  0|  39|          32|          32|
    |add_ln703_2_fu_409_p2        |     +    |      0|  0|  39|          32|          32|
    |add_ln703_3_fu_508_p2        |     +    |      0|  0|  39|          32|          32|
    |add_ln703_4_fu_595_p2        |     +    |      0|  0|  39|          32|          32|
    |add_ln703_5_fu_681_p2        |     +    |      0|  0|  39|          32|          32|
    |add_ln703_6_fu_780_p2        |     +    |      0|  0|  39|          32|          32|
    |add_ln703_7_fu_867_p2        |     +    |      0|  0|  39|          32|          32|
    |add_ln703_fu_236_p2          |     +    |      0|  0|  39|          32|          32|
    |p_Val2_1_fu_994_p2           |     +    |      0|  0|  23|          16|          16|
    |and_ln415_fu_984_p2          |    and   |      0|  0|   2|           1|           1|
    |and_ln779_fu_1080_p2         |    and   |      0|  0|   2|           1|           1|
    |and_ln781_fu_1105_p2         |    and   |      0|  0|   2|           1|           1|
    |and_ln786_1_fu_254_p2        |    and   |      0|  0|   2|           1|           1|
    |and_ln786_2_fu_347_p2        |    and   |      0|  0|   2|           1|           1|
    |and_ln786_3_fu_428_p2        |    and   |      0|  0|   2|           1|           1|
    |and_ln786_4_fu_526_p2        |    and   |      0|  0|   2|           1|           1|
    |and_ln786_5_fu_619_p2        |    and   |      0|  0|   2|           1|           1|
    |and_ln786_6_fu_700_p2        |    and   |      0|  0|   2|           1|           1|
    |and_ln786_7_fu_798_p2        |    and   |      0|  0|   2|           1|           1|
    |and_ln786_8_fu_885_p2        |    and   |      0|  0|   2|           1|           1|
    |and_ln786_fu_1094_p2         |    and   |      0|  0|   2|           1|           1|
    |carry_1_fu_1014_p2           |    and   |      0|  0|   2|           1|           1|
    |overflow_fu_1125_p2          |    and   |      0|  0|   2|           1|           1|
    |underflow_fu_1142_p2         |    and   |      0|  0|   2|           1|           1|
    |Range1_all_ones_fu_1054_p2   |   icmp   |      0|  0|  11|           8|           2|
    |Range1_all_zeros_fu_1060_p2  |   icmp   |      0|  0|  11|           8|           1|
    |Range2_all_ones_fu_1038_p2   |   icmp   |      0|  0|  11|           7|           2|
    |r_1_fu_956_p2                |   icmp   |      0|  0|  11|           7|           1|
    |or_ln340_10_fu_1158_p2       |    or    |      0|  0|   2|           1|           1|
    |or_ln340_1_fu_272_p2         |    or    |      0|  0|   2|           1|           1|
    |or_ln340_2_fu_361_p2         |    or    |      0|  0|   2|           1|           1|
    |or_ln340_3_fu_446_p2         |    or    |      0|  0|   2|           1|           1|
    |or_ln340_4_fu_544_p2         |    or    |      0|  0|   2|           1|           1|
    |or_ln340_5_fu_633_p2         |    or    |      0|  0|   2|           1|           1|
    |or_ln340_6_fu_718_p2         |    or    |      0|  0|   2|           1|           1|
    |or_ln340_7_fu_816_p2         |    or    |      0|  0|   2|           1|           1|
    |or_ln340_8_fu_899_p2         |    or    |      0|  0|   2|           1|           1|
    |or_ln340_9_fu_1153_p2        |    or    |      0|  0|   2|           1|           1|
    |or_ln340_fu_1147_p2          |    or    |      0|  0|   2|           1|           1|
    |or_ln785_fu_1115_p2          |    or    |      0|  0|   2|           1|           1|
    |or_ln786_fu_1131_p2          |    or    |      0|  0|   2|           1|           1|
    |r_fu_970_p2                  |    or    |      0|  0|   2|           1|           1|
    |deleted_ones_fu_1086_p3      |  select  |      0|  0|   2|           1|           1|
    |deleted_zeros_fu_1100_p3     |  select  |      0|  0|   2|           1|           1|
    |select_ln340_10_fu_380_p3    |  select  |      0|  0|  32|           1|          32|
    |select_ln340_11_fu_468_p3    |  select  |      0|  0|  32|           1|          32|
    |select_ln340_12_fu_566_p3    |  select  |      0|  0|  32|           1|          32|
    |select_ln340_13_fu_652_p3    |  select  |      0|  0|  32|           1|          32|
    |select_ln340_14_fu_740_p3    |  select  |      0|  0|  32|           1|          32|
    |select_ln340_15_fu_838_p3    |  select  |      0|  0|  32|           1|          32|
    |select_ln340_16_fu_918_p3    |  select  |      0|  0|  32|           1|          32|
    |select_ln340_17_fu_1178_p3   |  select  |      0|  0|  16|           1|          16|
    |select_ln340_1_fu_366_p3     |  select  |      0|  0|  32|           1|          31|
    |select_ln340_2_fu_452_p3     |  select  |      0|  0|  32|           1|          31|
    |select_ln340_3_fu_550_p3     |  select  |      0|  0|  32|           1|          31|
    |select_ln340_4_fu_638_p3     |  select  |      0|  0|  32|           1|          31|
    |select_ln340_5_fu_724_p3     |  select  |      0|  0|  32|           1|          31|
    |select_ln340_6_fu_822_p3     |  select  |      0|  0|  32|           1|          31|
    |select_ln340_7_fu_904_p3     |  select  |      0|  0|  32|           1|          31|
    |select_ln340_8_fu_1164_p3    |  select  |      0|  0|  16|           1|          15|
    |select_ln340_9_fu_294_p3     |  select  |      0|  0|  32|           1|          32|
    |select_ln340_fu_278_p3       |  select  |      0|  0|  32|           1|          31|
    |select_ln388_1_fu_373_p3     |  select  |      0|  0|  33|           1|          33|
    |select_ln388_2_fu_460_p3     |  select  |      0|  0|  33|           1|          33|
    |select_ln388_3_fu_558_p3     |  select  |      0|  0|  33|           1|          33|
    |select_ln388_4_fu_645_p3     |  select  |      0|  0|  33|           1|          33|
    |select_ln388_5_fu_732_p3     |  select  |      0|  0|  33|           1|          33|
    |select_ln388_6_fu_830_p3     |  select  |      0|  0|  33|           1|          33|
    |select_ln388_7_fu_911_p3     |  select  |      0|  0|  33|           1|          33|
    |select_ln388_8_fu_1171_p3    |  select  |      0|  0|  17|           1|          17|
    |select_ln388_fu_286_p3       |  select  |      0|  0|  33|           1|          33|
    |xor_ln340_10_fu_434_p2       |    xor   |      0|  0|   2|           1|           1|
    |xor_ln340_11_fu_532_p2       |    xor   |      0|  0|   2|           1|           1|
    |xor_ln340_12_fu_624_p2       |    xor   |      0|  0|   2|           1|           1|
    |xor_ln340_13_fu_706_p2       |    xor   |      0|  0|   2|           1|           1|
    |xor_ln340_14_fu_804_p2       |    xor   |      0|  0|   2|           1|           1|
    |xor_ln340_15_fu_890_p2       |    xor   |      0|  0|   2|           1|           1|
    |xor_ln340_1_fu_356_p2        |    xor   |      0|  0|   2|           1|           2|
    |xor_ln340_2_fu_440_p2        |    xor   |      0|  0|   2|           1|           2|
    |xor_ln340_3_fu_538_p2        |    xor   |      0|  0|   2|           1|           2|
    |xor_ln340_4_fu_628_p2        |    xor   |      0|  0|   2|           1|           2|
    |xor_ln340_5_fu_712_p2        |    xor   |      0|  0|   2|           1|           2|
    |xor_ln340_6_fu_810_p2        |    xor   |      0|  0|   2|           1|           2|
    |xor_ln340_7_fu_894_p2        |    xor   |      0|  0|   2|           1|           2|
    |xor_ln340_8_fu_260_p2        |    xor   |      0|  0|   2|           1|           1|
    |xor_ln340_9_fu_352_p2        |    xor   |      0|  0|   2|           1|           1|
    |xor_ln340_fu_266_p2          |    xor   |      0|  0|   2|           1|           2|
    |xor_ln416_fu_1008_p2         |    xor   |      0|  0|   2|           1|           2|
    |xor_ln779_fu_1074_p2         |    xor   |      0|  0|   2|           1|           2|
    |xor_ln785_1_fu_1120_p2       |    xor   |      0|  0|   2|           1|           2|
    |xor_ln785_fu_1109_p2         |    xor   |      0|  0|   2|           1|           2|
    |xor_ln786_1_fu_342_p2        |    xor   |      0|  0|   2|           1|           2|
    |xor_ln786_2_fu_422_p2        |    xor   |      0|  0|   2|           1|           2|
    |xor_ln786_3_fu_520_p2        |    xor   |      0|  0|   2|           1|           2|
    |xor_ln786_4_fu_614_p2        |    xor   |      0|  0|   2|           1|           2|
    |xor_ln786_5_fu_694_p2        |    xor   |      0|  0|   2|           1|           2|
    |xor_ln786_6_fu_792_p2        |    xor   |      0|  0|   2|           1|           2|
    |xor_ln786_7_fu_880_p2        |    xor   |      0|  0|   2|           1|           2|
    |xor_ln786_8_fu_1136_p2       |    xor   |      0|  0|   2|           1|           2|
    |xor_ln786_fu_248_p2          |    xor   |      0|  0|   2|           1|           2|
    +-----------------------------+----------+-------+---+----+------------+------------+
    |Total                        |          |      0|  0|1644|         653|        1439|
    +-----------------------------+----------+-------+---+----+------------+------------+

    * Multiplexer: 
    +-----------+----+-----------+-----+-----------+
    |    Name   | LUT| Input Size| Bits| Total Bits|
    +-----------+----+-----------+-----+-----------+
    |ap_return  |   9|          2|   16|         32|
    +-----------+----+-----------+-----+-----------+
    |Total      |   9|          2|   16|         32|
    +-----------+----+-----------+-----+-----------+

    * Register: 
    +----------------------------------+----+----+-----+-----------+
    |               Name               | FF | LUT| Bits| Const Bits|
    +----------------------------------+----+----+-----+-----------+
    |Range1_all_ones_reg_1449          |   1|   0|    1|          0|
    |Range1_all_zeros_reg_1455         |   1|   0|    1|          0|
    |add_ln703_1_reg_1325              |  32|   0|   32|          0|
    |add_ln703_4_reg_1369              |  32|   0|   32|          0|
    |add_ln703_7_reg_1413              |  32|   0|   32|          0|
    |and_ln786_reg_1460                |   1|   0|    1|          0|
    |ap_ce_reg                         |   1|   0|    1|          0|
    |ap_return_int_reg                 |  16|   0|   16|          0|
    |carry_1_reg_1438                  |   1|   0|    1|          0|
    |mul_ln1118_1_reg_1306             |  32|   0|   32|          0|
    |mul_ln1118_2_reg_1312             |  32|   0|   32|          0|
    |mul_ln1118_3_reg_1338             |  32|   0|   32|          0|
    |mul_ln1118_4_reg_1350             |  32|   0|   32|          0|
    |mul_ln1118_5_reg_1356             |  32|   0|   32|          0|
    |mul_ln1118_6_reg_1382             |  32|   0|   32|          0|
    |mul_ln1118_7_reg_1394             |  32|   0|   32|          0|
    |mul_ln1118_8_reg_1400             |  32|   0|   32|          0|
    |mul_ln1118_reg_1300               |  32|   0|   32|          0|
    |p_Result_3_reg_1444               |   1|   0|    1|          0|
    |p_Result_s_reg_1426               |   1|   0|    1|          0|
    |p_Val2_1_reg_1432                 |  16|   0|   16|          0|
    |p_read10_int_reg                  |  16|   0|   16|          0|
    |p_read11_int_reg                  |  16|   0|   16|          0|
    |p_read12_int_reg                  |  16|   0|   16|          0|
    |p_read13_int_reg                  |  16|   0|   16|          0|
    |p_read14_int_reg                  |  16|   0|   16|          0|
    |p_read15_int_reg                  |  16|   0|   16|          0|
    |p_read16_int_reg                  |  16|   0|   16|          0|
    |p_read17_int_reg                  |  16|   0|   16|          0|
    |p_read1_int_reg                   |  16|   0|   16|          0|
    |p_read2_int_reg                   |  16|   0|   16|          0|
    |p_read3_int_reg                   |  16|   0|   16|          0|
    |p_read4_int_reg                   |  16|   0|   16|          0|
    |p_read5_int_reg                   |  16|   0|   16|          0|
    |p_read6_int_reg                   |  16|   0|   16|          0|
    |p_read7_int_reg                   |  16|   0|   16|          0|
    |p_read8_int_reg                   |  16|   0|   16|          0|
    |p_read9_int_reg                   |  16|   0|   16|          0|
    |p_read_10_reg_1270                |  16|   0|   16|          0|
    |p_read_11_reg_1275                |  16|   0|   16|          0|
    |p_read_12_reg_1280                |  16|   0|   16|          0|
    |p_read_13_reg_1285                |  16|   0|   16|          0|
    |p_read_13_reg_1285_pp0_iter1_reg  |  16|   0|   16|          0|
    |p_read_14_reg_1290                |  16|   0|   16|          0|
    |p_read_14_reg_1290_pp0_iter1_reg  |  16|   0|   16|          0|
    |p_read_15_reg_1295                |  16|   0|   16|          0|
    |p_read_1_reg_1240                 |  16|   0|   16|          0|
    |p_read_2_reg_1245                 |  16|   0|   16|          0|
    |p_read_3_reg_1250                 |  16|   0|   16|          0|
    |p_read_4_reg_1255                 |  16|   0|   16|          0|
    |p_read_4_reg_1255_pp0_iter1_reg   |  16|   0|   16|          0|
    |p_read_5_reg_1260                 |  16|   0|   16|          0|
    |p_read_5_reg_1260_pp0_iter1_reg   |  16|   0|   16|          0|
    |p_read_6_reg_1265                 |  16|   0|   16|          0|
    |p_read_int_reg                    |  16|   0|   16|          0|
    |select_ln340_11_reg_1344          |  32|   0|   32|          0|
    |select_ln340_14_reg_1388          |  32|   0|   32|          0|
    |tmp_54_reg_1318                   |   1|   0|    1|          0|
    |tmp_55_reg_1331                   |   1|   0|    1|          0|
    |tmp_60_reg_1362                   |   1|   0|    1|          0|
    |tmp_61_reg_1375                   |   1|   0|    1|          0|
    |tmp_66_reg_1406                   |   1|   0|    1|          0|
    |tmp_67_reg_1419                   |   1|   0|    1|          0|
    |p_read_10_reg_1270                |  64|  32|   16|          0|
    |p_read_11_reg_1275                |  64|  32|   16|          0|
    |p_read_12_reg_1280                |  64|  32|   16|          0|
    |p_read_1_reg_1240                 |  64|  32|   16|          0|
    |p_read_2_reg_1245                 |  64|  32|   16|          0|
    |p_read_3_reg_1250                 |  64|  32|   16|          0|
    +----------------------------------+----+----+-----+-----------+
    |Total                             |1421| 192| 1133|          0|
    +----------------------------------+----+----+-----+-----------+



================================================================
== Interface
================================================================
* Summary: 
+-----------+-----+-----+------------+--------------+--------------+
| RTL Ports | Dir | Bits|  Protocol  | Source Object|    C Type    |
+-----------+-----+-----+------------+--------------+--------------+
|ap_clk     |  in |    1| ap_ctrl_hs |  window_macc | return value |
|ap_rst     |  in |    1| ap_ctrl_hs |  window_macc | return value |
|ap_return  | out |   16| ap_ctrl_hs |  window_macc | return value |
|ap_ce      |  in |    1| ap_ctrl_hs |  window_macc | return value |
|p_read     |  in |   16|   ap_none  |    p_read    |    scalar    |
|p_read1    |  in |   16|   ap_none  |    p_read1   |    scalar    |
|p_read2    |  in |   16|   ap_none  |    p_read2   |    scalar    |
|p_read3    |  in |   16|   ap_none  |    p_read3   |    scalar    |
|p_read4    |  in |   16|   ap_none  |    p_read4   |    scalar    |
|p_read5    |  in |   16|   ap_none  |    p_read5   |    scalar    |
|p_read6    |  in |   16|   ap_none  |    p_read6   |    scalar    |
|p_read7    |  in |   16|   ap_none  |    p_read7   |    scalar    |
|p_read8    |  in |   16|   ap_none  |    p_read8   |    scalar    |
|p_read9    |  in |   16|   ap_none  |    p_read9   |    scalar    |
|p_read10   |  in |   16|   ap_none  |   p_read10   |    scalar    |
|p_read11   |  in |   16|   ap_none  |   p_read11   |    scalar    |
|p_read12   |  in |   16|   ap_none  |   p_read12   |    scalar    |
|p_read13   |  in |   16|   ap_none  |   p_read13   |    scalar    |
|p_read14   |  in |   16|   ap_none  |   p_read14   |    scalar    |
|p_read15   |  in |   16|   ap_none  |   p_read15   |    scalar    |
|p_read16   |  in |   16|   ap_none  |   p_read16   |    scalar    |
|p_read17   |  in |   16|   ap_none  |   p_read17   |    scalar    |
+-----------+-----+-----+------------+--------------+--------------+

